Archive member included to satisfy reference by file (symbol)

Algorithm/AHRS.lib(ahrs.o)    build/IMU_updata.o (AHRS_init)
C:/Users/Godwin/13.2 Rel1/bin/../lib/gcc/arm-none-eabi/13.2.1/thumb/v7e-m+dp/hard\libc_nano.a(libc_a-exit.o)
                              C:/Users/Godwin/13.2 Rel1/bin/../lib/gcc/arm-none-eabi/13.2.1/thumb/v7e-m+dp/hard/crt0.o (exit)
C:/Users/Godwin/13.2 Rel1/bin/../lib/gcc/arm-none-eabi/13.2.1/thumb/v7e-m+dp/hard\libc_nano.a(libc_a-malloc.o)
                              build/fifo.o (malloc)
C:/Users/Godwin/13.2 Rel1/bin/../lib/gcc/arm-none-eabi/13.2.1/thumb/v7e-m+dp/hard\libc_nano.a(libc_a-mallocr.o)
                              C:/Users/Godwin/13.2 Rel1/bin/../lib/gcc/arm-none-eabi/13.2.1/thumb/v7e-m+dp/hard\libc_nano.a(libc_a-malloc.o) (_malloc_r)
C:/Users/Godwin/13.2 Rel1/bin/../lib/gcc/arm-none-eabi/13.2.1/thumb/v7e-m+dp/hard\libc_nano.a(libc_a-mlock.o)
                              C:/Users/Godwin/13.2 Rel1/bin/../lib/gcc/arm-none-eabi/13.2.1/thumb/v7e-m+dp/hard\libc_nano.a(libc_a-mallocr.o) (__malloc_lock)
C:/Users/Godwin/13.2 Rel1/bin/../lib/gcc/arm-none-eabi/13.2.1/thumb/v7e-m+dp/hard\libc_nano.a(libc_a-nano-vfprintf_float.o)
                              (_printf_float)
C:/Users/Godwin/13.2 Rel1/bin/../lib/gcc/arm-none-eabi/13.2.1/thumb/v7e-m+dp/hard\libc_nano.a(libc_a-nano-vfprintf_i.o)
                              C:/Users/Godwin/13.2 Rel1/bin/../lib/gcc/arm-none-eabi/13.2.1/thumb/v7e-m+dp/hard\libc_nano.a(libc_a-nano-vfprintf_float.o) (_printf_common)
C:/Users/Godwin/13.2 Rel1/bin/../lib/gcc/arm-none-eabi/13.2.1/thumb/v7e-m+dp/hard\libc_nano.a(libc_a-findfp.o)
                              C:/Users/Godwin/13.2 Rel1/bin/../lib/gcc/arm-none-eabi/13.2.1/thumb/v7e-m+dp/hard\libc_nano.a(libc_a-exit.o) (__stdio_exit_handler)
C:/Users/Godwin/13.2 Rel1/bin/../lib/gcc/arm-none-eabi/13.2.1/thumb/v7e-m+dp/hard\libc_nano.a(libc_a-fwalk.o)
                              C:/Users/Godwin/13.2 Rel1/bin/../lib/gcc/arm-none-eabi/13.2.1/thumb/v7e-m+dp/hard\libc_nano.a(libc_a-findfp.o) (_fwalk_sglue)
C:/Users/Godwin/13.2 Rel1/bin/../lib/gcc/arm-none-eabi/13.2.1/thumb/v7e-m+dp/hard\libc_nano.a(libc_a-puts.o)
                              build/CAN_receive_send.o (puts)
C:/Users/Godwin/13.2 Rel1/bin/../lib/gcc/arm-none-eabi/13.2.1/thumb/v7e-m+dp/hard\libc_nano.a(libc_a-stdio.o)
                              C:/Users/Godwin/13.2 Rel1/bin/../lib/gcc/arm-none-eabi/13.2.1/thumb/v7e-m+dp/hard\libc_nano.a(libc_a-findfp.o) (__sread)
C:/Users/Godwin/13.2 Rel1/bin/../lib/gcc/arm-none-eabi/13.2.1/thumb/v7e-m+dp/hard\libc_nano.a(libc_a-wbuf.o)
                              C:/Users/Godwin/13.2 Rel1/bin/../lib/gcc/arm-none-eabi/13.2.1/thumb/v7e-m+dp/hard\libc_nano.a(libc_a-puts.o) (__swbuf_r)
C:/Users/Godwin/13.2 Rel1/bin/../lib/gcc/arm-none-eabi/13.2.1/thumb/v7e-m+dp/hard\libc_nano.a(libc_a-wsetup.o)
                              C:/Users/Godwin/13.2 Rel1/bin/../lib/gcc/arm-none-eabi/13.2.1/thumb/v7e-m+dp/hard\libc_nano.a(libc_a-puts.o) (__swsetup_r)
C:/Users/Godwin/13.2 Rel1/bin/../lib/gcc/arm-none-eabi/13.2.1/thumb/v7e-m+dp/hard\libc_nano.a(libc_a-memset.o)
                              C:/Users/Godwin/13.2 Rel1/bin/../lib/gcc/arm-none-eabi/13.2.1/thumb/v7e-m+dp/hard/crt0.o (memset)
C:/Users/Godwin/13.2 Rel1/bin/../lib/gcc/arm-none-eabi/13.2.1/thumb/v7e-m+dp/hard\libc_nano.a(libc_a-localeconv.o)
                              C:/Users/Godwin/13.2 Rel1/bin/../lib/gcc/arm-none-eabi/13.2.1/thumb/v7e-m+dp/hard\libc_nano.a(libc_a-nano-vfprintf_float.o) (_localeconv_r)
C:/Users/Godwin/13.2 Rel1/bin/../lib/gcc/arm-none-eabi/13.2.1/thumb/v7e-m+dp/hard\libc_nano.a(libc_a-closer.o)
                              C:/Users/Godwin/13.2 Rel1/bin/../lib/gcc/arm-none-eabi/13.2.1/thumb/v7e-m+dp/hard\libc_nano.a(libc_a-stdio.o) (_close_r)
C:/Users/Godwin/13.2 Rel1/bin/../lib/gcc/arm-none-eabi/13.2.1/thumb/v7e-m+dp/hard\libc_nano.a(libc_a-reent.o)
                              C:/Users/Godwin/13.2 Rel1/bin/../lib/gcc/arm-none-eabi/13.2.1/thumb/v7e-m+dp/hard\libc_nano.a(libc_a-closer.o) (errno)
C:/Users/Godwin/13.2 Rel1/bin/../lib/gcc/arm-none-eabi/13.2.1/thumb/v7e-m+dp/hard\libc_nano.a(libc_a-impure.o)
                              C:/Users/Godwin/13.2 Rel1/bin/../lib/gcc/arm-none-eabi/13.2.1/thumb/v7e-m+dp/hard\libc_nano.a(libc_a-malloc.o) (_impure_ptr)
C:/Users/Godwin/13.2 Rel1/bin/../lib/gcc/arm-none-eabi/13.2.1/thumb/v7e-m+dp/hard\libc_nano.a(libc_a-lseekr.o)
                              C:/Users/Godwin/13.2 Rel1/bin/../lib/gcc/arm-none-eabi/13.2.1/thumb/v7e-m+dp/hard\libc_nano.a(libc_a-stdio.o) (_lseek_r)
C:/Users/Godwin/13.2 Rel1/bin/../lib/gcc/arm-none-eabi/13.2.1/thumb/v7e-m+dp/hard\libc_nano.a(libc_a-readr.o)
                              C:/Users/Godwin/13.2 Rel1/bin/../lib/gcc/arm-none-eabi/13.2.1/thumb/v7e-m+dp/hard\libc_nano.a(libc_a-stdio.o) (_read_r)
C:/Users/Godwin/13.2 Rel1/bin/../lib/gcc/arm-none-eabi/13.2.1/thumb/v7e-m+dp/hard\libc_nano.a(libc_a-sbrkr.o)
[...]
Memory Configuration

Name             Origin             Length             Attributes
RAM              0x24000000         0x00020000         xrw
RAM_D2           0x30000000         0x00008000         xrw
RAM_D3           0x38000000         0x00004000         xrw
ITCMRAM          0x00000000         0x00010000         xrw
FLASH            0x08000000         0x00100000         xr
DTCMRAM          0x20000000         0x00020000         xrw
*default*        0x00000000         0xffffffff

Linker script and memory map

LOAD C:/Users/Godwin/13.2 Rel1/bin/../lib/gcc/arm-none-eabi/13.2.1/thumb/v7e-m+dp/hard/crti.o
LOAD C:/Users/Godwin/13.2 Rel1/bin/../lib/gcc/arm-none-eabi/13.2.1/thumb/v7e-m+dp/hard/crtbegin.o
LOAD C:/Users/Godwin/13.2 Rel1/bin/../lib/gcc/arm-none-eabi/13.2.1/thumb/v7e-m+dp/hard/crt0.o
LOAD build/main.o
LOAD build/iwdg.o
LOAD build/stm32h7xx_it.o
LOAD build/stm32h7xx_hal_msp.o
LOAD build/stm32h7xx_hal_timebase_tim.o
LOAD build/usb_device.o
LOAD build/usbd_desc.o
LOAD build/usbd_cdc_if.o
LOAD build/usbd_conf.o
LOAD build/stm32h7xx_hal_pcd.o
LOAD build/stm32h7xx_hal_pcd_ex.o
LOAD build/stm32h7xx_ll_usb.o
LOAD build/stm32h7xx_hal_rcc.o
LOAD build/stm32h7xx_hal_rcc_ex.o
LOAD build/stm32h7xx_hal_flash.o
LOAD build/stm32h7xx_hal_flash_ex.o
LOAD build/stm32h7xx_hal_gpio.o
LOAD build/stm32h7xx_hal_hsem.o
LOAD build/stm32h7xx_hal_dma.o
LOAD build/stm32h7xx_hal_dma_ex.o
LOAD build/stm32h7xx_hal_mdma.o
LOAD build/stm32h7xx_hal_pwr.o
LOAD build/stm32h7xx_hal_pwr_ex.o
LOAD build/stm32h7xx_hal_cortex.o
LOAD build/stm32h7xx_hal.o
LOAD build/stm32h7xx_hal_i2c.o
LOAD build/stm32h7xx_hal_i2c_ex.o
LOAD build/stm32h7xx_hal_exti.o
LOAD build/stm32h7xx_hal_fdcan.o
LOAD build/stm32h7xx_hal_spi.o
LOAD build/stm32h7xx_hal_spi_ex.o
LOAD build/stm32h7xx_hal_tim.o
LOAD build/stm32h7xx_hal_tim_ex.o
LOAD build/stm32h7xx_hal_uart.o
LOAD build/stm32h7xx_hal_uart_ex.o
LOAD build/stm32h7xx_hal_iwdg.o
LOAD build/system_stm32h7xx.o
LOAD build/usbd_core.o
LOAD build/usbd_ctlreq.o
LOAD build/usbd_ioreq.o
LOAD build/usbd_cdc.o
LOAD build/freertos.o
LOAD build/croutine.o
LOAD build/event_groups.o
LOAD build/list.o
LOAD build/queue.o
LOAD build/stream_buffer.o
LOAD build/tasks.o
LOAD build/timers.o
LOAD build/cmsis_os2.o
LOAD build/heap_4.o
LOAD build/port.o
LOAD build/sysmem.o
LOAD build/syscalls.o
LOAD build/gpio.o
LOAD build/dma.o
LOAD build/fdcan.o
LOAD build/spi.o
LOAD build/tim.o
LOAD build/usart.o
LOAD build/BMI088driver.o
LOAD build/BMI088Middleware.o
LOAD build/ws2812.o
LOAD build/AHRS_middleware.o
LOAD build/CRC8_CRC16.o
LOAD build/fifo.o
LOAD build/Kalman_Filter_c.o
LOAD build/madgwick.o
LOAD build/MahonyAHRS.o
LOAD build/pid.o
LOAD build/ramp_generator.o
LOAD build/UART_data_txrx.o
LOAD build/CAN_receive_send.o
LOAD build/Stm32_time.o
LOAD build/dm4310_drv.o
LOAD build/Robstride04.o
LOAD build/LZ_motor_driver.o
LOAD build/arm.o
LOAD build/IMU_updata.o
LOAD build/Sbus.o
LOAD build/LED.o
LOAD build/buzzer.o
LOAD build/crc_ccitt.o
LOAD build/gom_protocol.o
LOAD build/remote_control.o
LOAD build/USB_VirCom.o
LOAD build/music.o
LOAD build/startup_stm32h723xx.o
LOAD Algorithm/AHRS.lib
LOAD C:/Users/Godwin/13.2 Rel1/bin/../lib/gcc/arm-none-eabi/13.2.1/thumb/v7e-m+dp/hard\libc_nano.a
LOAD C:/Users/Godwin/13.2 Rel1/bin/../lib/gcc/arm-none-eabi/13.2.1/thumb/v7e-m+dp/hard\libm.a
LOAD C:/Users/Godwin/13.2 Rel1/bin/../lib/gcc/arm-none-eabi/13.2.1/thumb/v7e-m+dp/hard\libnosys.a
LOAD C:/Users/Godwin/13.2 Rel1/bin/../lib/gcc/arm-none-eabi/13.2.1/thumb/v7e-m+dp/hard\libc_nano.a
LOAD C:/Users/Godwin/13.2 Rel1/bin/../lib/gcc/arm-none-eabi/13.2.1/thumb/v7e-m+dp/hard\librdimon_nano.a
START GROUP
LOAD C:/Users/Godwin/13.2 Rel1/bin/../lib/gcc/arm-none-eabi/13.2.1/thumb/v7e-m+dp/hard\libgcc.a
LOAD C:/Users/Godwin/13.2 Rel1/bin/../lib/gcc/arm-none-eabi/13.2.1/thumb/v7e-m+dp/hard\libc_nano.a
END GROUP
START GROUP
LOAD C:/Users/Godwin/13.2 Rel1/bin/../lib/gcc/arm-none-eabi/13.2.1/thumb/v7e-m+dp/hard\libgcc.a
LOAD C:/Users/Godwin/13.2 Rel1/bin/../lib/gcc/arm-none-eabi/13.2.1/thumb/v7e-m+dp/hard\libc_nano.a
END GROUP
LOAD C:/Users/Godwin/13.2 Rel1/bin/../lib/gcc/arm-none-eabi/13.2.1/thumb/v7e-m+dp/hard/crtend.o
LOAD C:/Users/Godwin/13.2 Rel1/bin/../lib/gcc/arm-none-eabi/13.2.1/thumb/v7e-m+dp/hard/crtn.o
                0x24020000                        _estack = (ORIGIN (RAM) + LENGTH (RAM))
                0x00000200                        _Min_Heap_Size = 0x200
                0x00000400                        _Min_Stack_Size = 0x400

.isr_vector     0x08000000      0x2cc
                0x08000000                        . = ALIGN (0x4)
 *(.isr_vector)
 .isr_vector    0x08000000      0x2cc build/startup_stm32h723xx.o
                0x08000000                g_pfnVectors
                0x080002cc                        . = ALIGN (0x4)

.text           0x080002d0    0x1e4e4
                0x080002d0                        . = ALIGN (0x4)
 *(.text)
 .text          0x080002d0       0xa0 C:/Users/Godwin/13.2 Rel1/bin/../lib/gcc/arm-none-eabi/13.2.1/thumb/v7e-m+dp/hard\libc_nano.a(libc_a-memchr.o)
                0x080002d0                memchr
 .text          0x08000370       0x10 C:/Users/Godwin/13.2 Rel1/bin/../lib/gcc/arm-none-eabi/13.2.1/thumb/v7e-m+dp/hard\libc_nano.a(libc_a-strlen.o)
                0x08000370                strlen
 .text          0x08000380       0x9a C:/Users/Godwin/13.2 Rel1/bin/../lib/gcc/arm-none-eabi/13.2.1/thumb/v7e-m+dp/hard\libc_nano.a(libc_a-aeabi_memset-soft.o)
                0x08000380                __aeabi_memset8
                0x08000380                __aeabi_memset4
                0x08000380                __aeabi_memset
 *fill*         0x0800041a        0x2 
 .text          0x0800041c       0x30 C:/Users/Godwin/13.2 Rel1/bin/../lib/gcc/arm-none-eabi/13.2.1/thumb/v7e-m+dp/hard\libgcc.a(_aeabi_uldivmod.o)
                0x0800041c                __aeabi_uldivmod
 .text          0x0800044c        0x4 C:/Users/Godwin/13.2 Rel1/bin/../lib/gcc/arm-none-eabi/13.2.1/thumb/v7e-m+dp/hard\libgcc.a(_dvmd_tls.o)
                0x0800044c                __aeabi_idiv0
                0x0800044c                __aeabi_ldiv0
 *(.text*)
 .text.deregister_tm_clones
                0x08000450       0x1c C:/Users/Godwin/13.2 Rel1/bin/../lib/gcc/arm-none-eabi/13.2.1/thumb/v7e-m+dp/hard/crtbegin.o
 .text.register_tm_clones
                0x0800046c       0x24 C:/Users/Godwin/13.2 Rel1/bin/../lib/gcc/arm-none-eabi/13.2.1/thumb/v7e-m+dp/hard/crtbegin.o
 .text.__do_global_dtors_aux
                0x08000490       0x28 C:/Users/Godwin/13.2 Rel1/bin/../lib/gcc/arm-none-eabi/13.2.1/thumb/v7e-m+dp/hard/crtbegin.o
 .text.frame_dummy
                0x080004b8       0x24 C:/Users/Godwin/13.2 Rel1/bin/../lib/gcc/arm-none-eabi/13.2.1/thumb/v7e-m+dp/hard/crtbegin.o
 .text.main     0x080004dc       0x90 build/main.o
                0x080004dc                main
 .text.SystemClock_Config
                0x0800056c      0x104 build/main.o
                0x0800056c                SystemClock_Config
 .text.MPU_Config
                0x08000670       0xa0 build/main.o
 .text.HAL_TIM_PeriodElapsedCallback
                0x08000710       0x54 build/main.o
                0x08000710                HAL_TIM_PeriodElapsedCallback
 .text.Error_Handler
                0x08000764        0xc build/main.o
                0x08000764                Error_Handler
 .text.MX_IWDG1_Init
                0x08000770       0x3c build/iwdg.o
                0x08000770                MX_IWDG1_Init
 .text.NMI_Handler
                0x080007ac        0x8 build/stm32h7xx_it.o
                0x080007ac                NMI_Handler
 .text.HardFault_Handler
                0x080007b4        0x8 build/stm32h7xx_it.o
                0x080007b4                HardFault_Handler
 .text.MemManage_Handler
                0x080007bc        0x8 build/stm32h7xx_it.o
                0x080007bc                MemManage_Handler
 .text.BusFault_Handler
                0x080007c4        0x8 build/stm32h7xx_it.o
                0x080007c4                BusFault_Handler
 .text.UsageFault_Handler
                0x080007cc        0x8 build/stm32h7xx_it.o
                0x080007cc                UsageFault_Handler
 .text.DebugMon_Handler
                0x080007d4        0xe build/stm32h7xx_it.o
                0x080007d4                DebugMon_Handler
 *fill*         0x080007e2        0x2 
 .text.DMA1_Stream0_IRQHandler
                0x080007e4       0x14 build/stm32h7xx_it.o
                0x080007e4                DMA1_Stream0_IRQHandler
 .text.DMA1_Stream1_IRQHandler
                0x080007f8       0x14 build/stm32h7xx_it.o
                0x080007f8                DMA1_Stream1_IRQHandler
 .text.DMA1_Stream2_IRQHandler
                0x0800080c       0x14 build/stm32h7xx_it.o
                0x0800080c                DMA1_Stream2_IRQHandler
 .text.DMA1_Stream3_IRQHandler
                0x08000820       0x14 build/stm32h7xx_it.o
                0x08000820                DMA1_Stream3_IRQHandler
 .text.DMA1_Stream4_IRQHandler
                0x08000834       0x14 build/stm32h7xx_it.o
                0x08000834                DMA1_Stream4_IRQHandler
 .text.DMA1_Stream5_IRQHandler
                0x08000848       0x14 build/stm32h7xx_it.o
                0x08000848                DMA1_Stream5_IRQHandler
 .text.DMA1_Stream6_IRQHandler
                0x0800085c       0x14 build/stm32h7xx_it.o
                0x0800085c                DMA1_Stream6_IRQHandler
 .text.FDCAN1_IT0_IRQHandler
                0x08000870       0x14 build/stm32h7xx_it.o
                0x08000870                FDCAN1_IT0_IRQHandler
 .text.FDCAN2_IT0_IRQHandler
                0x08000884       0x14 build/stm32h7xx_it.o
                0x08000884                FDCAN2_IT0_IRQHandler
 .text.FDCAN1_IT1_IRQHandler
                0x08000898       0x14 build/stm32h7xx_it.o
                0x08000898                FDCAN1_IT1_IRQHandler
 .text.FDCAN2_IT1_IRQHandler
                0x080008ac       0x14 build/stm32h7xx_it.o
                0x080008ac                FDCAN2_IT1_IRQHandler
 .text.SPI2_IRQHandler
                0x080008c0       0x14 build/stm32h7xx_it.o
                0x080008c0                SPI2_IRQHandler
 .text.USART1_IRQHandler
                0x080008d4       0x14 build/stm32h7xx_it.o
                0x080008d4                USART1_IRQHandler
 .text.USART3_IRQHandler
                0x080008e8       0x14 build/stm32h7xx_it.o
                0x080008e8                USART3_IRQHandler
 .text.TIM8_BRK_TIM12_IRQHandler
                0x080008fc       0x14 build/stm32h7xx_it.o
                0x080008fc                TIM8_BRK_TIM12_IRQHandler
 .text.TIM8_UP_TIM13_IRQHandler
                0x08000910       0x14 build/stm32h7xx_it.o
                0x08000910                TIM8_UP_TIM13_IRQHandler
 .text.TIM8_TRG_COM_TIM14_IRQHandler
                0x08000924       0x14 build/stm32h7xx_it.o
                0x08000924                TIM8_TRG_COM_TIM14_IRQHandler
 .text.DMA1_Stream7_IRQHandler
                0x08000938       0x14 build/stm32h7xx_it.o
                0x08000938                DMA1_Stream7_IRQHandler
 .text.UART5_IRQHandler
                0x0800094c       0x14 build/stm32h7xx_it.o
                0x0800094c                UART5_IRQHandler
 .text.DMA2_Stream0_IRQHandler
                0x08000960       0x14 build/stm32h7xx_it.o
                0x08000960                DMA2_Stream0_IRQHandler
 .text.DMA2_Stream3_IRQHandler
                0x08000974       0x14 build/stm32h7xx_it.o
                0x08000974                DMA2_Stream3_IRQHandler
 .text.DMA2_Stream4_IRQHandler
                0x08000988       0x14 build/stm32h7xx_it.o
                0x08000988                DMA2_Stream4_IRQHandler
 .text.OTG_HS_IRQHandler
                0x0800099c       0x14 build/stm32h7xx_it.o
                0x0800099c                OTG_HS_IRQHandler
 .text.UART7_IRQHandler
                0x080009b0       0x14 build/stm32h7xx_it.o
                0x080009b0                UART7_IRQHandler
 .text.USART10_IRQHandler
                0x080009c4       0x14 build/stm32h7xx_it.o
                0x080009c4                USART10_IRQHandler
 .text.FDCAN3_IT0_IRQHandler
                0x080009d8       0x14 build/stm32h7xx_it.o
                0x080009d8                FDCAN3_IT0_IRQHandler
 .text.FDCAN3_IT1_IRQHandler
                0x080009ec       0x14 build/stm32h7xx_it.o
                0x080009ec                FDCAN3_IT1_IRQHandler
 .text.TIM23_IRQHandler
                0x08000a00       0x14 build/stm32h7xx_it.o
                0x08000a00                TIM23_IRQHandler
 .text.HAL_MspInit
                0x08000a14       0x3c build/stm32h7xx_hal_msp.o
                0x08000a14                HAL_MspInit
 .text.HAL_InitTick
                0x08000a50       0xc4 build/stm32h7xx_hal_timebase_tim.o
                0x08000a50                HAL_InitTick
 .text.MX_USB_DEVICE_Init
                0x08000b14       0x64 build/usb_device.o
                0x08000b14                MX_USB_DEVICE_Init
 .text.USBD_HS_DeviceDescriptor
                0x08000b78       0x24 build/usbd_desc.o
                0x08000b78                USBD_HS_DeviceDescriptor
 .text.USBD_HS_LangIDStrDescriptor
                0x08000b9c       0x24 build/usbd_desc.o
                0x08000b9c                USBD_HS_LangIDStrDescriptor
 .text.USBD_HS_ProductStrDescriptor
                0x08000bc0       0x3c build/usbd_desc.o
                0x08000bc0                USBD_HS_ProductStrDescriptor
 .text.USBD_HS_ManufacturerStrDescriptor
                0x08000bfc       0x28 build/usbd_desc.o
                0x08000bfc                USBD_HS_ManufacturerStrDescriptor
 .text.USBD_HS_SerialStrDescriptor
                0x08000c24       0x24 build/usbd_desc.o
                0x08000c24                USBD_HS_SerialStrDescriptor
 .text.USBD_HS_ConfigStrDescriptor
                0x08000c48       0x3c build/usbd_desc.o
                0x08000c48                USBD_HS_ConfigStrDescriptor
 .text.USBD_HS_InterfaceStrDescriptor
                0x08000c84       0x3c build/usbd_desc.o
                0x08000c84                USBD_HS_InterfaceStrDescriptor
 .text.Get_SerialNum
                0x08000cc0       0x58 build/usbd_desc.o
 .text.IntToUnicode
                0x08000d18       0x7e build/usbd_desc.o
 *fill*         0x08000d96        0x2 
 .text.CDC_Init_HS
                0x08000d98       0x3c build/usbd_cdc_if.o
 .text.CDC_DeInit_HS
                0x08000dd4       0x10 build/usbd_cdc_if.o
 .text.CDC_Control_HS
                0x08000de4       0xbc build/usbd_cdc_if.o
 .text.CDC_Receive_HS
                0x08000ea0       0x34 build/usbd_cdc_if.o
 .text.CDC_Transmit_HS
                0x08000ed4       0x4c build/usbd_cdc_if.o
                0x08000ed4                CDC_Transmit_HS
 .text.CDC_TransmitCplt_HS
                0x08000f20       0x4c build/usbd_cdc_if.o
 .text.HAL_PCD_MspInit
                0x08000f6c       0x8c build/usbd_conf.o
                0x08000f6c                HAL_PCD_MspInit
 .text.HAL_PCD_SetupStageCallback
                0x08000ff8       0x24 build/usbd_conf.o
                0x08000ff8                HAL_PCD_SetupStageCallback
 .text.HAL_PCD_DataOutStageCallback
                0x0800101c       0x36 build/usbd_conf.o
                0x0800101c                HAL_PCD_DataOutStageCallback
 .text.HAL_PCD_DataInStageCallback
                0x08001052       0x34 build/usbd_conf.o
                0x08001052                HAL_PCD_DataInStageCallback
 .text.HAL_PCD_SOFCallback
                0x08001086       0x1c build/usbd_conf.o
                0x08001086                HAL_PCD_SOFCallback
 .text.HAL_PCD_ResetCallback
                0x080010a2       0x50 build/usbd_conf.o
                0x080010a2                HAL_PCD_ResetCallback
 *fill*         0x080010f2        0x2 
 .text.HAL_PCD_SuspendCallback
                0x080010f4       0x4c build/usbd_conf.o
                0x080010f4                HAL_PCD_SuspendCallback
 .text.HAL_PCD_ResumeCallback
                0x08001140       0x1c build/usbd_conf.o
                0x08001140                HAL_PCD_ResumeCallback
 .text.HAL_PCD_ISOOUTIncompleteCallback
                0x0800115c       0x24 build/usbd_conf.o
                0x0800115c                HAL_PCD_ISOOUTIncompleteCallback
 .text.HAL_PCD_ISOINIncompleteCallback
                0x08001180       0x24 build/usbd_conf.o
                0x08001180                HAL_PCD_ISOINIncompleteCallback
 .text.HAL_PCD_ConnectCallback
                0x080011a4       0x1c build/usbd_conf.o
                0x080011a4                HAL_PCD_ConnectCallback
 .text.HAL_PCD_DisconnectCallback
                0x080011c0       0x1c build/usbd_conf.o
                0x080011c0                HAL_PCD_DisconnectCallback
 .text.USBD_LL_Init
                0x080011dc       0xa4 build/usbd_conf.o
                0x080011dc                USBD_LL_Init
 .text.USBD_LL_Start
                0x08001280       0x36 build/usbd_conf.o
                0x08001280                USBD_LL_Start
 .text.USBD_LL_OpenEP
                0x080012b6       0x4c build/usbd_conf.o
                0x080012b6                USBD_LL_OpenEP
 .text.USBD_LL_CloseEP
                0x08001302       0x3e build/usbd_conf.o
                0x08001302                USBD_LL_CloseEP
 .text.USBD_LL_StallEP
                0x08001340       0x3e build/usbd_conf.o
                0x08001340                USBD_LL_StallEP
 .text.USBD_LL_ClearStallEP
                0x0800137e       0x3e build/usbd_conf.o
                0x0800137e                USBD_LL_ClearStallEP
 .text.USBD_LL_IsStallEP
                0x080013bc       0x58 build/usbd_conf.o
                0x080013bc                USBD_LL_IsStallEP
 .text.USBD_LL_SetUSBAddress
                0x08001414       0x3e build/usbd_conf.o
                0x08001414                USBD_LL_SetUSBAddress
 .text.USBD_LL_Transmit
                0x08001452       0x42 build/usbd_conf.o
                0x08001452                USBD_LL_Transmit
 .text.USBD_LL_PrepareReceive
                0x08001494       0x42 build/usbd_conf.o
                0x08001494                USBD_LL_PrepareReceive
 .text.USBD_LL_GetRxDataSize
                0x080014d6       0x26 build/usbd_conf.o
                0x080014d6                USBD_LL_GetRxDataSize
 .text.USBD_static_malloc
                0x080014fc       0x1c build/usbd_conf.o
                0x080014fc                USBD_static_malloc
 .text.USBD_static_free
                0x08001518       0x14 build/usbd_conf.o
                0x08001518                USBD_static_free
 .text.USBD_Get_USB_Status
                0x0800152c       0x58 build/usbd_conf.o
                0x0800152c                USBD_Get_USB_Status
 .text.HAL_PCD_Init
                0x08001584      0x218 build/stm32h7xx_hal_pcd.o
                0x08001584                HAL_PCD_Init
 .text.HAL_PCD_Start
                0x0800179c       0x6a build/stm32h7xx_hal_pcd.o
                0x0800179c                HAL_PCD_Start
 .text.HAL_PCD_IRQHandler
                0x08001806      0x99c build/stm32h7xx_hal_pcd.o
                0x08001806                HAL_PCD_IRQHandler
 .text.HAL_PCD_SetAddress
                0x080021a2       0x48 build/stm32h7xx_hal_pcd.o
                0x080021a2                HAL_PCD_SetAddress
 .text.HAL_PCD_EP_Open
                0x080021ea       0xd4 build/stm32h7xx_hal_pcd.o
                0x080021ea                HAL_PCD_EP_Open
 .text.HAL_PCD_EP_Close
                0x080022be       0x94 build/stm32h7xx_hal_pcd.o
                0x080022be                HAL_PCD_EP_Close
 .text.HAL_PCD_EP_Receive
                0x08002352       0x76 build/stm32h7xx_hal_pcd.o
                0x08002352                HAL_PCD_EP_Receive
 .text.HAL_PCD_EP_GetRxCount
                0x080023c8       0x30 build/stm32h7xx_hal_pcd.o
                0x080023c8                HAL_PCD_EP_GetRxCount
 .text.HAL_PCD_EP_Transmit
                0x080023f8       0x74 build/stm32h7xx_hal_pcd.o
                0x080023f8                HAL_PCD_EP_Transmit
 .text.HAL_PCD_EP_SetStall
                0x0800246c       0xc6 build/stm32h7xx_hal_pcd.o
                0x0800246c                HAL_PCD_EP_SetStall
 .text.HAL_PCD_EP_ClrStall
                0x08002532       0xac build/stm32h7xx_hal_pcd.o
                0x08002532                HAL_PCD_EP_ClrStall
 .text.HAL_PCD_EP_Abort
                0x080025de       0x62 build/stm32h7xx_hal_pcd.o
                0x080025de                HAL_PCD_EP_Abort
 .text.PCD_WriteEmptyTxFifo
                0x08002640      0x118 build/stm32h7xx_hal_pcd.o
 .text.PCD_EP_OutXfrComplete_int
                0x08002758      0x1d0 build/stm32h7xx_hal_pcd.o
 .text.PCD_EP_OutSetupPacket_int
                0x08002928       0x8c build/stm32h7xx_hal_pcd.o
 .text.HAL_PCDEx_SetTxFiFo
                0x080029b4       0x8e build/stm32h7xx_hal_pcd_ex.o
                0x080029b4                HAL_PCDEx_SetTxFiFo
 .text.HAL_PCDEx_SetRxFiFo
                0x08002a42       0x22 build/stm32h7xx_hal_pcd_ex.o
                0x08002a42                HAL_PCDEx_SetRxFiFo
 .text.HAL_PCDEx_ActivateLPM
                0x08002a64       0x48 build/stm32h7xx_hal_pcd_ex.o
                0x08002a64                HAL_PCDEx_ActivateLPM
 .text.HAL_PCDEx_LPM_Callback
                0x08002aac       0x18 build/stm32h7xx_hal_pcd_ex.o
                0x08002aac                HAL_PCDEx_LPM_Callback
 .text.USB_CoreInit
                0x08002ac4       0xe4 build/stm32h7xx_ll_usb.o
                0x08002ac4                USB_CoreInit
 .text.USB_SetTurnaroundTime
                0x08002ba8      0x144 build/stm32h7xx_ll_usb.o
                0x08002ba8                USB_SetTurnaroundTime
 .text.USB_EnableGlobalInt
                0x08002cec       0x22 build/stm32h7xx_ll_usb.o
                0x08002cec                USB_EnableGlobalInt
 .text.USB_DisableGlobalInt
                0x08002d0e       0x22 build/stm32h7xx_ll_usb.o
                0x08002d0e                USB_DisableGlobalInt
 .text.USB_SetCurrentMode
                0x08002d30       0x98 build/stm32h7xx_ll_usb.o
                0x08002d30                USB_SetCurrentMode
 .text.USB_DevInit
                0x08002dc8      0x2bc build/stm32h7xx_ll_usb.o
                0x08002dc8                USB_DevInit
 .text.USB_FlushTxFifo
                0x08003084       0x64 build/stm32h7xx_ll_usb.o
                0x08003084                USB_FlushTxFifo
 .text.USB_FlushRxFifo
                0x080030e8       0x5c build/stm32h7xx_ll_usb.o
                0x080030e8                USB_FlushRxFifo
 .text.USB_SetDevSpeed
                0x08003144       0x32 build/stm32h7xx_ll_usb.o
                0x08003144                USB_SetDevSpeed
 .text.USB_GetDevSpeed
                0x08003176       0x4a build/stm32h7xx_ll_usb.o
                0x08003176                USB_GetDevSpeed
 .text.USB_ActivateEndpoint
                0x080031c0      0x110 build/stm32h7xx_ll_usb.o
                0x080031c0                USB_ActivateEndpoint
 .text.USB_DeactivateEndpoint
                0x080032d0      0x1b8 build/stm32h7xx_ll_usb.o
                0x080032d0                USB_DeactivateEndpoint
 .text.USB_EPStartXfer
                0x08003488      0x548 build/stm32h7xx_ll_usb.o
                0x08003488                USB_EPStartXfer
 .text.USB_EPStopXfer
                0x080039d0      0x154 build/stm32h7xx_ll_usb.o
                0x080039d0                USB_EPStopXfer
 .text.USB_WritePacket
                0x08003b24       0x7c build/stm32h7xx_ll_usb.o
                0x08003b24                USB_WritePacket
 .text.USB_ReadPacket
                0x08003ba0       0xb0 build/stm32h7xx_ll_usb.o
                0x08003ba0                USB_ReadPacket
 .text.USB_EPSetStall
                0x08003c50       0xdc build/stm32h7xx_ll_usb.o
                0x08003c50                USB_EPSetStall
 .text.USB_EPClearStall
                0x08003d2c       0xcc build/stm32h7xx_ll_usb.o
                0x08003d2c                USB_EPClearStall
 .text.USB_SetDevAddress
                0x08003df8       0x4c build/stm32h7xx_ll_usb.o
                0x08003df8                USB_SetDevAddress
 .text.USB_DevConnect
                0x08003e44       0x42 build/stm32h7xx_ll_usb.o
                0x08003e44                USB_DevConnect
 .text.USB_DevDisconnect
                0x08003e86       0x42 build/stm32h7xx_ll_usb.o
                0x08003e86                USB_DevDisconnect
 .text.USB_ReadInterrupts
                0x08003ec8       0x26 build/stm32h7xx_ll_usb.o
                0x08003ec8                USB_ReadInterrupts
 .text.USB_ReadDevAllOutEpInterrupt
                0x08003eee       0x34 build/stm32h7xx_ll_usb.o
                0x08003eee                USB_ReadDevAllOutEpInterrupt
 .text.USB_ReadDevAllInEpInterrupt
                0x08003f22       0x34 build/stm32h7xx_ll_usb.o
                0x08003f22                USB_ReadDevAllInEpInterrupt
 .text.USB_ReadDevOutEPInterrupt
                0x08003f56       0x3c build/stm32h7xx_ll_usb.o
                0x08003f56                USB_ReadDevOutEPInterrupt
 .text.USB_ReadDevInEPInterrupt
                0x08003f92       0x5c build/stm32h7xx_ll_usb.o
                0x08003f92                USB_ReadDevInEPInterrupt
 .text.USB_GetMode
                0x08003fee       0x1c build/stm32h7xx_ll_usb.o
                0x08003fee                USB_GetMode
 *fill*         0x0800400a        0x2 
 .text.USB_ActivateSetup
                0x0800400c       0x48 build/stm32h7xx_ll_usb.o
                0x0800400c                USB_ActivateSetup
 .text.USB_EP0_OutStart
                0x08004054       0xbc build/stm32h7xx_ll_usb.o
                0x08004054                USB_EP0_OutStart
 .text.USB_CoreReset
                0x08004110       0x62 build/stm32h7xx_ll_usb.o
 *fill*         0x08004172        0x2 
 .text.HAL_RCC_OscConfig
                0x08004174      0x7b4 build/stm32h7xx_hal_rcc.o
                0x08004174                HAL_RCC_OscConfig
 .text.HAL_RCC_ClockConfig
                0x08004928      0x36c build/stm32h7xx_hal_rcc.o
                0x08004928                HAL_RCC_ClockConfig
 .text.HAL_RCC_MCOConfig
                0x08004c94       0xd4 build/stm32h7xx_hal_rcc.o
                0x08004c94                HAL_RCC_MCOConfig
 .text.HAL_RCC_GetSysClockFreq
                0x08004d68      0x2f4 build/stm32h7xx_hal_rcc.o
                0x08004d68                HAL_RCC_GetSysClockFreq
 .text.HAL_RCC_GetHCLKFreq
                0x0800505c       0x60 build/stm32h7xx_hal_rcc.o
                0x0800505c                HAL_RCC_GetHCLKFreq
 .text.HAL_RCC_GetPCLK1Freq
                0x080050bc       0x2c build/stm32h7xx_hal_rcc.o
                0x080050bc                HAL_RCC_GetPCLK1Freq
 .text.HAL_RCC_GetPCLK2Freq
                0x080050e8       0x2c build/stm32h7xx_hal_rcc.o
                0x080050e8                HAL_RCC_GetPCLK2Freq
 .text.HAL_RCC_GetClockConfig
                0x08005114       0x84 build/stm32h7xx_hal_rcc.o
                0x08005114                HAL_RCC_GetClockConfig
 .text.HAL_RCCEx_PeriphCLKConfig
                0x08005198     0x1340 build/stm32h7xx_hal_rcc_ex.o
                0x08005198                HAL_RCCEx_PeriphCLKConfig
 .text.HAL_RCCEx_GetD3PCLK1Freq
                0x080064d8       0x2c build/stm32h7xx_hal_rcc_ex.o
                0x080064d8                HAL_RCCEx_GetD3PCLK1Freq
 .text.HAL_RCCEx_GetPLL2ClockFreq
                0x08006504      0x2a8 build/stm32h7xx_hal_rcc_ex.o
                0x08006504                HAL_RCCEx_GetPLL2ClockFreq
 .text.HAL_RCCEx_GetPLL3ClockFreq
                0x080067ac      0x2a8 build/stm32h7xx_hal_rcc_ex.o
                0x080067ac                HAL_RCCEx_GetPLL3ClockFreq
 .text.RCCEx_PLL2_Config
                0x08006a54      0x164 build/stm32h7xx_hal_rcc_ex.o
 .text.RCCEx_PLL3_Config
                0x08006bb8      0x164 build/stm32h7xx_hal_rcc_ex.o
 .text.HAL_GPIO_Init
                0x08006d1c      0x350 build/stm32h7xx_hal_gpio.o
                0x08006d1c                HAL_GPIO_Init
 .text.HAL_GPIO_DeInit
                0x0800706c      0x204 build/stm32h7xx_hal_gpio.o
                0x0800706c                HAL_GPIO_DeInit
 .text.HAL_GPIO_WritePin
                0x08007270       0x32 build/stm32h7xx_hal_gpio.o
                0x08007270                HAL_GPIO_WritePin
 *fill*         0x080072a2        0x2 
 .text.HAL_DMA_Init
                0x080072a4      0x6b0 build/stm32h7xx_hal_dma.o
                0x080072a4                HAL_DMA_Init
 .text.HAL_DMA_Start_IT
                0x08007954      0x4d4 build/stm32h7xx_hal_dma.o
                0x08007954                HAL_DMA_Start_IT
 .text.HAL_DMA_Abort
                0x08007e28      0x63c build/stm32h7xx_hal_dma.o
                0x08007e28                HAL_DMA_Abort
 .text.HAL_DMA_Abort_IT
                0x08008464      0x48c build/stm32h7xx_hal_dma.o
                0x08008464                HAL_DMA_Abort_IT
 .text.HAL_DMA_IRQHandler
                0x080088f0      0xe54 build/stm32h7xx_hal_dma.o
                0x080088f0                HAL_DMA_IRQHandler
 .text.DMA_SetConfig
                0x08009744      0x358 build/stm32h7xx_hal_dma.o
 .text.DMA_CalcBaseAndBitshift
                0x08009a9c      0x164 build/stm32h7xx_hal_dma.o
 .text.DMA_CheckFifoParam
                0x08009c00       0xf8 build/stm32h7xx_hal_dma.o
 .text.DMA_CalcDMAMUXChannelBaseAndMask
                0x08009cf8      0x134 build/stm32h7xx_hal_dma.o
 .text.DMA_CalcDMAMUXRequestGenBaseAndMask
                0x08009e2c       0xe8 build/stm32h7xx_hal_dma.o
 .text.HAL_PWREx_ConfigSupply
                0x08009f14       0x74 build/stm32h7xx_hal_pwr_ex.o
                0x08009f14                HAL_PWREx_ConfigSupply
 .text.HAL_PWREx_EnableUSBVoltageDetector
                0x08009f88       0x20 build/stm32h7xx_hal_pwr_ex.o
                0x08009f88                HAL_PWREx_EnableUSBVoltageDetector
 .text.__NVIC_SetPriorityGrouping
                0x08009fa8       0x48 build/stm32h7xx_hal_cortex.o
 .text.__NVIC_GetPriorityGrouping
                0x08009ff0       0x1c build/stm32h7xx_hal_cortex.o
 .text.__NVIC_EnableIRQ
                0x0800a00c       0x3c build/stm32h7xx_hal_cortex.o
 .text.__NVIC_DisableIRQ
                0x0800a048       0x48 build/stm32h7xx_hal_cortex.o
 .text.__NVIC_SetPriority
                0x0800a090       0x54 build/stm32h7xx_hal_cortex.o
 .text.NVIC_EncodePriority
                0x0800a0e4       0x66 build/stm32h7xx_hal_cortex.o
 .text.HAL_NVIC_SetPriorityGrouping
                0x0800a14a       0x16 build/stm32h7xx_hal_cortex.o
                0x0800a14a                HAL_NVIC_SetPriorityGrouping
 .text.HAL_NVIC_SetPriority
                0x0800a160       0x34 build/stm32h7xx_hal_cortex.o
                0x0800a160                HAL_NVIC_SetPriority
 .text.HAL_NVIC_EnableIRQ
                0x0800a194       0x1c build/stm32h7xx_hal_cortex.o
                0x0800a194                HAL_NVIC_EnableIRQ
 .text.HAL_NVIC_DisableIRQ
                0x0800a1b0       0x1c build/stm32h7xx_hal_cortex.o
                0x0800a1b0                HAL_NVIC_DisableIRQ
 .text.HAL_MPU_Disable
                0x0800a1cc       0x30 build/stm32h7xx_hal_cortex.o
                0x0800a1cc                HAL_MPU_Disable
 .text.HAL_MPU_Enable
                0x0800a1fc       0x40 build/stm32h7xx_hal_cortex.o
                0x0800a1fc                HAL_MPU_Enable
 .text.HAL_MPU_ConfigRegion
                0x0800a23c       0x80 build/stm32h7xx_hal_cortex.o
                0x0800a23c                HAL_MPU_ConfigRegion
 .text.HAL_Init
                0x0800a2bc       0x78 build/stm32h7xx_hal.o
                0x0800a2bc                HAL_Init
 .text.HAL_IncTick
                0x0800a334       0x28 build/stm32h7xx_hal.o
                0x0800a334                HAL_IncTick
 .text.HAL_GetTick
                0x0800a35c       0x18 build/stm32h7xx_hal.o
                0x0800a35c                HAL_GetTick
 .text.HAL_Delay
                0x0800a374       0x48 build/stm32h7xx_hal.o
                0x0800a374                HAL_Delay
 .text.HAL_SYSCFG_AnalogSwitchConfig
                0x0800a3bc       0x2c build/stm32h7xx_hal.o
                0x0800a3bc                HAL_SYSCFG_AnalogSwitchConfig
 .text.HAL_FDCAN_Init
                0x0800a3e8      0x3bc build/stm32h7xx_hal_fdcan.o
                0x0800a3e8                HAL_FDCAN_Init
 .text.HAL_FDCAN_DeInit
                0x0800a7a4       0x48 build/stm32h7xx_hal_fdcan.o
                0x0800a7a4                HAL_FDCAN_DeInit
 .text.HAL_FDCAN_ConfigFilter
                0x0800a7ec       0xec build/stm32h7xx_hal_fdcan.o
                0x0800a7ec                HAL_FDCAN_ConfigFilter
 .text.HAL_FDCAN_ConfigGlobalFilter
                0x0800a8d8       0x5a build/stm32h7xx_hal_fdcan.o
                0x0800a8d8                HAL_FDCAN_ConfigGlobalFilter
 .text.HAL_FDCAN_Start
                0x0800a932       0x56 build/stm32h7xx_hal_fdcan.o
                0x0800a932                HAL_FDCAN_Start
 .text.HAL_FDCAN_Stop
                0x0800a988       0xee build/stm32h7xx_hal_fdcan.o
                0x0800a988                HAL_FDCAN_Stop
 .text.HAL_FDCAN_AddMessageToTxFifoQ
                0x0800aa76       0xb6 build/stm32h7xx_hal_fdcan.o
                0x0800aa76                HAL_FDCAN_AddMessageToTxFifoQ
 .text.HAL_FDCAN_GetRxMessage
                0x0800ab2c      0x2d8 build/stm32h7xx_hal_fdcan.o
                0x0800ab2c                HAL_FDCAN_GetRxMessage
 .text.HAL_FDCAN_ActivateNotification
                0x0800ae04       0xf4 build/stm32h7xx_hal_fdcan.o
                0x0800ae04                HAL_FDCAN_ActivateNotification
 .text.HAL_FDCAN_IRQHandler
                0x0800aef8      0x4bc build/stm32h7xx_hal_fdcan.o
                0x0800aef8                HAL_FDCAN_IRQHandler
 .text.HAL_FDCAN_ClockCalibrationCallback
                0x0800b3b4       0x16 build/stm32h7xx_hal_fdcan.o
                0x0800b3b4                HAL_FDCAN_ClockCalibrationCallback
 .text.HAL_FDCAN_TxEventFifoCallback
                0x0800b3ca       0x16 build/stm32h7xx_hal_fdcan.o
                0x0800b3ca                HAL_FDCAN_TxEventFifoCallback
 .text.HAL_FDCAN_RxFifo1Callback
                0x0800b3e0       0x16 build/stm32h7xx_hal_fdcan.o
                0x0800b3e0                HAL_FDCAN_RxFifo1Callback
 .text.HAL_FDCAN_TxFifoEmptyCallback
                0x0800b3f6       0x14 build/stm32h7xx_hal_fdcan.o
                0x0800b3f6                HAL_FDCAN_TxFifoEmptyCallback
 .text.HAL_FDCAN_TxBufferCompleteCallback
                0x0800b40a       0x16 build/stm32h7xx_hal_fdcan.o
                0x0800b40a                HAL_FDCAN_TxBufferCompleteCallback
 .text.HAL_FDCAN_TxBufferAbortCallback
                0x0800b420       0x16 build/stm32h7xx_hal_fdcan.o
                0x0800b420                HAL_FDCAN_TxBufferAbortCallback
 .text.HAL_FDCAN_RxBufferNewMessageCallback
                0x0800b436       0x14 build/stm32h7xx_hal_fdcan.o
                0x0800b436                HAL_FDCAN_RxBufferNewMessageCallback
 .text.HAL_FDCAN_TimestampWraparoundCallback
                0x0800b44a       0x14 build/stm32h7xx_hal_fdcan.o
                0x0800b44a                HAL_FDCAN_TimestampWraparoundCallback
 .text.HAL_FDCAN_TimeoutOccurredCallback
                0x0800b45e       0x14 build/stm32h7xx_hal_fdcan.o
                0x0800b45e                HAL_FDCAN_TimeoutOccurredCallback
 .text.HAL_FDCAN_HighPriorityMessageCallback
                0x0800b472       0x14 build/stm32h7xx_hal_fdcan.o
                0x0800b472                HAL_FDCAN_HighPriorityMessageCallback
 .text.HAL_FDCAN_ErrorStatusCallback
                0x0800b486       0x16 build/stm32h7xx_hal_fdcan.o
                0x0800b486                HAL_FDCAN_ErrorStatusCallback
 .text.HAL_FDCAN_TT_ScheduleSyncCallback
                0x0800b49c       0x16 build/stm32h7xx_hal_fdcan.o
                0x0800b49c                HAL_FDCAN_TT_ScheduleSyncCallback
 .text.HAL_FDCAN_TT_TimeMarkCallback
                0x0800b4b2       0x16 build/stm32h7xx_hal_fdcan.o
                0x0800b4b2                HAL_FDCAN_TT_TimeMarkCallback
 .text.HAL_FDCAN_TT_StopWatchCallback
                0x0800b4c8       0x18 build/stm32h7xx_hal_fdcan.o
                0x0800b4c8                HAL_FDCAN_TT_StopWatchCallback
 .text.HAL_FDCAN_TT_GlobalTimeCallback
                0x0800b4e0       0x16 build/stm32h7xx_hal_fdcan.o
                0x0800b4e0                HAL_FDCAN_TT_GlobalTimeCallback
 *fill*         0x0800b4f6        0x2 
 .text.FDCAN_CalcultateRamBlockAddresses
                0x0800b4f8      0x30c build/stm32h7xx_hal_fdcan.o
 .text.FDCAN_CopyMessageToRAM
                0x0800b804       0xfc build/stm32h7xx_hal_fdcan.o
 .text.HAL_SPI_Init
                0x0800b900      0x248 build/stm32h7xx_hal_spi.o
                0x0800b900                HAL_SPI_Init
 .text.HAL_SPI_Transmit
                0x0800bb48      0x3dc build/stm32h7xx_hal_spi.o
                0x0800bb48                HAL_SPI_Transmit
 .text.HAL_SPI_TransmitReceive
                0x0800bf24      0x674 build/stm32h7xx_hal_spi.o
                0x0800bf24                HAL_SPI_TransmitReceive
 .text.HAL_SPI_IRQHandler
                0x0800c598      0x39c build/stm32h7xx_hal_spi.o
                0x0800c598                HAL_SPI_IRQHandler
 .text.HAL_SPI_TxCpltCallback
                0x0800c934       0x14 build/stm32h7xx_hal_spi.o
                0x0800c934                HAL_SPI_TxCpltCallback
 .text.HAL_SPI_RxCpltCallback
                0x0800c948       0x14 build/stm32h7xx_hal_spi.o
                0x0800c948                HAL_SPI_RxCpltCallback
 .text.HAL_SPI_TxRxCpltCallback
                0x0800c95c       0x14 build/stm32h7xx_hal_spi.o
                0x0800c95c                HAL_SPI_TxRxCpltCallback
 .text.HAL_SPI_ErrorCallback
                0x0800c970       0x14 build/stm32h7xx_hal_spi.o
                0x0800c970                HAL_SPI_ErrorCallback
 .text.HAL_SPI_SuspendCallback
                0x0800c984       0x14 build/stm32h7xx_hal_spi.o
                0x0800c984                HAL_SPI_SuspendCallback
 .text.SPI_DMAAbortOnError
                0x0800c998       0x34 build/stm32h7xx_hal_spi.o
 .text.SPI_CloseTransfer
                0x0800c9cc      0x140 build/stm32h7xx_hal_spi.o
 .text.SPI_WaitOnFlagUntilTimeout
                0x0800cb0c       0x5c build/stm32h7xx_hal_spi.o
 .text.SPI_GetPacketSize
                0x0800cb68       0x36 build/stm32h7xx_hal_spi.o
 .text.HAL_TIM_Base_Init
                0x0800cb9e       0xae build/stm32h7xx_hal_tim.o
                0x0800cb9e                HAL_TIM_Base_Init
 .text.HAL_TIM_Base_Start
                0x0800cc4c       0xfc build/stm32h7xx_hal_tim.o
                0x0800cc4c                HAL_TIM_Base_Start
 .text.HAL_TIM_Base_Start_IT
                0x0800cd48      0x10c build/stm32h7xx_hal_tim.o
                0x0800cd48                HAL_TIM_Base_Start_IT
 .text.HAL_TIM_PWM_Init
                0x0800ce54       0xae build/stm32h7xx_hal_tim.o
                0x0800ce54                HAL_TIM_PWM_Init
 *fill*         0x0800cf02        0x2 
 .text.HAL_TIM_PWM_Start
                0x0800cf04      0x238 build/stm32h7xx_hal_tim.o
                0x0800cf04                HAL_TIM_PWM_Start
 .text.HAL_TIM_IRQHandler
                0x0800d13c      0x20e build/stm32h7xx_hal_tim.o
                0x0800d13c                HAL_TIM_IRQHandler
 *fill*         0x0800d34a        0x2 
 .text.HAL_TIM_PWM_ConfigChannel
                0x0800d34c      0x228 build/stm32h7xx_hal_tim.o
                0x0800d34c                HAL_TIM_PWM_ConfigChannel
 .text.HAL_TIM_ConfigClockSource
                0x0800d574      0x1f0 build/stm32h7xx_hal_tim.o
                0x0800d574                HAL_TIM_ConfigClockSource
 .text.HAL_TIM_OC_DelayElapsedCallback
                0x0800d764       0x14 build/stm32h7xx_hal_tim.o
                0x0800d764                HAL_TIM_OC_DelayElapsedCallback
 .text.HAL_TIM_IC_CaptureCallback
                0x0800d778       0x14 build/stm32h7xx_hal_tim.o
                0x0800d778                HAL_TIM_IC_CaptureCallback
 .text.HAL_TIM_PWM_PulseFinishedCallback
                0x0800d78c       0x14 build/stm32h7xx_hal_tim.o
                0x0800d78c                HAL_TIM_PWM_PulseFinishedCallback
 .text.HAL_TIM_TriggerCallback
                0x0800d7a0       0x14 build/stm32h7xx_hal_tim.o
                0x0800d7a0                HAL_TIM_TriggerCallback
 .text.TIM_Base_SetConfig
                0x0800d7b4      0x158 build/stm32h7xx_hal_tim.o
                0x0800d7b4                TIM_Base_SetConfig
 .text.TIM_OC1_SetConfig
                0x0800d90c      0x120 build/stm32h7xx_hal_tim.o
 .text.TIM_OC2_SetConfig
                0x0800da2c      0x114 build/stm32h7xx_hal_tim.o
                0x0800da2c                TIM_OC2_SetConfig
 .text.TIM_OC3_SetConfig
                0x0800db40      0x110 build/stm32h7xx_hal_tim.o
 .text.TIM_OC4_SetConfig
                0x0800dc50       0xd4 build/stm32h7xx_hal_tim.o
 .text.TIM_OC5_SetConfig
                0x0800dd24       0xc8 build/stm32h7xx_hal_tim.o
 .text.TIM_OC6_SetConfig
                0x0800ddec       0xcc build/stm32h7xx_hal_tim.o
 .text.TIM_TI1_ConfigInputStage
                0x0800deb8       0x5e build/stm32h7xx_hal_tim.o
 .text.TIM_TI2_ConfigInputStage
                0x0800df16       0x60 build/stm32h7xx_hal_tim.o
 *fill*         0x0800df76        0x2 
 .text.TIM_ITRx_SetConfig
                0x0800df78       0x3c build/stm32h7xx_hal_tim.o
 .text.TIM_ETR_SetConfig
                0x0800dfb4       0x40 build/stm32h7xx_hal_tim.o
                0x0800dfb4                TIM_ETR_SetConfig
 .text.TIM_CCxChannelCmd
                0x0800dff4       0x4a build/stm32h7xx_hal_tim.o
                0x0800dff4                TIM_CCxChannelCmd
 *fill*         0x0800e03e        0x2 
 .text.HAL_TIMEx_MasterConfigSynchronization
                0x0800e040      0x138 build/stm32h7xx_hal_tim_ex.o
                0x0800e040                HAL_TIMEx_MasterConfigSynchronization
 .text.HAL_TIMEx_ConfigBreakDeadTime
                0x0800e178      0x118 build/stm32h7xx_hal_tim_ex.o
                0x0800e178                HAL_TIMEx_ConfigBreakDeadTime
 .text.HAL_TIMEx_CommutCallback
                0x0800e290       0x14 build/stm32h7xx_hal_tim_ex.o
                0x0800e290                HAL_TIMEx_CommutCallback
 .text.HAL_TIMEx_BreakCallback
                0x0800e2a4       0x14 build/stm32h7xx_hal_tim_ex.o
                0x0800e2a4                HAL_TIMEx_BreakCallback
 .text.HAL_TIMEx_Break2Callback
                0x0800e2b8       0x14 build/stm32h7xx_hal_tim_ex.o
                0x0800e2b8                HAL_TIMEx_Break2Callback
 .text.HAL_UART_Init
                0x0800e2cc       0xa0 build/stm32h7xx_hal_uart.o
                0x0800e2cc                HAL_UART_Init
 .text.HAL_UART_IRQHandler
                0x0800e36c      0x7ac build/stm32h7xx_hal_uart.o
                0x0800e36c                HAL_UART_IRQHandler
 .text.HAL_UART_TxCpltCallback
                0x0800eb18       0x14 build/stm32h7xx_hal_uart.o
                0x0800eb18                HAL_UART_TxCpltCallback
 .text.HAL_UART_RxHalfCpltCallback
                0x0800eb2c       0x14 build/stm32h7xx_hal_uart.o
                0x0800eb2c                HAL_UART_RxHalfCpltCallback
 .text.UART_SetConfig
                0x0800eb40      0xcd8 build/stm32h7xx_hal_uart.o
                0x0800eb40                UART_SetConfig
 .text.UART_AdvFeatureConfig
                0x0800f818      0x144 build/stm32h7xx_hal_uart.o
                0x0800f818                UART_AdvFeatureConfig
 .text.UART_CheckIdleState
                0x0800f95c      0x154 build/stm32h7xx_hal_uart.o
                0x0800f95c                UART_CheckIdleState
 .text.UART_WaitOnFlagUntilTimeout
                0x0800fab0       0xda build/stm32h7xx_hal_uart.o
                0x0800fab0                UART_WaitOnFlagUntilTimeout
 *fill*         0x0800fb8a        0x2 
 .text.UART_Start_Receive_DMA
                0x0800fb8c      0x14c build/stm32h7xx_hal_uart.o
                0x0800fb8c                UART_Start_Receive_DMA
 .text.UART_EndTxTransfer
                0x0800fcd8       0x82 build/stm32h7xx_hal_uart.o
 *fill*         0x0800fd5a        0x2 
 .text.UART_EndRxTransfer
                0x0800fd5c       0xcc build/stm32h7xx_hal_uart.o
 .text.UART_DMAReceiveCplt
                0x0800fe28      0x128 build/stm32h7xx_hal_uart.o
 .text.UART_DMARxHalfCplt
                0x0800ff50       0x3e build/stm32h7xx_hal_uart.o
 .text.UART_DMAError
                0x0800ff8e       0x80 build/stm32h7xx_hal_uart.o
 .text.UART_DMAAbortOnError
                0x0801000e       0x24 build/stm32h7xx_hal_uart.o
 .text.UART_EndTransmit_IT
                0x08010032       0x56 build/stm32h7xx_hal_uart.o
 .text.HAL_RS485Ex_Init
                0x08010088       0xd4 build/stm32h7xx_hal_uart_ex.o
                0x08010088                HAL_RS485Ex_Init
 .text.HAL_UARTEx_WakeupCallback
                0x0801015c       0x14 build/stm32h7xx_hal_uart_ex.o
                0x0801015c                HAL_UARTEx_WakeupCallback
 .text.HAL_UARTEx_RxFifoFullCallback
                0x08010170       0x14 build/stm32h7xx_hal_uart_ex.o
                0x08010170                HAL_UARTEx_RxFifoFullCallback
 .text.HAL_UARTEx_TxFifoEmptyCallback
                0x08010184       0x14 build/stm32h7xx_hal_uart_ex.o
                0x08010184                HAL_UARTEx_TxFifoEmptyCallback
 .text.HAL_UARTEx_DisableFifoMode
                0x08010198       0x72 build/stm32h7xx_hal_uart_ex.o
                0x08010198                HAL_UARTEx_DisableFifoMode
 .text.HAL_UARTEx_SetTxFifoThreshold
                0x0801020a       0x7c build/stm32h7xx_hal_uart_ex.o
                0x0801020a                HAL_UARTEx_SetTxFifoThreshold
 .text.HAL_UARTEx_SetRxFifoThreshold
                0x08010286       0x7c build/stm32h7xx_hal_uart_ex.o
                0x08010286                HAL_UARTEx_SetRxFifoThreshold
 .text.HAL_UARTEx_ReceiveToIdle_DMA
                0x08010302       0xa8 build/stm32h7xx_hal_uart_ex.o
                0x08010302                HAL_UARTEx_ReceiveToIdle_DMA
 *fill*         0x080103aa        0x2 
 .text.UARTEx_SetNbDataToProcess
                0x080103ac       0x9c build/stm32h7xx_hal_uart_ex.o
 .text.HAL_IWDG_Init
                0x08010448       0xa2 build/stm32h7xx_hal_iwdg.o
                0x08010448                HAL_IWDG_Init
 .text.HAL_IWDG_Refresh
                0x080104ea       0x20 build/stm32h7xx_hal_iwdg.o
                0x080104ea                HAL_IWDG_Refresh
 *fill*         0x0801050a        0x2 
 .text.SystemInit
                0x0801050c       0xf0 build/system_stm32h7xx.o
                0x0801050c                SystemInit
 .text.USBD_Init
                0x080105fc       0x60 build/usbd_core.o
                0x080105fc                USBD_Init
 .text.USBD_RegisterClass
                0x0801065c       0x6c build/usbd_core.o
                0x0801065c                USBD_RegisterClass
 .text.USBD_Start
                0x080106c8       0x18 build/usbd_core.o
                0x080106c8                USBD_Start
 .text.USBD_RunTestMode
                0x080106e0       0x16 build/usbd_core.o
                0x080106e0                USBD_RunTestMode
 .text.USBD_SetClassConfig
                0x080106f6       0x38 build/usbd_core.o
                0x080106f6                USBD_SetClassConfig
 .text.USBD_ClrClassConfig
                0x0801072e       0x34 build/usbd_core.o
                0x0801072e                USBD_ClrClassConfig
 .text.USBD_LL_SetupStage
                0x08010762       0xaa build/usbd_core.o
                0x08010762                USBD_LL_SetupStage
 .text.USBD_LL_DataOutStage
                0x0801080c      0x166 build/usbd_core.o
                0x0801080c                USBD_LL_DataOutStage
 .text.USBD_LL_DataInStage
                0x08010972      0x164 build/usbd_core.o
                0x08010972                USBD_LL_DataInStage
 .text.USBD_LL_Reset
                0x08010ad6       0xa4 build/usbd_core.o
                0x08010ad6                USBD_LL_Reset
 .text.USBD_LL_SetSpeed
                0x08010b7a       0x20 build/usbd_core.o
                0x08010b7a                USBD_LL_SetSpeed
 .text.USBD_LL_Suspend
                0x08010b9a       0x38 build/usbd_core.o
                0x08010b9a                USBD_LL_Suspend
 .text.USBD_LL_Resume
                0x08010bd2       0x30 build/usbd_core.o
                0x08010bd2                USBD_LL_Resume
 .text.USBD_LL_SOF
                0x08010c02       0x40 build/usbd_core.o
                0x08010c02                USBD_LL_SOF
 .text.USBD_LL_IsoINIncomplete
                0x08010c42       0x64 build/usbd_core.o
                0x08010c42                USBD_LL_IsoINIncomplete
 .text.USBD_LL_IsoOUTIncomplete
                0x08010ca6       0x64 build/usbd_core.o
                0x08010ca6                USBD_LL_IsoOUTIncomplete
 .text.USBD_LL_DevConnected
                0x08010d0a       0x16 build/usbd_core.o
                0x08010d0a                USBD_LL_DevConnected
 .text.USBD_LL_DevDisconnected
                0x08010d20       0x46 build/usbd_core.o
                0x08010d20                USBD_LL_DevDisconnected
 .text.USBD_CoreFindIF
                0x08010d66       0x1a build/usbd_core.o
                0x08010d66                USBD_CoreFindIF
 .text.USBD_CoreFindEP
                0x08010d80       0x1a build/usbd_core.o
                0x08010d80                USBD_CoreFindEP
 .text.USBD_GetEpDesc
                0x08010d9a       0x70 build/usbd_core.o
                0x08010d9a                USBD_GetEpDesc
 .text.USBD_GetNextDesc
                0x08010e0a       0x38 build/usbd_core.o
                0x08010e0a                USBD_GetNextDesc
 .text.SWAPBYTE
                0x08010e42       0x3e build/usbd_ctlreq.o
 .text.USBD_StdDevReq
                0x08010e80       0xe4 build/usbd_ctlreq.o
                0x08010e80                USBD_StdDevReq
 .text.USBD_StdItfReq
                0x08010f64       0xd8 build/usbd_ctlreq.o
                0x08010f64                USBD_StdItfReq
 .text.USBD_StdEPReq
                0x0801103c      0x33a build/usbd_ctlreq.o
                0x0801103c                USBD_StdEPReq
 *fill*         0x08011376        0x2 
 .text.USBD_GetDescriptor
                0x08011378      0x328 build/usbd_ctlreq.o
 .text.USBD_SetAddress
                0x080116a0       0x88 build/usbd_ctlreq.o
 .text.USBD_SetConfig
                0x08011728      0x154 build/usbd_ctlreq.o
 .text.USBD_GetConfig
                0x0801187c       0x6c build/usbd_ctlreq.o
 .text.USBD_GetStatus
                0x080118e8       0x68 build/usbd_ctlreq.o
 .text.USBD_SetFeature
                0x08011950       0x52 build/usbd_ctlreq.o
 .text.USBD_ClrFeature
                0x080119a2       0x44 build/usbd_ctlreq.o
 .text.USBD_ParseSetupRequest
                0x080119e6       0x74 build/usbd_ctlreq.o
                0x080119e6                USBD_ParseSetupRequest
 .text.USBD_CtlError
                0x08011a5a       0x22 build/usbd_ctlreq.o
                0x08011a5a                USBD_CtlError
 .text.USBD_GetString
                0x08011a7c       0xa4 build/usbd_ctlreq.o
                0x08011a7c                USBD_GetString
 .text.USBD_GetLen
                0x08011b20       0x34 build/usbd_ctlreq.o
 .text.USBD_CtlSendData
                0x08011b54       0x36 build/usbd_ioreq.o
                0x08011b54                USBD_CtlSendData
 .text.USBD_CtlContinueSendData
                0x08011b8a       0x22 build/usbd_ioreq.o
                0x08011b8a                USBD_CtlContinueSendData
 .text.USBD_CtlPrepareRx
                0x08011bac       0x3a build/usbd_ioreq.o
                0x08011bac                USBD_CtlPrepareRx
 .text.USBD_CtlContinueRx
                0x08011be6       0x22 build/usbd_ioreq.o
                0x08011be6                USBD_CtlContinueRx
 .text.USBD_CtlSendStatus
                0x08011c08       0x26 build/usbd_ioreq.o
                0x08011c08                USBD_CtlSendStatus
 .text.USBD_CtlReceiveStatus
                0x08011c2e       0x26 build/usbd_ioreq.o
                0x08011c2e                USBD_CtlReceiveStatus
 .text.USBD_CDC_Init
                0x08011c54      0x1f0 build/usbd_cdc.o
 .text.USBD_CDC_DeInit
                0x08011e44      0x104 build/usbd_cdc.o
 .text.USBD_CDC_Setup
                0x08011f48      0x1b8 build/usbd_cdc.o
 .text.USBD_CDC_DataIn
                0x08012100       0xfe build/usbd_cdc.o
 .text.USBD_CDC_DataOut
                0x080121fe       0x70 build/usbd_cdc.o
 .text.USBD_CDC_EP0_RxReady
                0x0801226e       0x74 build/usbd_cdc.o
 *fill*         0x080122e2        0x2 
 .text.USBD_CDC_GetFSCfgDesc
                0x080122e4       0x70 build/usbd_cdc.o
 .text.USBD_CDC_GetHSCfgDesc
                0x08012354       0x70 build/usbd_cdc.o
 .text.USBD_CDC_GetOtherSpeedCfgDesc
                0x080123c4       0x70 build/usbd_cdc.o
 .text.USBD_CDC_GetDeviceQualifierDescriptor
                0x08012434       0x20 build/usbd_cdc.o
                0x08012434                USBD_CDC_GetDeviceQualifierDescriptor
 .text.USBD_CDC_RegisterInterface
                0x08012454       0x34 build/usbd_cdc.o
                0x08012454                USBD_CDC_RegisterInterface
 .text.USBD_CDC_SetTxBuffer
                0x08012488       0x44 build/usbd_cdc.o
                0x08012488                USBD_CDC_SetTxBuffer
 .text.USBD_CDC_SetRxBuffer
                0x080124cc       0x3a build/usbd_cdc.o
                0x080124cc                USBD_CDC_SetRxBuffer
 *fill*         0x08012506        0x2 
 .text.USBD_CDC_TransmitPacket
                0x08012508       0x80 build/usbd_cdc.o
                0x08012508                USBD_CDC_TransmitPacket
 .text.USBD_CDC_ReceivePacket
                0x08012588       0x6c build/usbd_cdc.o
                0x08012588                USBD_CDC_ReceivePacket
 .text.vApplicationIdleHook
                0x080125f4        0xe build/freertos.o
                0x080125f4                vApplicationIdleHook
 *fill*         0x08012602        0x2 
 .text.MX_FREERTOS_Init
                0x08012604       0xcc build/freertos.o
                0x08012604                MX_FREERTOS_Init
 .text.Remote_control_Task
                0x080126d0       0x14 build/freertos.o
                0x080126d0                Remote_control_Task
 .text.Eng_arm_Task
                0x080126e4       0x10 build/freertos.o
                0x080126e4                Eng_arm_Task
 .text.Chassis_Task
                0x080126f4       0x1c build/freertos.o
                0x080126f4                Chassis_Task
 .text.Motor_control_Task
                0x08012710        0xc build/freertos.o
                0x08012710                Motor_control_Task
 .text.Yaw_Task
                0x0801271c       0x10 build/freertos.o
                0x0801271c                Yaw_Task
 .text.Referee_Task
                0x0801272c       0x16 build/freertos.o
                0x0801272c                Referee_Task
 .text.Log_and_debug_Task
                0x08012742       0x40 build/freertos.o
                0x08012742                Log_and_debug_Task
 .text.vListInitialise
                0x08012782       0x40 build/list.o
                0x08012782                vListInitialise
 .text.vListInitialiseItem
                0x080127c2       0x1a build/list.o
                0x080127c2                vListInitialiseItem
 .text.vListInsertEnd
                0x080127dc       0x48 build/list.o
                0x080127dc                vListInsertEnd
 .text.vListInsert
                0x08012824       0x72 build/list.o
                0x08012824                vListInsert
 .text.uxListRemove
                0x08012896       0x54 build/list.o
                0x08012896                uxListRemove
 *fill*         0x080128ea        0x2 
 .text.xQueueGenericReset
                0x080128ec       0xd4 build/queue.o
                0x080128ec                xQueueGenericReset
 .text.xQueueGenericCreateStatic
                0x080129c0       0xfa build/queue.o
                0x080129c0                xQueueGenericCreateStatic
 .text.prvInitialiseNewQueue
                0x08012aba       0x46 build/queue.o
 .text.xQueueGenericSend
                0x08012b00      0x204 build/queue.o
                0x08012b00                xQueueGenericSend
 .text.xQueueGenericSendFromISR
                0x08012d04      0x13c build/queue.o
                0x08012d04                xQueueGenericSendFromISR
 .text.xQueueReceive
                0x08012e40      0x1c4 build/queue.o
                0x08012e40                xQueueReceive
 .text.prvCopyDataToQueue
                0x08013004       0xd4 build/queue.o
 .text.prvCopyDataFromQueue
                0x080130d8       0x4c build/queue.o
 .text.prvUnlockQueue
                0x08013124       0xa4 build/queue.o
 .text.prvIsQueueEmpty
                0x080131c8       0x2c build/queue.o
 .text.prvIsQueueFull
                0x080131f4       0x30 build/queue.o
 .text.vQueueAddToRegistry
                0x08013224       0x54 build/queue.o
                0x08013224                vQueueAddToRegistry
 .text.vQueueWaitForMessageRestricted
                0x08013278       0x68 build/queue.o
                0x08013278                vQueueWaitForMessageRestricted
 .text.xTaskCreateStatic
                0x080132e0       0xc0 build/tasks.o
                0x080132e0                xTaskCreateStatic
 .text.xTaskCreate
                0x080133a0       0x8a build/tasks.o
                0x080133a0                xTaskCreate
 .text.prvInitialiseNewTask
                0x0801342a      0x120 build/tasks.o
 *fill*         0x0801354a        0x2 
 .text.prvAddNewTaskToReadyList
                0x0801354c       0xe0 build/tasks.o
 .text.vTaskDelay
                0x0801362c       0x6c build/tasks.o
                0x0801362c                vTaskDelay
 .text.vTaskStartScheduler
                0x08013698       0xd0 build/tasks.o
                0x08013698                vTaskStartScheduler
 .text.vTaskSuspendAll
                0x08013768       0x1c build/tasks.o
                0x08013768                vTaskSuspendAll
 .text.xTaskResumeAll
                0x08013784      0x13c build/tasks.o
                0x08013784                xTaskResumeAll
 .text.xTaskGetTickCount
                0x080138c0       0x20 build/tasks.o
                0x080138c0                xTaskGetTickCount
 .text.xTaskIncrementTick
                0x080138e0      0x174 build/tasks.o
                0x080138e0                xTaskIncrementTick
 .text.vTaskSwitchContext
                0x08013a54       0xbc build/tasks.o
                0x08013a54                vTaskSwitchContext
 .text.vTaskPlaceOnEventList
                0x08013b10       0x4c build/tasks.o
                0x08013b10                vTaskPlaceOnEventList
 .text.vTaskPlaceOnEventListRestricted
                0x08013b5c       0x58 build/tasks.o
                0x08013b5c                vTaskPlaceOnEventListRestricted
 .text.xTaskRemoveFromEventList
                0x08013bb4       0xc8 build/tasks.o
                0x08013bb4                xTaskRemoveFromEventList
 .text.vTaskInternalSetTimeOutState
                0x08013c7c       0x2c build/tasks.o
                0x08013c7c                vTaskInternalSetTimeOutState
 .text.xTaskCheckForTimeOut
                0x08013ca8       0xc8 build/tasks.o
                0x08013ca8                xTaskCheckForTimeOut
 .text.vTaskMissedYield
                0x08013d70       0x18 build/tasks.o
                0x08013d70                vTaskMissedYield
 .text.prvIdleTask
                0x08013d88       0x34 build/tasks.o
 .text.prvInitialiseTaskLists
                0x08013dbc       0x80 build/tasks.o
 .text.prvCheckTasksWaitingTermination
                0x08013e3c       0x5c build/tasks.o
 .text.prvDeleteTCB
                0x08013e98       0x60 build/tasks.o
 .text.prvResetNextTaskUnblockTime
                0x08013ef8       0x40 build/tasks.o
 .text.xTaskGetSchedulerState
                0x08013f38       0x3c build/tasks.o
                0x08013f38                xTaskGetSchedulerState
 .text.xTaskPriorityDisinherit
                0x08013f74       0xe0 build/tasks.o
                0x08013f74                xTaskPriorityDisinherit
 .text.prvAddCurrentTaskToDelayedList
                0x08014054       0xa8 build/tasks.o
 .text.xTimerCreateTimerTask
                0x080140fc       0x94 build/timers.o
                0x080140fc                xTimerCreateTimerTask
 .text.xTimerGenericCommand
                0x08014190       0x9c build/timers.o
                0x08014190                xTimerGenericCommand
 .text.prvProcessExpiredTimer
                0x0801422c       0x9c build/timers.o
 .text.prvTimerTask
                0x080142c8       0x26 build/timers.o
 *fill*         0x080142ee        0x2 
 .text.prvProcessTimerOrBlockTask
                0x080142f0       0x9c build/timers.o
 .text.prvGetNextExpireTime
                0x0801438c       0x48 build/timers.o
 .text.prvSampleTimeNow
                0x080143d4       0x40 build/timers.o
 .text.prvInsertTimerInActiveList
                0x08014414       0x84 build/timers.o
 .text.prvProcessReceivedCommands
                0x08014498      0x1cc build/timers.o
 .text.prvSwitchTimerLists
                0x08014664       0xcc build/timers.o
 .text.prvCheckForValidListAndQueue
                0x08014730       0x80 build/timers.o
 .text.__NVIC_SetPriority
                0x080147b0       0x54 build/cmsis_os2.o
 .text.SysTick_Handler
                0x08014804       0x20 build/cmsis_os2.o
                0x08014804                SysTick_Handler
 .text.SVC_Setup
                0x08014824       0x12 build/cmsis_os2.o
 *fill*         0x08014836        0x2 
 .text.osKernelInitialize
                0x08014838       0x48 build/cmsis_os2.o
                0x08014838                osKernelInitialize
 .text.osKernelStart
                0x08014880       0x4c build/cmsis_os2.o
                0x08014880                osKernelStart
 .text.osThreadNew
                0x080148cc      0x124 build/cmsis_os2.o
                0x080148cc                osThreadNew
 .text.osDelay  0x080149f0       0x36 build/cmsis_os2.o
                0x080149f0                osDelay
 *fill*         0x08014a26        0x2 
 .text.vApplicationGetIdleTaskMemory
                0x08014a28       0x34 build/cmsis_os2.o
                0x08014a28                vApplicationGetIdleTaskMemory
 .text.vApplicationGetTimerTaskMemory
                0x08014a5c       0x34 build/cmsis_os2.o
                0x08014a5c                vApplicationGetTimerTaskMemory
 .text.pvPortMalloc
                0x08014a90      0x19c build/heap_4.o
                0x08014a90                pvPortMalloc
 .text.vPortFree
                0x08014c2c       0xc8 build/heap_4.o
                0x08014c2c                vPortFree
 .text.prvHeapInit
                0x08014cf4       0xc4 build/heap_4.o
 .text.prvInsertBlockIntoFreeList
                0x08014db8       0xb4 build/heap_4.o
 .text.pxPortInitialiseStack
                0x08014e6c       0x68 build/port.o
                0x08014e6c                pxPortInitialiseStack
 .text.prvTaskExitError
                0x08014ed4       0x5c build/port.o
 .text.SVC_Handler
                0x08014f30       0x28 build/port.o
                0x08014f30                SVC_Handler
 .text.prvPortStartFirstTask
                0x08014f58       0x28 build/port.o
 .text.xPortStartScheduler
                0x08014f80      0x148 build/port.o
                0x08014f80                xPortStartScheduler
 .text.vPortEnterCritical
                0x080150c8       0x64 build/port.o
                0x080150c8                vPortEnterCritical
 .text.vPortExitCritical
                0x0801512c       0x54 build/port.o
                0x0801512c                vPortExitCritical
 .text.PendSV_Handler
                0x08015180       0x68 build/port.o
                0x08015180                PendSV_Handler
 .text.xPortSysTickHandler
                0x080151e8       0x44 build/port.o
                0x080151e8                xPortSysTickHandler
 .text.vPortSetupTimerInterrupt
                0x0801522c       0x48 build/port.o
                0x0801522c                vPortSetupTimerInterrupt
 .text.vPortEnableVFP
                0x08015274       0x14 build/port.o
 .text.vPortValidateInterruptPriority
                0x08015288       0x84 build/port.o
                0x08015288                vPortValidateInterruptPriority
 .text._sbrk    0x0801530c       0x6c build/sysmem.o
                0x0801530c                _sbrk
 .text._getpid  0x08015378       0x10 build/syscalls.o
                0x08015378                _getpid
 .text._kill    0x08015388       0x20 build/syscalls.o
                0x08015388                _kill
 .text._exit    0x080153a8       0x16 build/syscalls.o
                0x080153a8                _exit
 .text._read    0x080153be       0x3a build/syscalls.o
                0x080153be                _read
 .text._write   0x080153f8       0x38 build/syscalls.o
                0x080153f8                _write
 .text._close   0x08015430       0x18 build/syscalls.o
                0x08015430                _close
 .text._fstat   0x08015448       0x20 build/syscalls.o
                0x08015448                _fstat
 .text._isatty  0x08015468       0x16 build/syscalls.o
                0x08015468                _isatty
 .text._lseek   0x0801547e       0x1a build/syscalls.o
                0x0801547e                _lseek
 .text.MX_GPIO_Init
                0x08015498      0x2ac build/gpio.o
                0x08015498                MX_GPIO_Init
 .text.MX_DMA_Init
                0x08015744      0x100 build/dma.o
                0x08015744                MX_DMA_Init
 .text.MX_FDCAN1_Init
                0x08015844      0x14c build/fdcan.o
                0x08015844                MX_FDCAN1_Init
 .text.MX_FDCAN2_Init
                0x08015990      0x150 build/fdcan.o
                0x08015990                MX_FDCAN2_Init
 .text.MX_FDCAN3_Init
                0x08015ae0      0x150 build/fdcan.o
                0x08015ae0                MX_FDCAN3_Init
 .text.HAL_FDCAN_MspInit
                0x08015c30      0x2b0 build/fdcan.o
                0x08015c30                HAL_FDCAN_MspInit
 .text.HAL_FDCAN_MspDeInit
                0x08015ee0       0xf4 build/fdcan.o
                0x08015ee0                HAL_FDCAN_MspDeInit
 .text.MX_SPI2_Init
                0x08015fd4       0xb0 build/spi.o
                0x08015fd4                MX_SPI2_Init
 .text.MX_SPI6_Init
                0x08016084       0xb4 build/spi.o
                0x08016084                MX_SPI6_Init
 .text.HAL_SPI_MspInit
                0x08016138      0x2c0 build/spi.o
                0x08016138                HAL_SPI_MspInit
 .text.MX_TIM1_Init
                0x080163f8      0x13c build/tim.o
                0x080163f8                MX_TIM1_Init
 .text.MX_TIM3_Init
                0x08016534       0xb4 build/tim.o
                0x08016534                MX_TIM3_Init
 .text.MX_TIM12_Init
                0x080165e8       0xec build/tim.o
                0x080165e8                MX_TIM12_Init
 .text.MX_TIM13_Init
                0x080166d4       0x48 build/tim.o
                0x080166d4                MX_TIM13_Init
 .text.MX_TIM14_Init
                0x0801671c       0x48 build/tim.o
                0x0801671c                MX_TIM14_Init
 .text.HAL_TIM_PWM_MspInit
                0x08016764       0x74 build/tim.o
                0x08016764                HAL_TIM_PWM_MspInit
 .text.HAL_TIM_Base_MspInit
                0x080167d8       0xcc build/tim.o
                0x080167d8                HAL_TIM_Base_MspInit
 .text.HAL_TIM_MspPostInit
                0x080168a4      0x118 build/tim.o
                0x080168a4                HAL_TIM_MspPostInit
 .text.MX_UART5_Init
                0x080169bc       0xa0 build/usart.o
                0x080169bc                MX_UART5_Init
 .text.MX_UART7_Init
                0x08016a5c       0x98 build/usart.o
                0x08016a5c                MX_UART7_Init
 .text.MX_USART1_UART_Init
                0x08016af4       0x98 build/usart.o
                0x08016af4                MX_USART1_UART_Init
 .text.MX_USART3_UART_Init
                0x08016b8c       0xa0 build/usart.o
                0x08016b8c                MX_USART3_UART_Init
 .text.MX_USART10_UART_Init
                0x08016c2c       0x98 build/usart.o
                0x08016c2c                MX_USART10_UART_Init
 .text.HAL_UART_MspInit
                0x08016cc4      0x8e4 build/usart.o
                0x08016cc4                HAL_UART_MspInit
 .text.BMI088_init
                0x080175a8       0x38 build/BMI088driver.o
                0x080175a8                BMI088_init
 .text.bmi088_accel_init
                0x080175e0      0x170 build/BMI088driver.o
                0x080175e0                bmi088_accel_init
 .text.bmi088_gyro_init
                0x08017750      0x130 build/BMI088driver.o
                0x08017750                bmi088_gyro_init
 .text.BMI088_read
                0x08017880      0x1d4 build/BMI088driver.o
                0x08017880                BMI088_read
 .text.BMI088_write_single_reg
                0x08017a54       0x28 build/BMI088driver.o
 .text.BMI088_read_single_reg
                0x08017a7c       0x30 build/BMI088driver.o
 .text.BMI088_read_muli_reg
                0x08017aac       0x4a build/BMI088driver.o
 .text.BMI088_GPIO_init
                0x08017af6        0xe build/BMI088Middleware.o
                0x08017af6                BMI088_GPIO_init
 .text.BMI088_com_init
                0x08017b04        0xe build/BMI088Middleware.o
                0x08017b04                BMI088_com_init
 .text.BMI088_delay_ms
                0x08017b12       0x28 build/BMI088Middleware.o
                0x08017b12                BMI088_delay_ms
 *fill*         0x08017b3a        0x2 
 .text.BMI088_delay_us
                0x08017b3c       0x28 build/BMI088Middleware.o
                0x08017b3c                BMI088_delay_us
 .text.BMI088_ACCEL_NS_L
                0x08017b64       0x18 build/BMI088Middleware.o
                0x08017b64                BMI088_ACCEL_NS_L
 .text.BMI088_ACCEL_NS_H
                0x08017b7c       0x18 build/BMI088Middleware.o
                0x08017b7c                BMI088_ACCEL_NS_H
 .text.BMI088_GYRO_NS_L
                0x08017b94       0x18 build/BMI088Middleware.o
                0x08017b94                BMI088_GYRO_NS_L
 .text.BMI088_GYRO_NS_H
                0x08017bac       0x18 build/BMI088Middleware.o
                0x08017bac                BMI088_GYRO_NS_H
 .text.BMI088_read_write_byte
                0x08017bc4       0x2c build/BMI088Middleware.o
                0x08017bc4                BMI088_read_write_byte
 .text.WS2812_Ctrl
                0x08017bf0       0xf4 build/ws2812.o
                0x08017bf0                WS2812_Ctrl
 .text.AHRS_get_height
                0x08017ce4       0x22 build/AHRS_middleware.o
                0x08017ce4                AHRS_get_height
 *fill*         0x08017d06        0x2 
 .text.AHRS_get_latitude
                0x08017d08       0x24 build/AHRS_middleware.o
                0x08017d08                AHRS_get_latitude
 .text.AHRS_invSqrt
                0x08017d2c       0x2c build/AHRS_middleware.o
                0x08017d2c                AHRS_invSqrt
 .text.AHRS_sinf
                0x08017d58       0x2c build/AHRS_middleware.o
                0x08017d58                AHRS_sinf
 .text.AHRS_cosf
                0x08017d84       0x2c build/AHRS_middleware.o
                0x08017d84                AHRS_cosf
 .text.AHRS_asinf
                0x08017db0       0x20 build/AHRS_middleware.o
                0x08017db0                AHRS_asinf
 .text.AHRS_atan2f
                0x08017dd0       0x28 build/AHRS_middleware.o
                0x08017dd0                AHRS_atan2f
 .text.fifo_s_init
                0x08017df8       0x44 build/fifo.o
                0x08017df8                fifo_s_init
 .text.fifo_s_puts
                0x08017e3c       0xfa build/fifo.o
                0x08017e3c                fifo_s_puts
 .text.fifo_s_gets
                0x08017f36       0xfa build/fifo.o
                0x08017f36                fifo_s_gets
 .text.pid_set  0x08018030       0x46 build/pid.o
                0x08018030                pid_set
 .text.pid_cal  0x08018076      0x160 build/pid.o
                0x08018076                pid_cal
 *fill*         0x080181d6        0x2 
 .text.uart_init
                0x080181d8       0x88 build/UART_data_txrx.o
                0x080181d8                uart_init
 .text.UART_DMA_rxtx_start
                0x08018260      0x18c build/UART_data_txrx.o
                0x08018260                UART_DMA_rxtx_start
 .text.HAL_UARTEx_RxEventCallback
                0x080183ec      0x2e4 build/UART_data_txrx.o
                0x080183ec                HAL_UARTEx_RxEventCallback
 .text.HAL_UART_RxCpltCallback
                0x080186d0       0x14 build/UART_data_txrx.o
                0x080186d0                HAL_UART_RxCpltCallback
 .text.HAL_UART_ErrorCallback
                0x080186e4      0x558 build/UART_data_txrx.o
                0x080186e4                HAL_UART_ErrorCallback
 .text.can_init
                0x08018c3c       0xb0 build/CAN_receive_send.o
                0x08018c3c                can_init
 .text.canx_send_data
                0x08018cec       0xa4 build/CAN_receive_send.o
                0x08018cec                canx_send_data
 .text.canx_send_ext_data
                0x08018d90       0xa4 build/CAN_receive_send.o
                0x08018d90                canx_send_ext_data
 .text.fdcanx_receive
                0x08018e34       0x32 build/CAN_receive_send.o
                0x08018e34                fdcanx_receive
 *fill*         0x08018e66        0x2 
 .text.HAL_FDCAN_RxFifo0Callback
                0x08018e68      0x1c8 build/CAN_receive_send.o
                0x08018e68                HAL_FDCAN_RxFifo0Callback
 .text.HAL_FDCAN_ErrorCallback
                0x08019030       0x66 build/CAN_receive_send.o
                0x08019030                HAL_FDCAN_ErrorCallback
 .text.Get_sys_time_ms
                0x08019096        0xe build/Stm32_time.o
                0x08019096                Get_sys_time_ms
 .text.uint_to_float
                0x080190a4       0x64 build/dm4310_drv.o
                0x080190a4                uint_to_float
 .text.arm_motor_init
                0x08019108       0x28 build/dm4310_drv.o
                0x08019108                arm_motor_init
 .text.enable_motor_mode
                0x08019130       0x58 build/dm4310_drv.o
                0x08019130                enable_motor_mode
 .text.damiao_fbdata
                0x08019188       0xf4 build/dm4310_drv.o
                0x08019188                damiao_fbdata
 .text.uint16_to_float_lz
                0x0801927c       0x74 build/Robstride04.o
                0x0801927c                uint16_to_float_lz
 .text.Byte_to_float
                0x080192f0       0x4a build/Robstride04.o
                0x080192f0                Byte_to_float
 .text.mapFaults
                0x0801933a       0xac build/Robstride04.o
                0x0801933a                mapFaults
 .text.RobStride_Motor_Init
                0x080193e6       0x44 build/Robstride04.o
                0x080193e6                RobStride_Motor_Init
 *fill*         0x0801942a        0x2 
 .text.RobStride_Motor_Analysis
                0x0801942c      0x428 build/Robstride04.o
                0x0801942c                RobStride_Motor_Analysis
 .text.RobStride_Motor_MIT_Enable
                0x08019854       0x6e build/Robstride04.o
                0x08019854                RobStride_Motor_MIT_Enable
 .text.RobStride_Motor_MIT_PositionControl
                0x080198c2       0x52 build/Robstride04.o
                0x080198c2                RobStride_Motor_MIT_PositionControl
 .text.RobStride_Motor_CSP_control
                0x08019914       0xc2 build/Robstride04.o
                0x08019914                RobStride_Motor_CSP_control
 .text.Enable_Motor
                0x080199d6       0x5c build/Robstride04.o
                0x080199d6                Enable_Motor
 .text.Set_RobStride_Motor_parameter
                0x08019a32       0xc4 build/Robstride04.o
                0x08019a32                Set_RobStride_Motor_parameter
 .text.Get_RobStride_Motor_parameter
                0x08019af6       0x60 build/Robstride04.o
                0x08019af6                Get_RobStride_Motor_parameter
 .text.RobStride_Motor_ProactiveEscalationSet
                0x08019b56       0x7c build/Robstride04.o
                0x08019b56                RobStride_Motor_ProactiveEscalationSet
 .text.data_read_write_init
                0x08019bd2       0x9a build/Robstride04.o
                0x08019bd2                data_read_write_init
 .text.Get_CanHandle
                0x08019c6c       0x44 build/LZ_motor_driver.o
                0x08019c6c                Get_CanHandle
 .text.lz_send_command
                0x08019cb0       0x2e build/LZ_motor_driver.o
                0x08019cb0                lz_send_command
 *fill*         0x08019cde        0x2 
 .text.lz_enable_motor
                0x08019ce0       0x3c build/LZ_motor_driver.o
                0x08019ce0                lz_enable_motor
 .text.lz_set_mode
                0x08019d1c       0x4a build/LZ_motor_driver.o
                0x08019d1c                lz_set_mode
 *fill*         0x08019d66        0x2 
 .text.Arm_Init
                0x08019d68      0x1bc build/arm.o
                0x08019d68                Arm_Init
 .text.Arm_motor3
                0x08019f24       0x20 build/arm.o
                0x08019f24                Arm_motor3
 .text.Arm_all_tx
                0x08019f44       0x12 build/arm.o
                0x08019f44                Arm_all_tx
 *fill*         0x08019f56        0x2 
 .text.IMU_init
                0x08019f58       0xb8 build/IMU_updata.o
                0x08019f58                IMU_init
 .text.IMU_updata
                0x0801a010      0x25c build/IMU_updata.o
                0x0801a010                IMU_updata
 .text.IMU_heat_set
                0x0801a26c       0x24 build/IMU_updata.o
                0x0801a26c                IMU_heat_set
 .text.imu_temp_control
                0x0801a290       0x64 build/IMU_updata.o
 .text.update_sbus
                0x0801a2f4      0x31e build/Sbus.o
                0x0801a2f4                update_sbus
 .text.hexToRGB
                0x0801a612       0x36 build/LED.o
                0x0801a612                hexToRGB
 .text.LEDshowcolor
                0x0801a648       0x2e build/LED.o
                0x0801a648                LEDshowcolor
 *fill*         0x0801a676        0x2 
 .text.Buzzer_init
                0x0801a678       0x24 build/buzzer.o
                0x0801a678                Buzzer_init
 .text.Motor_Forward
                0x0801a69c       0x20 build/remote_control.o
                0x0801a69c                Motor_Forward
 .text.Motor_Reverse
                0x0801a6bc       0x20 build/remote_control.o
                0x0801a6bc                Motor_Reverse
 .text.Motor_Stop
                0x0801a6dc       0x20 build/remote_control.o
                0x0801a6dc                Motor_Stop
 .text.Up_Down_Motor_Control_Updata
                0x0801a6fc       0x2c build/remote_control.o
                0x0801a6fc                Up_Down_Motor_Control_Updata
 .text.remote_control_init
                0x0801a728       0x18 build/remote_control.o
                0x0801a728                remote_control_init
 .text.GPIO_init
                0x0801a740       0x80 build/remote_control.o
                0x0801a740                GPIO_init
 .text.VirCom_send
                0x0801a7c0       0x34 build/USB_VirCom.o
                0x0801a7c0                VirCom_send
 .text.VirCom_rev
                0x0801a7f4       0x18 build/USB_VirCom.o
                0x0801a7f4                VirCom_rev
 .text.__io_putchar
                0x0801a80c       0x1c build/USB_VirCom.o
                0x0801a80c                __io_putchar
 .text.Music_init
                0x0801a828        0xc build/music.o
                0x0801a828                Music_init
 .text.Reset_Handler
                0x0801a834       0x50 build/startup_stm32h723xx.o
                0x0801a834                Reset_Handler
 .text.Default_Handler
                0x0801a884        0x2 build/startup_stm32h723xx.o
                0x0801a884                RTC_Alarm_IRQHandler
                0x0801a884                EXTI2_IRQHandler
                0x0801a884                TIM8_CC_IRQHandler
                0x0801a884                UART8_IRQHandler
                0x0801a884                SPI4_IRQHandler
                0x0801a884                TIM1_CC_IRQHandler
                0x0801a884                BDMA_Channel6_IRQHandler
                0x0801a884                DMA2_Stream5_IRQHandler
                0x0801a884                CORDIC_IRQHandler
                0x0801a884                BDMA_Channel1_IRQHandler
                0x0801a884                TAMP_STAMP_IRQHandler
                0x0801a884                EXTI3_IRQHandler
                0x0801a884                LPTIM4_IRQHandler
                0x0801a884                LPTIM2_IRQHandler
                0x0801a884                DFSDM1_FLT1_IRQHandler
                0x0801a884                DMAMUX2_OVR_IRQHandler
                0x0801a884                I2C3_ER_IRQHandler
                0x0801a884                DFSDM1_FLT2_IRQHandler
                0x0801a884                I2C5_EV_IRQHandler
                0x0801a884                MDMA_IRQHandler
                0x0801a884                LPTIM3_IRQHandler
                0x0801a884                HSEM1_IRQHandler
                0x0801a884                EXTI0_IRQHandler
                0x0801a884                I2C2_EV_IRQHandler
                0x0801a884                FPU_IRQHandler
                0x0801a884                OTG_HS_WKUP_IRQHandler
                0x0801a884                LTDC_ER_IRQHandler
                0x0801a884                DMA2_Stream2_IRQHandler
                0x0801a884                SPI1_IRQHandler
                0x0801a884                OCTOSPI1_IRQHandler
                0x0801a884                TIM6_DAC_IRQHandler
                0x0801a884                OCTOSPI2_IRQHandler
                0x0801a884                DFSDM1_FLT3_IRQHandler
                0x0801a884                USART6_IRQHandler
                0x0801a884                TIM17_IRQHandler
                0x0801a884                BDMA_Channel7_IRQHandler
                0x0801a884                LPTIM5_IRQHandler
                0x0801a884                ADC3_IRQHandler
                0x0801a884                TIM4_IRQHandler
                0x0801a884                BDMA_Channel2_IRQHandler
                0x0801a884                I2C1_EV_IRQHandler
                0x0801a884                DMAMUX1_OVR_IRQHandler
                0x0801a884                TIM16_IRQHandler
                0x0801a884                UART4_IRQHandler
                0x0801a884                BDMA_Channel5_IRQHandler
                0x0801a884                TIM3_IRQHandler
                0x0801a884                RCC_IRQHandler
                0x0801a884                UART9_IRQHandler
                0x0801a884                TIM1_TRG_COM_IRQHandler
                0x0801a884                Default_Handler
                0x0801a884                ECC_IRQHandler
                0x0801a884                FMAC_IRQHandler
                0x0801a884                CEC_IRQHandler
                0x0801a884                EXTI15_10_IRQHandler
                0x0801a884                BDMA_Channel0_IRQHandler
                0x0801a884                ADC_IRQHandler
                0x0801a884                I2C5_ER_IRQHandler
                0x0801a884                SPI5_IRQHandler
                0x0801a884                TIM7_IRQHandler
                0x0801a884                SDMMC1_IRQHandler
                0x0801a884                TIM5_IRQHandler
                0x0801a884                DMA2_Stream7_IRQHandler
                0x0801a884                TIM15_IRQHandler
                0x0801a884                PVD_AVD_IRQHandler
                0x0801a884                I2C3_EV_IRQHandler
                0x0801a884                EXTI9_5_IRQHandler
                0x0801a884                RTC_WKUP_IRQHandler
                0x0801a884                LTDC_IRQHandler
                0x0801a884                ETH_WKUP_IRQHandler
                0x0801a884                SPDIF_RX_IRQHandler
                0x0801a884                OTG_HS_EP1_IN_IRQHandler
                0x0801a884                TIM24_IRQHandler
                0x0801a884                CRS_IRQHandler
                0x0801a884                EXTI4_IRQHandler
                0x0801a884                RNG_IRQHandler
                0x0801a884                ETH_IRQHandler
                0x0801a884                TIM1_UP_IRQHandler
                0x0801a884                BDMA_Channel4_IRQHandler
                0x0801a884                OTG_HS_EP1_OUT_IRQHandler
                0x0801a884                WWDG_IRQHandler
                0x0801a884                SPI6_IRQHandler
                0x0801a884                MDIOS_IRQHandler
                0x0801a884                I2C4_EV_IRQHandler
                0x0801a884                LPUART1_IRQHandler
                0x0801a884                TIM2_IRQHandler
                0x0801a884                DMA2D_IRQHandler
                0x0801a884                TIM1_BRK_IRQHandler
                0x0801a884                EXTI1_IRQHandler
                0x0801a884                SDMMC2_IRQHandler
                0x0801a884                BDMA_Channel3_IRQHandler
                0x0801a884                DTS_IRQHandler
                0x0801a884                MDIOS_WKUP_IRQHandler
                0x0801a884                USART2_IRQHandler
                0x0801a884                DFSDM1_FLT0_IRQHandler
                0x0801a884                SAI4_IRQHandler
                0x0801a884                I2C2_ER_IRQHandler
                0x0801a884                DMA2_Stream1_IRQHandler
                0x0801a884                FLASH_IRQHandler
                0x0801a884                SPI3_IRQHandler
                0x0801a884                WAKEUP_PIN_IRQHandler
                0x0801a884                I2C1_ER_IRQHandler
                0x0801a884                FMC_IRQHandler
                0x0801a884                FDCAN_CAL_IRQHandler
                0x0801a884                SWPMI1_IRQHandler
                0x0801a884                COMP1_IRQHandler
                0x0801a884                LPTIM1_IRQHandler
                0x0801a884                DCMI_PSSI_IRQHandler
                0x0801a884                I2C4_ER_IRQHandler
                0x0801a884                DMA2_Stream6_IRQHandler
                0x0801a884                SAI1_IRQHandler
 *fill*         0x0801a886        0x2 
 .text.malloc   0x0801a888       0x10 C:/Users/Godwin/13.2 Rel1/bin/../lib/gcc/arm-none-eabi/13.2.1/thumb/v7e-m+dp/hard\libc_nano.a(libc_a-malloc.o)
                0x0801a888                malloc
 .text.sbrk_aligned
                0x0801a898       0x44 C:/Users/Godwin/13.2 Rel1/bin/../lib/gcc/arm-none-eabi/13.2.1/thumb/v7e-m+dp/hard\libc_nano.a(libc_a-mallocr.o)
 .text._malloc_r
                0x0801a8dc      0x100 C:/Users/Godwin/13.2 Rel1/bin/../lib/gcc/arm-none-eabi/13.2.1/thumb/v7e-m+dp/hard\libc_nano.a(libc_a-mallocr.o)
                0x0801a8dc                _malloc_r
 .text.__malloc_lock
                0x0801a9dc        0xc C:/Users/Godwin/13.2 Rel1/bin/../lib/gcc/arm-none-eabi/13.2.1/thumb/v7e-m+dp/hard\libc_nano.a(libc_a-mlock.o)
                0x0801a9dc                __malloc_lock
 .text.__malloc_unlock
                0x0801a9e8        0xc C:/Users/Godwin/13.2 Rel1/bin/../lib/gcc/arm-none-eabi/13.2.1/thumb/v7e-m+dp/hard\libc_nano.a(libc_a-mlock.o)
                0x0801a9e8                __malloc_unlock
 .text.__cvt    0x0801a9f4       0xa8 C:/Users/Godwin/13.2 Rel1/bin/../lib/gcc/arm-none-eabi/13.2.1/thumb/v7e-m+dp/hard\libc_nano.a(libc_a-nano-vfprintf_float.o)
                0x0801a9f4                __cvt
 .text.__exponent
                0x0801aa9c       0x74 C:/Users/Godwin/13.2 Rel1/bin/../lib/gcc/arm-none-eabi/13.2.1/thumb/v7e-m+dp/hard\libc_nano.a(libc_a-nano-vfprintf_float.o)
                0x0801aa9c                __exponent
 .text._printf_float
                0x0801ab10      0x434 C:/Users/Godwin/13.2 Rel1/bin/../lib/gcc/arm-none-eabi/13.2.1/thumb/v7e-m+dp/hard\libc_nano.a(libc_a-nano-vfprintf_float.o)
                0x0801ab10                _printf_float
 .text._printf_common
                0x0801af44       0xda C:/Users/Godwin/13.2 Rel1/bin/../lib/gcc/arm-none-eabi/13.2.1/thumb/v7e-m+dp/hard\libc_nano.a(libc_a-nano-vfprintf_i.o)
                0x0801af44                _printf_common
 *fill*         0x0801b01e        0x2 
 .text._printf_i
                0x0801b020      0x23c C:/Users/Godwin/13.2 Rel1/bin/../lib/gcc/arm-none-eabi/13.2.1/thumb/v7e-m+dp/hard\libc_nano.a(libc_a-nano-vfprintf_i.o)
                0x0801b020                _printf_i
 .text.std      0x0801b25c       0x6c C:/Users/Godwin/13.2 Rel1/bin/../lib/gcc/arm-none-eabi/13.2.1/thumb/v7e-m+dp/hard\libc_nano.a(libc_a-findfp.o)
 .text.stdio_exit_handler
                0x0801b2c8       0x18 C:/Users/Godwin/13.2 Rel1/bin/../lib/gcc/arm-none-eabi/13.2.1/thumb/v7e-m+dp/hard\libc_nano.a(libc_a-findfp.o)
 .text.cleanup_stdio
                0x0801b2e0       0x40 C:/Users/Godwin/13.2 Rel1/bin/../lib/gcc/arm-none-eabi/13.2.1/thumb/v7e-m+dp/hard\libc_nano.a(libc_a-findfp.o)
 .text.global_stdio_init.part.0
                0x0801b320       0x3c C:/Users/Godwin/13.2 Rel1/bin/../lib/gcc/arm-none-eabi/13.2.1/thumb/v7e-m+dp/hard\libc_nano.a(libc_a-findfp.o)
 .text.__sfp_lock_acquire
                0x0801b35c        0xc C:/Users/Godwin/13.2 Rel1/bin/../lib/gcc/arm-none-eabi/13.2.1/thumb/v7e-m+dp/hard\libc_nano.a(libc_a-findfp.o)
                0x0801b35c                __sfp_lock_acquire
 .text.__sfp_lock_release
                0x0801b368        0xc C:/Users/Godwin/13.2 Rel1/bin/../lib/gcc/arm-none-eabi/13.2.1/thumb/v7e-m+dp/hard\libc_nano.a(libc_a-findfp.o)
                0x0801b368                __sfp_lock_release
 .text.__sinit  0x0801b374       0x30 C:/Users/Godwin/13.2 Rel1/bin/../lib/gcc/arm-none-eabi/13.2.1/thumb/v7e-m+dp/hard\libc_nano.a(libc_a-findfp.o)
                0x0801b374                __sinit
 .text._fwalk_sglue
                0x0801b3a4       0x3c C:/Users/Godwin/13.2 Rel1/bin/../lib/gcc/arm-none-eabi/13.2.1/thumb/v7e-m+dp/hard\libc_nano.a(libc_a-fwalk.o)
                0x0801b3a4                _fwalk_sglue
 .text._puts_r  0x0801b3e0       0xaa C:/Users/Godwin/13.2 Rel1/bin/../lib/gcc/arm-none-eabi/13.2.1/thumb/v7e-m+dp/hard\libc_nano.a(libc_a-puts.o)
                0x0801b3e0                _puts_r
 *fill*         0x0801b48a        0x2 
 .text.puts     0x0801b48c       0x10 C:/Users/Godwin/13.2 Rel1/bin/../lib/gcc/arm-none-eabi/13.2.1/thumb/v7e-m+dp/hard\libc_nano.a(libc_a-puts.o)
                0x0801b48c                puts
 .text.__sread  0x0801b49c       0x22 C:/Users/Godwin/13.2 Rel1/bin/../lib/gcc/arm-none-eabi/13.2.1/thumb/v7e-m+dp/hard\libc_nano.a(libc_a-stdio.o)
                0x0801b49c                __sread
 .text.__swrite
                0x0801b4be       0x38 C:/Users/Godwin/13.2 Rel1/bin/../lib/gcc/arm-none-eabi/13.2.1/thumb/v7e-m+dp/hard\libc_nano.a(libc_a-stdio.o)
                0x0801b4be                __swrite
 .text.__sseek  0x0801b4f6       0x24 C:/Users/Godwin/13.2 Rel1/bin/../lib/gcc/arm-none-eabi/13.2.1/thumb/v7e-m+dp/hard\libc_nano.a(libc_a-stdio.o)
                0x0801b4f6                __sseek
 .text.__sclose
                0x0801b51a        0x8 C:/Users/Godwin/13.2 Rel1/bin/../lib/gcc/arm-none-eabi/13.2.1/thumb/v7e-m+dp/hard\libc_nano.a(libc_a-stdio.o)
                0x0801b51a                __sclose
 .text.__swbuf_r
                0x0801b522       0x7c C:/Users/Godwin/13.2 Rel1/bin/../lib/gcc/arm-none-eabi/13.2.1/thumb/v7e-m+dp/hard\libc_nano.a(libc_a-wbuf.o)
                0x0801b522                __swbuf_r
 *fill*         0x0801b59e        0x2 
 .text.__swsetup_r
                0x0801b5a0       0xac C:/Users/Godwin/13.2 Rel1/bin/../lib/gcc/arm-none-eabi/13.2.1/thumb/v7e-m+dp/hard\libc_nano.a(libc_a-wsetup.o)
                0x0801b5a0                __swsetup_r
 .text.memset   0x0801b64c       0x10 C:/Users/Godwin/13.2 Rel1/bin/../lib/gcc/arm-none-eabi/13.2.1/thumb/v7e-m+dp/hard\libc_nano.a(libc_a-memset.o)
                0x0801b64c                memset
 .text._localeconv_r
                0x0801b65c        0x8 C:/Users/Godwin/13.2 Rel1/bin/../lib/gcc/arm-none-eabi/13.2.1/thumb/v7e-m+dp/hard\libc_nano.a(libc_a-localeconv.o)
                0x0801b65c                _localeconv_r
 .text._close_r
                0x0801b664       0x20 C:/Users/Godwin/13.2 Rel1/bin/../lib/gcc/arm-none-eabi/13.2.1/thumb/v7e-m+dp/hard\libc_nano.a(libc_a-closer.o)
                0x0801b664                _close_r
 .text._lseek_r
                0x0801b684       0x24 C:/Users/Godwin/13.2 Rel1/bin/../lib/gcc/arm-none-eabi/13.2.1/thumb/v7e-m+dp/hard\libc_nano.a(libc_a-lseekr.o)
                0x0801b684                _lseek_r
 .text._read_r  0x0801b6a8       0x24 C:/Users/Godwin/13.2 Rel1/bin/../lib/gcc/arm-none-eabi/13.2.1/thumb/v7e-m+dp/hard\libc_nano.a(libc_a-readr.o)
                0x0801b6a8                _read_r
 .text._sbrk_r  0x0801b6cc       0x20 C:/Users/Godwin/13.2 Rel1/bin/../lib/gcc/arm-none-eabi/13.2.1/thumb/v7e-m+dp/hard\libc_nano.a(libc_a-sbrkr.o)
                0x0801b6cc                _sbrk_r
 .text._write_r