Archive member included to satisfy reference by file (symbol)

Algorithm/AHRS.lib(ahrs.o)    build/IMU_updata.o (AHRS_init)
C:/Users/Godwin/13.2 Rel1/bin/../lib/gcc/arm-none-eabi/13.2.1/thumb/v7e-m+dp/hard\libc_nano.a(libc_a-exit.o)
                              C:/Users/Godwin/13.2 Rel1/bin/../lib/gcc/arm-none-eabi/13.2.1/thumb/v7e-m+dp/hard/crt0.o (exit)
C:/Users/Godwin/13.2 Rel1/bin/../lib/gcc/arm-none-eabi/13.2.1/thumb/v7e-m+dp/hard\libc_nano.a(libc_a-malloc.o)
                              build/fifo.o (malloc)
C:/Users/Godwin/13.2 Rel1/bin/../lib/gcc/arm-none-eabi/13.2.1/thumb/v7e-m+dp/hard\libc_nano.a(libc_a-mallocr.o)
                              C:/Users/Godwin/13.2 Rel1/bin/../lib/gcc/arm-none-eabi/13.2.1/thumb/v7e-m+dp/hard\libc_nano.a(libc_a-malloc.o) (_malloc_r)
C:/Users/Godwin/13.2 Rel1/bin/../lib/gcc/arm-none-eabi/13.2.1/thumb/v7e-m+dp/hard\libc_nano.a(libc_a-mlock.o)
                              C:/Users/Godwin/13.2 Rel1/bin/../lib/gcc/arm-none-eabi/13.2.1/thumb/v7e-m+dp/hard\libc_nano.a(libc_a-mallocr.o) (__malloc_lock)
C:/Users/Godwin/13.2 Rel1/bin/../lib/gcc/arm-none-eabi/13.2.1/thumb/v7e-m+dp/hard\libc_nano.a(libc_a-nano-vfprintf_float.o)
                              (_printf_float)
C:/Users/Godwin/13.2 Rel1/bin/../lib/gcc/arm-none-eabi/13.2.1/thumb/v7e-m+dp/hard\libc_nano.a(libc_a-nano-vfprintf_i.o)
                              C:/Users/Godwin/13.2 Rel1/bin/../lib/gcc/arm-none-eabi/13.2.1/thumb/v7e-m+dp/hard\libc_nano.a(libc_a-nano-vfprintf_float.o) (_printf_common)
C:/Users/Godwin/13.2 Rel1/bin/../lib/gcc/arm-none-eabi/13.2.1/thumb/v7e-m+dp/hard\libc_nano.a(libc_a-findfp.o)
                              C:/Users/Godwin/13.2 Rel1/bin/../lib/gcc/arm-none-eabi/13.2.1/thumb/v7e-m+dp/hard\libc_nano.a(libc_a-exit.o) (__stdio_exit_handler)
C:/Users/Godwin/13.2 Rel1/bin/../lib/gcc/arm-none-eabi/13.2.1/thumb/v7e-m+dp/hard\libc_nano.a(libc_a-fwalk.o)
                              C:/Users/Godwin/13.2 Rel1/bin/../lib/gcc/arm-none-eabi/13.2.1/thumb/v7e-m+dp/hard\libc_nano.a(libc_a-findfp.o) (_fwalk_sglue)
C:/Users/Godwin/13.2 Rel1/bin/../lib/gcc/arm-none-eabi/13.2.1/thumb/v7e-m+dp/hard\libc_nano.a(libc_a-stdio.o)
                              C:/Users/Godwin/13.2 Rel1/bin/../lib/gcc/arm-none-eabi/13.2.1/thumb/v7e-m+dp/hard\libc_nano.a(libc_a-findfp.o) (__sread)
C:/Users/Godwin/13.2 Rel1/bin/../lib/gcc/arm-none-eabi/13.2.1/thumb/v7e-m+dp/hard\libc_nano.a(libc_a-memset.o)
                              C:/Users/Godwin/13.2 Rel1/bin/../lib/gcc/arm-none-eabi/13.2.1/thumb/v7e-m+dp/hard/crt0.o (memset)
C:/Users/Godwin/13.2 Rel1/bin/../lib/gcc/arm-none-eabi/13.2.1/thumb/v7e-m+dp/hard\libc_nano.a(libc_a-localeconv.o)
                              C:/Users/Godwin/13.2 Rel1/bin/../lib/gcc/arm-none-eabi/13.2.1/thumb/v7e-m+dp/hard\libc_nano.a(libc_a-nano-vfprintf_float.o) (_localeconv_r)
C:/Users/Godwin/13.2 Rel1/bin/../lib/gcc/arm-none-eabi/13.2.1/thumb/v7e-m+dp/hard\libc_nano.a(libc_a-closer.o)
                              C:/Users/Godwin/13.2 Rel1/bin/../lib/gcc/arm-none-eabi/13.2.1/thumb/v7e-m+dp/hard\libc_nano.a(libc_a-stdio.o) (_close_r)
C:/Users/Godwin/13.2 Rel1/bin/../lib/gcc/arm-none-eabi/13.2.1/thumb/v7e-m+dp/hard\libc_nano.a(libc_a-reent.o)
                              C:/Users/Godwin/13.2 Rel1/bin/../lib/gcc/arm-none-eabi/13.2.1/thumb/v7e-m+dp/hard\libc_nano.a(libc_a-closer.o) (errno)
C:/Users/Godwin/13.2 Rel1/bin/../lib/gcc/arm-none-eabi/13.2.1/thumb/v7e-m+dp/hard\libc_nano.a(libc_a-impure.o)
                              C:/Users/Godwin/13.2 Rel1/bin/../lib/gcc/arm-none-eabi/13.2.1/thumb/v7e-m+dp/hard\libc_nano.a(libc_a-malloc.o) (_impure_ptr)
C:/Users/Godwin/13.2 Rel1/bin/../lib/gcc/arm-none-eabi/13.2.1/thumb/v7e-m+dp/hard\libc_nano.a(libc_a-lseekr.o)
                              C:/Users/Godwin/13.2 Rel1/bin/../lib/gcc/arm-none-eabi/13.2.1/thumb/v7e-m+dp/hard\libc_nano.a(libc_a-stdio.o) (_lseek_r)
C:/Users/Godwin/13.2 Rel1/bin/../lib/gcc/arm-none-eabi/13.2.1/thumb/v7e-m+dp/hard\libc_nano.a(libc_a-readr.o)
                              C:/Users/Godwin/13.2 Rel1/bin/../lib/gcc/arm-none-eabi/13.2.1/thumb/v7e-m+dp/hard\libc_nano.a(libc_a-stdio.o) (_read_r)
C:/Users/Godwin/13.2 Rel1/bin/../lib/gcc/arm-none-eabi/13.2.1/thumb/v7e-m+dp/hard\libc_nano.a(libc_a-sbrkr.o)
                              C:/Users/Godwin/13.2 Rel1/bin/../lib/gcc/arm-none-eabi/13.2.1/thumb/v7e-m+dp/hard\libc_nano.a(libc_a-mallocr.o) (_sbrk_r)
C:/Users/Godwin/13.2 Rel1/bin/../lib/gcc/arm-none-eabi/13.2.1/thumb/v7e-m+dp/hard\libc_nano.a(libc_a-writer.o)
                              C:/Users/Godwin/13.2 Rel1/bin/../lib/gcc/arm-none-eabi/13.2.1/thumb/v7e-m+dp/hard\libc_nano.a(libc_a-stdio.o) (_write_r)
C:/Users/Godwin/13.2 Rel1/bin/../lib/gcc/arm-none-eabi/13.2.1/thumb/v7e-m+dp/hard\libc_nano.a(libc_a-errno.o)
                              build/sysmem.o (__errno)
C:/Users/Godwin/13.2 Rel1/bin/../lib/gcc/arm-none-eabi/13.2.1/thumb/v7e-m+dp/hard\libc_nano.a(libc_a-init.o)
[...]
Memory Configuration

Name             Origin             Length             Attributes
RAM              0x24000000         0x00020000         xrw
RAM_D2           0x30000000         0x00008000         xrw
RAM_D3           0x38000000         0x00004000         xrw
ITCMRAM          0x00000000         0x00010000         xrw
FLASH            0x08000000         0x00100000         xr
DTCMRAM          0x20000000         0x00020000         xrw
*default*        0x00000000         0xffffffff

Linker script and memory map

LOAD C:/Users/Godwin/13.2 Rel1/bin/../lib/gcc/arm-none-eabi/13.2.1/thumb/v7e-m+dp/hard/crti.o
LOAD C:/Users/Godwin/13.2 Rel1/bin/../lib/gcc/arm-none-eabi/13.2.1/thumb/v7e-m+dp/hard/crtbegin.o
LOAD C:/Users/Godwin/13.2 Rel1/bin/../lib/gcc/arm-none-eabi/13.2.1/thumb/v7e-m+dp/hard/crt0.o
LOAD build/main.o
LOAD build/iwdg.o
LOAD build/stm32h7xx_it.o
LOAD build/stm32h7xx_hal_msp.o
LOAD build/stm32h7xx_hal_timebase_tim.o
LOAD build/usb_device.o
LOAD build/usbd_desc.o
LOAD build/usbd_cdc_if.o
LOAD build/usbd_conf.o
LOAD build/stm32h7xx_hal_pcd.o
LOAD build/stm32h7xx_hal_pcd_ex.o
LOAD build/stm32h7xx_ll_usb.o
LOAD build/stm32h7xx_hal_rcc.o
LOAD build/stm32h7xx_hal_rcc_ex.o
LOAD build/stm32h7xx_hal_flash.o
LOAD build/stm32h7xx_hal_flash_ex.o
LOAD build/stm32h7xx_hal_gpio.o
LOAD build/stm32h7xx_hal_hsem.o
LOAD build/stm32h7xx_hal_dma.o
LOAD build/stm32h7xx_hal_dma_ex.o
LOAD build/stm32h7xx_hal_mdma.o
LOAD build/stm32h7xx_hal_pwr.o
LOAD build/stm32h7xx_hal_pwr_ex.o
LOAD build/stm32h7xx_hal_cortex.o
LOAD build/stm32h7xx_hal.o
LOAD build/stm32h7xx_hal_i2c.o
LOAD build/stm32h7xx_hal_i2c_ex.o
LOAD build/stm32h7xx_hal_exti.o
LOAD build/stm32h7xx_hal_fdcan.o
LOAD build/stm32h7xx_hal_spi.o
LOAD build/stm32h7xx_hal_spi_ex.o
LOAD build/stm32h7xx_hal_tim.o
LOAD build/stm32h7xx_hal_tim_ex.o
LOAD build/stm32h7xx_hal_uart.o
LOAD build/stm32h7xx_hal_uart_ex.o
LOAD build/stm32h7xx_hal_iwdg.o
LOAD build/system_stm32h7xx.o
LOAD build/usbd_core.o
LOAD build/usbd_ctlreq.o
LOAD build/usbd_ioreq.o
LOAD build/usbd_cdc.o
LOAD build/freertos.o
LOAD build/croutine.o
LOAD build/event_groups.o
LOAD build/list.o
LOAD build/queue.o
LOAD build/stream_buffer.o
LOAD build/tasks.o
LOAD build/timers.o
LOAD build/cmsis_os2.o
LOAD build/heap_4.o
LOAD build/port.o
LOAD build/sysmem.o
LOAD build/syscalls.o
LOAD build/gpio.o
LOAD build/dma.o
LOAD build/fdcan.o
LOAD build/spi.o
LOAD build/tim.o
LOAD build/usart.o
LOAD build/BMI088driver.o
LOAD build/BMI088Middleware.o
LOAD build/ws2812.o
LOAD build/AHRS_middleware.o
LOAD build/CRC8_CRC16.o
LOAD build/fifo.o
LOAD build/Kalman_Filter_c.o
LOAD build/madgwick.o
LOAD build/MahonyAHRS.o
LOAD build/pid.o
LOAD build/ramp_generator.o
LOAD build/UART_data_txrx.o
LOAD build/CAN_receive_send.o
LOAD build/Stm32_time.o
LOAD build/dm4310_drv.o
LOAD build/ktech_motor.o
LOAD build/Robstride04.o
LOAD build/LZ_motor_driver.o
LOAD build/DrEmpower_can.o
LOAD build/arm.o
LOAD build/lift_control.o
LOAD build/pump_control.o
LOAD build/head.o
LOAD build/IMU_updata.o
LOAD build/arm_sv.o
LOAD build/LED.o
LOAD build/Sbus.o
LOAD build/stp23l.o
LOAD build/buzzer.o
LOAD build/crc_ccitt.o
LOAD build/gom_protocol.o
LOAD build/bsp_pca9685.o
LOAD build/remote_control.o
LOAD build/USB_VirCom.o
LOAD build/music.o
LOAD build/i2c.o
LOAD build/startup_stm32h723xx.o
LOAD Algorithm/AHRS.lib
LOAD C:/Users/Godwin/13.2 Rel1/bin/../lib/gcc/arm-none-eabi/13.2.1/thumb/v7e-m+dp/hard\libc_nano.a
LOAD C:/Users/Godwin/13.2 Rel1/bin/../lib/gcc/arm-none-eabi/13.2.1/thumb/v7e-m+dp/hard\libm.a
LOAD C:/Users/Godwin/13.2 Rel1/bin/../lib/gcc/arm-none-eabi/13.2.1/thumb/v7e-m+dp/hard\libnosys.a
LOAD C:/Users/Godwin/13.2 Rel1/bin/../lib/gcc/arm-none-eabi/13.2.1/thumb/v7e-m+dp/hard\libc_nano.a
LOAD C:/Users/Godwin/13.2 Rel1/bin/../lib/gcc/arm-none-eabi/13.2.1/thumb/v7e-m+dp/hard\librdimon_nano.a
START GROUP
LOAD C:/Users/Godwin/13.2 Rel1/bin/../lib/gcc/arm-none-eabi/13.2.1/thumb/v7e-m+dp/hard\libgcc.a
LOAD C:/Users/Godwin/13.2 Rel1/bin/../lib/gcc/arm-none-eabi/13.2.1/thumb/v7e-m+dp/hard\libc_nano.a
END GROUP
START GROUP
LOAD C:/Users/Godwin/13.2 Rel1/bin/../lib/gcc/arm-none-eabi/13.2.1/thumb/v7e-m+dp/hard\libgcc.a
LOAD C:/Users/Godwin/13.2 Rel1/bin/../lib/gcc/arm-none-eabi/13.2.1/thumb/v7e-m+dp/hard\libc_nano.a
END GROUP
LOAD C:/Users/Godwin/13.2 Rel1/bin/../lib/gcc/arm-none-eabi/13.2.1/thumb/v7e-m+dp/hard/crtend.o
LOAD C:/Users/Godwin/13.2 Rel1/bin/../lib/gcc/arm-none-eabi/13.2.1/thumb/v7e-m+dp/hard/crtn.o
                0x24020000                        _estack = (ORIGIN (RAM) + LENGTH (RAM))
                0x00000200                        _Min_Heap_Size = 0x200
                0x00000400                        _Min_Stack_Size = 0x400

.isr_vector     0x08000000      0x2cc
                0x08000000                        . = ALIGN (0x4)
 *(.isr_vector)
 .isr_vector    0x08000000      0x2cc build/startup_stm32h723xx.o
                0x08000000                g_pfnVectors
                0x080002cc                        . = ALIGN (0x4)

.text           0x080002d0    0x2096c
                0x080002d0                        . = ALIGN (0x4)
 *(.text)
 .text          0x080002d0       0x14 C:/Users/Godwin/13.2 Rel1/bin/../lib/gcc/arm-none-eabi/13.2.1/thumb/v7e-m+dp/hard\libc_nano.a(libc_a-strcmp.o)
                0x080002d0                strcmp
 *fill*         0x080002e4        0xc 
 .text          0x080002f0       0xa0 C:/Users/Godwin/13.2 Rel1/bin/../lib/gcc/arm-none-eabi/13.2.1/thumb/v7e-m+dp/hard\libc_nano.a(libc_a-memchr.o)
                0x080002f0                memchr
 .text          0x08000390       0x10 C:/Users/Godwin/13.2 Rel1/bin/../lib/gcc/arm-none-eabi/13.2.1/thumb/v7e-m+dp/hard\libc_nano.a(libc_a-strlen.o)
                0x08000390                strlen
 .text          0x080003a0       0x9a C:/Users/Godwin/13.2 Rel1/bin/../lib/gcc/arm-none-eabi/13.2.1/thumb/v7e-m+dp/hard\libc_nano.a(libc_a-aeabi_memset-soft.o)
                0x080003a0                __aeabi_memset8
                0x080003a0                __aeabi_memset4
                0x080003a0                __aeabi_memset
 *fill*         0x0800043a        0x2 
 .text          0x0800043c       0x30 C:/Users/Godwin/13.2 Rel1/bin/../lib/gcc/arm-none-eabi/13.2.1/thumb/v7e-m+dp/hard\libgcc.a(_aeabi_uldivmod.o)
                0x0800043c                __aeabi_uldivmod
 .text          0x0800046c        0x4 C:/Users/Godwin/13.2 Rel1/bin/../lib/gcc/arm-none-eabi/13.2.1/thumb/v7e-m+dp/hard\libgcc.a(_dvmd_tls.o)
                0x0800046c                __aeabi_idiv0
                0x0800046c                __aeabi_ldiv0
 *(.text*)
 .text.deregister_tm_clones
                0x08000470       0x1c C:/Users/Godwin/13.2 Rel1/bin/../lib/gcc/arm-none-eabi/13.2.1/thumb/v7e-m+dp/hard/crtbegin.o
 .text.register_tm_clones
                0x0800048c       0x24 C:/Users/Godwin/13.2 Rel1/bin/../lib/gcc/arm-none-eabi/13.2.1/thumb/v7e-m+dp/hard/crtbegin.o
 .text.__do_global_dtors_aux
                0x080004b0       0x28 C:/Users/Godwin/13.2 Rel1/bin/../lib/gcc/arm-none-eabi/13.2.1/thumb/v7e-m+dp/hard/crtbegin.o
 .text.frame_dummy
                0x080004d8       0x24 C:/Users/Godwin/13.2 Rel1/bin/../lib/gcc/arm-none-eabi/13.2.1/thumb/v7e-m+dp/hard/crtbegin.o
 .text.main     0x080004fc       0xa4 build/main.o
                0x080004fc                main
 .text.SystemClock_Config
                0x080005a0      0x104 build/main.o
                0x080005a0                SystemClock_Config
 .text.MPU_Config
                0x080006a4       0xa0 build/main.o
 .text.HAL_TIM_PeriodElapsedCallback
                0x08000744       0x54 build/main.o
                0x08000744                HAL_TIM_PeriodElapsedCallback
 .text.Error_Handler
                0x08000798        0xc build/main.o
                0x08000798                Error_Handler
 .text.MX_IWDG1_Init
                0x080007a4       0x3c build/iwdg.o
                0x080007a4                MX_IWDG1_Init
 .text.NMI_Handler
                0x080007e0        0x8 build/stm32h7xx_it.o
                0x080007e0                NMI_Handler
 .text.HardFault_Handler
                0x080007e8        0x8 build/stm32h7xx_it.o
                0x080007e8                HardFault_Handler
 .text.MemManage_Handler
                0x080007f0        0x8 build/stm32h7xx_it.o
                0x080007f0                MemManage_Handler
 .text.BusFault_Handler
                0x080007f8        0x8 build/stm32h7xx_it.o
                0x080007f8                BusFault_Handler
 .text.UsageFault_Handler
                0x08000800        0x8 build/stm32h7xx_it.o
                0x08000800                UsageFault_Handler
 .text.DebugMon_Handler
                0x08000808        0xe build/stm32h7xx_it.o
                0x08000808                DebugMon_Handler
 *fill*         0x08000816        0x2 
 .text.DMA1_Stream0_IRQHandler
                0x08000818       0x14 build/stm32h7xx_it.o
                0x08000818                DMA1_Stream0_IRQHandler
 .text.DMA1_Stream1_IRQHandler
                0x0800082c       0x14 build/stm32h7xx_it.o
                0x0800082c                DMA1_Stream1_IRQHandler
 .text.DMA1_Stream2_IRQHandler
                0x08000840       0x14 build/stm32h7xx_it.o
                0x08000840                DMA1_Stream2_IRQHandler
 .text.DMA1_Stream3_IRQHandler
                0x08000854       0x14 build/stm32h7xx_it.o
                0x08000854                DMA1_Stream3_IRQHandler
 .text.DMA1_Stream4_IRQHandler
                0x08000868       0x14 build/stm32h7xx_it.o
                0x08000868                DMA1_Stream4_IRQHandler
 .text.DMA1_Stream5_IRQHandler
                0x0800087c       0x14 build/stm32h7xx_it.o
                0x0800087c                DMA1_Stream5_IRQHandler
 .text.DMA1_Stream6_IRQHandler
                0x08000890       0x14 build/stm32h7xx_it.o
                0x08000890                DMA1_Stream6_IRQHandler
 .text.FDCAN1_IT0_IRQHandler
                0x080008a4       0x14 build/stm32h7xx_it.o
                0x080008a4                FDCAN1_IT0_IRQHandler
 .text.FDCAN2_IT0_IRQHandler
                0x080008b8       0x14 build/stm32h7xx_it.o
                0x080008b8                FDCAN2_IT0_IRQHandler
 .text.FDCAN1_IT1_IRQHandler
                0x080008cc       0x14 build/stm32h7xx_it.o
                0x080008cc                FDCAN1_IT1_IRQHandler
 .text.FDCAN2_IT1_IRQHandler
                0x080008e0       0x14 build/stm32h7xx_it.o
                0x080008e0                FDCAN2_IT1_IRQHandler
 .text.SPI2_IRQHandler
                0x080008f4       0x14 build/stm32h7xx_it.o
                0x080008f4                SPI2_IRQHandler
 .text.USART1_IRQHandler
                0x08000908       0x14 build/stm32h7xx_it.o
                0x08000908                USART1_IRQHandler
 .text.USART3_IRQHandler
                0x0800091c       0x14 build/stm32h7xx_it.o
                0x0800091c                USART3_IRQHandler
 .text.TIM8_BRK_TIM12_IRQHandler
                0x08000930       0x14 build/stm32h7xx_it.o
                0x08000930                TIM8_BRK_TIM12_IRQHandler
 .text.TIM8_UP_TIM13_IRQHandler
                0x08000944       0x14 build/stm32h7xx_it.o
                0x08000944                TIM8_UP_TIM13_IRQHandler
 .text.TIM8_TRG_COM_TIM14_IRQHandler
                0x08000958       0x14 build/stm32h7xx_it.o
                0x08000958                TIM8_TRG_COM_TIM14_IRQHandler
 .text.DMA1_Stream7_IRQHandler
                0x0800096c       0x14 build/stm32h7xx_it.o
                0x0800096c                DMA1_Stream7_IRQHandler
 .text.UART5_IRQHandler
                0x08000980       0x14 build/stm32h7xx_it.o
                0x08000980                UART5_IRQHandler
 .text.DMA2_Stream0_IRQHandler
                0x08000994       0x14 build/stm32h7xx_it.o
                0x08000994                DMA2_Stream0_IRQHandler
 .text.DMA2_Stream3_IRQHandler
                0x080009a8       0x14 build/stm32h7xx_it.o
                0x080009a8                DMA2_Stream3_IRQHandler
 .text.DMA2_Stream4_IRQHandler
                0x080009bc       0x14 build/stm32h7xx_it.o
                0x080009bc                DMA2_Stream4_IRQHandler
 .text.OTG_HS_IRQHandler
                0x080009d0       0x14 build/stm32h7xx_it.o
                0x080009d0                OTG_HS_IRQHandler
 .text.UART7_IRQHandler
                0x080009e4       0x14 build/stm32h7xx_it.o
                0x080009e4                UART7_IRQHandler
 .text.USART10_IRQHandler
                0x080009f8       0x14 build/stm32h7xx_it.o
                0x080009f8                USART10_IRQHandler
 .text.FDCAN3_IT0_IRQHandler
                0x08000a0c       0x14 build/stm32h7xx_it.o
                0x08000a0c                FDCAN3_IT0_IRQHandler
 .text.FDCAN3_IT1_IRQHandler
                0x08000a20       0x14 build/stm32h7xx_it.o
                0x08000a20                FDCAN3_IT1_IRQHandler
 .text.TIM23_IRQHandler
                0x08000a34       0x14 build/stm32h7xx_it.o
                0x08000a34                TIM23_IRQHandler
 .text.HAL_MspInit
                0x08000a48       0x3c build/stm32h7xx_hal_msp.o
                0x08000a48                HAL_MspInit
 .text.HAL_InitTick
                0x08000a84       0xc4 build/stm32h7xx_hal_timebase_tim.o
                0x08000a84                HAL_InitTick
 .text.MX_USB_DEVICE_Init
                0x08000b48       0x64 build/usb_device.o
                0x08000b48                MX_USB_DEVICE_Init
 .text.USBD_HS_DeviceDescriptor
                0x08000bac       0x24 build/usbd_desc.o
                0x08000bac                USBD_HS_DeviceDescriptor
 .text.USBD_HS_LangIDStrDescriptor
                0x08000bd0       0x24 build/usbd_desc.o
                0x08000bd0                USBD_HS_LangIDStrDescriptor
 .text.USBD_HS_ProductStrDescriptor
                0x08000bf4       0x3c build/usbd_desc.o
                0x08000bf4                USBD_HS_ProductStrDescriptor
 .text.USBD_HS_ManufacturerStrDescriptor
                0x08000c30       0x28 build/usbd_desc.o
                0x08000c30                USBD_HS_ManufacturerStrDescriptor
 .text.USBD_HS_SerialStrDescriptor
                0x08000c58       0x24 build/usbd_desc.o
                0x08000c58                USBD_HS_SerialStrDescriptor
 .text.USBD_HS_ConfigStrDescriptor
                0x08000c7c       0x3c build/usbd_desc.o
                0x08000c7c                USBD_HS_ConfigStrDescriptor
 .text.USBD_HS_InterfaceStrDescriptor
                0x08000cb8       0x3c build/usbd_desc.o
                0x08000cb8                USBD_HS_InterfaceStrDescriptor
 .text.Get_SerialNum
                0x08000cf4       0x58 build/usbd_desc.o
 .text.IntToUnicode
                0x08000d4c       0x7e build/usbd_desc.o
 *fill*         0x08000dca        0x2 
 .text.CDC_Init_HS
                0x08000dcc       0x3c build/usbd_cdc_if.o
 .text.CDC_DeInit_HS
                0x08000e08       0x10 build/usbd_cdc_if.o
 .text.CDC_Control_HS
                0x08000e18       0xbc build/usbd_cdc_if.o
 .text.CDC_Receive_HS
                0x08000ed4       0x34 build/usbd_cdc_if.o
 .text.CDC_Transmit_HS
                0x08000f08       0x4c build/usbd_cdc_if.o
                0x08000f08                CDC_Transmit_HS
 .text.CDC_TransmitCplt_HS
                0x08000f54       0x4c build/usbd_cdc_if.o
 .text.HAL_PCD_MspInit
                0x08000fa0       0x8c build/usbd_conf.o
                0x08000fa0                HAL_PCD_MspInit
 .text.HAL_PCD_SetupStageCallback
                0x0800102c       0x24 build/usbd_conf.o
                0x0800102c                HAL_PCD_SetupStageCallback
 .text.HAL_PCD_DataOutStageCallback
                0x08001050       0x36 build/usbd_conf.o
                0x08001050                HAL_PCD_DataOutStageCallback
 .text.HAL_PCD_DataInStageCallback
                0x08001086       0x34 build/usbd_conf.o
                0x08001086                HAL_PCD_DataInStageCallback
 .text.HAL_PCD_SOFCallback
                0x080010ba       0x1c build/usbd_conf.o
                0x080010ba                HAL_PCD_SOFCallback
 .text.HAL_PCD_ResetCallback
                0x080010d6       0x50 build/usbd_conf.o
                0x080010d6                HAL_PCD_ResetCallback
 *fill*         0x08001126        0x2 
 .text.HAL_PCD_SuspendCallback
                0x08001128       0x4c build/usbd_conf.o
                0x08001128                HAL_PCD_SuspendCallback
 .text.HAL_PCD_ResumeCallback
                0x08001174       0x1c build/usbd_conf.o
                0x08001174                HAL_PCD_ResumeCallback
 .text.HAL_PCD_ISOOUTIncompleteCallback
                0x08001190       0x24 build/usbd_conf.o
                0x08001190                HAL_PCD_ISOOUTIncompleteCallback
 .text.HAL_PCD_ISOINIncompleteCallback
                0x080011b4       0x24 build/usbd_conf.o
                0x080011b4                HAL_PCD_ISOINIncompleteCallback
 .text.HAL_PCD_ConnectCallback
                0x080011d8       0x1c build/usbd_conf.o
                0x080011d8                HAL_PCD_ConnectCallback
 .text.HAL_PCD_DisconnectCallback
                0x080011f4       0x1c build/usbd_conf.o
                0x080011f4                HAL_PCD_DisconnectCallback
 .text.USBD_LL_Init
                0x08001210       0xa4 build/usbd_conf.o
                0x08001210                USBD_LL_Init
 .text.USBD_LL_Start
                0x080012b4       0x36 build/usbd_conf.o
                0x080012b4                USBD_LL_Start
 .text.USBD_LL_OpenEP
                0x080012ea       0x4c build/usbd_conf.o
                0x080012ea                USBD_LL_OpenEP
 .text.USBD_LL_CloseEP
                0x08001336       0x3e build/usbd_conf.o
                0x08001336                USBD_LL_CloseEP
 .text.USBD_LL_StallEP
                0x08001374       0x3e build/usbd_conf.o
                0x08001374                USBD_LL_StallEP
 .text.USBD_LL_ClearStallEP
                0x080013b2       0x3e build/usbd_conf.o
                0x080013b2                USBD_LL_ClearStallEP
 .text.USBD_LL_IsStallEP
                0x080013f0       0x58 build/usbd_conf.o
                0x080013f0                USBD_LL_IsStallEP
 .text.USBD_LL_SetUSBAddress
                0x08001448       0x3e build/usbd_conf.o
                0x08001448                USBD_LL_SetUSBAddress
 .text.USBD_LL_Transmit
                0x08001486       0x42 build/usbd_conf.o
                0x08001486                USBD_LL_Transmit
 .text.USBD_LL_PrepareReceive
                0x080014c8       0x42 build/usbd_conf.o
                0x080014c8                USBD_LL_PrepareReceive
 .text.USBD_LL_GetRxDataSize
                0x0800150a       0x26 build/usbd_conf.o
                0x0800150a                USBD_LL_GetRxDataSize
 .text.USBD_static_malloc
                0x08001530       0x1c build/usbd_conf.o
                0x08001530                USBD_static_malloc
 .text.USBD_static_free
                0x0800154c       0x14 build/usbd_conf.o
                0x0800154c                USBD_static_free
 .text.USBD_Get_USB_Status
                0x08001560       0x58 build/usbd_conf.o
                0x08001560                USBD_Get_USB_Status
 .text.HAL_PCD_Init
                0x080015b8      0x218 build/stm32h7xx_hal_pcd.o
                0x080015b8                HAL_PCD_Init
 .text.HAL_PCD_Start
                0x080017d0       0x6a build/stm32h7xx_hal_pcd.o
                0x080017d0                HAL_PCD_Start
 .text.HAL_PCD_IRQHandler
                0x0800183a      0x99c build/stm32h7xx_hal_pcd.o
                0x0800183a                HAL_PCD_IRQHandler
 .text.HAL_PCD_SetAddress
                0x080021d6       0x48 build/stm32h7xx_hal_pcd.o
                0x080021d6                HAL_PCD_SetAddress
 .text.HAL_PCD_EP_Open
                0x0800221e       0xd4 build/stm32h7xx_hal_pcd.o
                0x0800221e                HAL_PCD_EP_Open
 .text.HAL_PCD_EP_Close
                0x080022f2       0x94 build/stm32h7xx_hal_pcd.o
                0x080022f2                HAL_PCD_EP_Close
 .text.HAL_PCD_EP_Receive
                0x08002386       0x76 build/stm32h7xx_hal_pcd.o
                0x08002386                HAL_PCD_EP_Receive
 .text.HAL_PCD_EP_GetRxCount
                0x080023fc       0x30 build/stm32h7xx_hal_pcd.o
                0x080023fc                HAL_PCD_EP_GetRxCount
 .text.HAL_PCD_EP_Transmit
                0x0800242c       0x74 build/stm32h7xx_hal_pcd.o
                0x0800242c                HAL_PCD_EP_Transmit
 .text.HAL_PCD_EP_SetStall
                0x080024a0       0xc6 build/stm32h7xx_hal_pcd.o
                0x080024a0                HAL_PCD_EP_SetStall
 .text.HAL_PCD_EP_ClrStall
                0x08002566       0xac build/stm32h7xx_hal_pcd.o
                0x08002566                HAL_PCD_EP_ClrStall
 .text.HAL_PCD_EP_Abort
                0x08002612       0x62 build/stm32h7xx_hal_pcd.o
                0x08002612                HAL_PCD_EP_Abort
 .text.PCD_WriteEmptyTxFifo
                0x08002674      0x118 build/stm32h7xx_hal_pcd.o
 .text.PCD_EP_OutXfrComplete_int
                0x0800278c      0x1d0 build/stm32h7xx_hal_pcd.o
 .text.PCD_EP_OutSetupPacket_int
                0x0800295c       0x8c build/stm32h7xx_hal_pcd.o
 .text.HAL_PCDEx_SetTxFiFo
                0x080029e8       0x8e build/stm32h7xx_hal_pcd_ex.o
                0x080029e8                HAL_PCDEx_SetTxFiFo
 .text.HAL_PCDEx_SetRxFiFo
                0x08002a76       0x22 build/stm32h7xx_hal_pcd_ex.o
                0x08002a76                HAL_PCDEx_SetRxFiFo
 .text.HAL_PCDEx_ActivateLPM
                0x08002a98       0x48 build/stm32h7xx_hal_pcd_ex.o
                0x08002a98                HAL_PCDEx_ActivateLPM
 .text.HAL_PCDEx_LPM_Callback
                0x08002ae0       0x18 build/stm32h7xx_hal_pcd_ex.o
                0x08002ae0                HAL_PCDEx_LPM_Callback
 .text.USB_CoreInit
                0x08002af8       0xe4 build/stm32h7xx_ll_usb.o
                0x08002af8                USB_CoreInit
 .text.USB_SetTurnaroundTime
                0x08002bdc      0x144 build/stm32h7xx_ll_usb.o
                0x08002bdc                USB_SetTurnaroundTime
 .text.USB_EnableGlobalInt
                0x08002d20       0x22 build/stm32h7xx_ll_usb.o
                0x08002d20                USB_EnableGlobalInt
 .text.USB_DisableGlobalInt
                0x08002d42       0x22 build/stm32h7xx_ll_usb.o
                0x08002d42                USB_DisableGlobalInt
 .text.USB_SetCurrentMode
                0x08002d64       0x98 build/stm32h7xx_ll_usb.o
                0x08002d64                USB_SetCurrentMode
 .text.USB_DevInit
                0x08002dfc      0x2bc build/stm32h7xx_ll_usb.o
                0x08002dfc                USB_DevInit
 .text.USB_FlushTxFifo
                0x080030b8       0x64 build/stm32h7xx_ll_usb.o
                0x080030b8                USB_FlushTxFifo
 .text.USB_FlushRxFifo
                0x0800311c       0x5c build/stm32h7xx_ll_usb.o
                0x0800311c                USB_FlushRxFifo
 .text.USB_SetDevSpeed
                0x08003178       0x32 build/stm32h7xx_ll_usb.o
                0x08003178                USB_SetDevSpeed
 .text.USB_GetDevSpeed
                0x080031aa       0x4a build/stm32h7xx_ll_usb.o
                0x080031aa                USB_GetDevSpeed
 .text.USB_ActivateEndpoint
                0x080031f4      0x110 build/stm32h7xx_ll_usb.o
                0x080031f4                USB_ActivateEndpoint
 .text.USB_DeactivateEndpoint
                0x08003304      0x1b8 build/stm32h7xx_ll_usb.o
                0x08003304                USB_DeactivateEndpoint
 .text.USB_EPStartXfer
                0x080034bc      0x548 build/stm32h7xx_ll_usb.o
                0x080034bc                USB_EPStartXfer
 .text.USB_EPStopXfer
                0x08003a04      0x154 build/stm32h7xx_ll_usb.o
                0x08003a04                USB_EPStopXfer
 .text.USB_WritePacket
                0x08003b58       0x7c build/stm32h7xx_ll_usb.o
                0x08003b58                USB_WritePacket
 .text.USB_ReadPacket
                0x08003bd4       0xb0 build/stm32h7xx_ll_usb.o
                0x08003bd4                USB_ReadPacket
 .text.USB_EPSetStall
                0x08003c84       0xdc build/stm32h7xx_ll_usb.o
                0x08003c84                USB_EPSetStall
 .text.USB_EPClearStall
                0x08003d60       0xcc build/stm32h7xx_ll_usb.o
                0x08003d60                USB_EPClearStall
 .text.USB_SetDevAddress
                0x08003e2c       0x4c build/stm32h7xx_ll_usb.o
                0x08003e2c                USB_SetDevAddress
 .text.USB_DevConnect
                0x08003e78       0x42 build/stm32h7xx_ll_usb.o
                0x08003e78                USB_DevConnect
 .text.USB_DevDisconnect
                0x08003eba       0x42 build/stm32h7xx_ll_usb.o
                0x08003eba                USB_DevDisconnect
 .text.USB_ReadInterrupts
                0x08003efc       0x26 build/stm32h7xx_ll_usb.o
                0x08003efc                USB_ReadInterrupts
 .text.USB_ReadDevAllOutEpInterrupt
                0x08003f22       0x34 build/stm32h7xx_ll_usb.o
                0x08003f22                USB_ReadDevAllOutEpInterrupt
 .text.USB_ReadDevAllInEpInterrupt
                0x08003f56       0x34 build/stm32h7xx_ll_usb.o
                0x08003f56                USB_ReadDevAllInEpInterrupt
 .text.USB_ReadDevOutEPInterrupt
                0x08003f8a       0x3c build/stm32h7xx_ll_usb.o
                0x08003f8a                USB_ReadDevOutEPInterrupt
 .text.USB_ReadDevInEPInterrupt
                0x08003fc6       0x5c build/stm32h7xx_ll_usb.o
                0x08003fc6                USB_ReadDevInEPInterrupt
 .text.USB_GetMode
                0x08004022       0x1c build/stm32h7xx_ll_usb.o
                0x08004022                USB_GetMode
 *fill*         0x0800403e        0x2 
 .text.USB_ActivateSetup
                0x08004040       0x48 build/stm32h7xx_ll_usb.o
                0x08004040                USB_ActivateSetup
 .text.USB_EP0_OutStart
                0x08004088       0xbc build/stm32h7xx_ll_usb.o
                0x08004088                USB_EP0_OutStart
 .text.USB_CoreReset
                0x08004144       0x62 build/stm32h7xx_ll_usb.o
 *fill*         0x080041a6        0x2 
 .text.HAL_RCC_OscConfig
                0x080041a8      0x7b4 build/stm32h7xx_hal_rcc.o
                0x080041a8                HAL_RCC_OscConfig
 .text.HAL_RCC_ClockConfig
                0x0800495c      0x36c build/stm32h7xx_hal_rcc.o
                0x0800495c                HAL_RCC_ClockConfig
 .text.HAL_RCC_MCOConfig
                0x08004cc8       0xd4 build/stm32h7xx_hal_rcc.o
                0x08004cc8                HAL_RCC_MCOConfig
 .text.HAL_RCC_GetSysClockFreq
                0x08004d9c      0x2f4 build/stm32h7xx_hal_rcc.o
                0x08004d9c                HAL_RCC_GetSysClockFreq
 .text.HAL_RCC_GetHCLKFreq
                0x08005090       0x60 build/stm32h7xx_hal_rcc.o
                0x08005090                HAL_RCC_GetHCLKFreq
 .text.HAL_RCC_GetPCLK1Freq
                0x080050f0       0x2c build/stm32h7xx_hal_rcc.o
                0x080050f0                HAL_RCC_GetPCLK1Freq
 .text.HAL_RCC_GetPCLK2Freq
                0x0800511c       0x2c build/stm32h7xx_hal_rcc.o
                0x0800511c                HAL_RCC_GetPCLK2Freq
 .text.HAL_RCC_GetClockConfig
                0x08005148       0x84 build/stm32h7xx_hal_rcc.o
                0x08005148                HAL_RCC_GetClockConfig
 .text.HAL_RCCEx_PeriphCLKConfig
                0x080051cc     0x1340 build/stm32h7xx_hal_rcc_ex.o
                0x080051cc                HAL_RCCEx_PeriphCLKConfig
 .text.HAL_RCCEx_GetD3PCLK1Freq
                0x0800650c       0x2c build/stm32h7xx_hal_rcc_ex.o
                0x0800650c                HAL_RCCEx_GetD3PCLK1Freq
 .text.HAL_RCCEx_GetPLL2ClockFreq
                0x08006538      0x2a8 build/stm32h7xx_hal_rcc_ex.o
                0x08006538                HAL_RCCEx_GetPLL2ClockFreq
 .text.HAL_RCCEx_GetPLL3ClockFreq
                0x080067e0      0x2a8 build/stm32h7xx_hal_rcc_ex.o
                0x080067e0                HAL_RCCEx_GetPLL3ClockFreq
 .text.RCCEx_PLL2_Config
                0x08006a88      0x164 build/stm32h7xx_hal_rcc_ex.o
 .text.RCCEx_PLL3_Config
                0x08006bec      0x164 build/stm32h7xx_hal_rcc_ex.o
 .text.HAL_GPIO_Init
                0x08006d50      0x350 build/stm32h7xx_hal_gpio.o
                0x08006d50                HAL_GPIO_Init
 .text.HAL_GPIO_DeInit
                0x080070a0      0x204 build/stm32h7xx_hal_gpio.o
                0x080070a0                HAL_GPIO_DeInit
 .text.HAL_GPIO_WritePin
                0x080072a4       0x32 build/stm32h7xx_hal_gpio.o
                0x080072a4                HAL_GPIO_WritePin
 *fill*         0x080072d6        0x2 
 .text.HAL_DMA_Init
                0x080072d8      0x6b0 build/stm32h7xx_hal_dma.o
                0x080072d8                HAL_DMA_Init
 .text.HAL_DMA_Start_IT
                0x08007988      0x4d4 build/stm32h7xx_hal_dma.o
                0x08007988                HAL_DMA_Start_IT
 .text.HAL_DMA_Abort
                0x08007e5c      0x63c build/stm32h7xx_hal_dma.o
                0x08007e5c                HAL_DMA_Abort
 .text.HAL_DMA_Abort_IT
                0x08008498      0x48c build/stm32h7xx_hal_dma.o
                0x08008498                HAL_DMA_Abort_IT
 .text.HAL_DMA_IRQHandler
                0x08008924      0xe54 build/stm32h7xx_hal_dma.o
                0x08008924                HAL_DMA_IRQHandler
 .text.DMA_SetConfig
                0x08009778      0x358 build/stm32h7xx_hal_dma.o
 .text.DMA_CalcBaseAndBitshift
                0x08009ad0      0x164 build/stm32h7xx_hal_dma.o
 .text.DMA_CheckFifoParam
                0x08009c34       0xf8 build/stm32h7xx_hal_dma.o
 .text.DMA_CalcDMAMUXChannelBaseAndMask
                0x08009d2c      0x134 build/stm32h7xx_hal_dma.o
 .text.DMA_CalcDMAMUXRequestGenBaseAndMask
                0x08009e60       0xe8 build/stm32h7xx_hal_dma.o
 .text.HAL_PWREx_ConfigSupply
                0x08009f48       0x74 build/stm32h7xx_hal_pwr_ex.o
                0x08009f48                HAL_PWREx_ConfigSupply
 .text.HAL_PWREx_EnableUSBVoltageDetector
                0x08009fbc       0x20 build/stm32h7xx_hal_pwr_ex.o
                0x08009fbc                HAL_PWREx_EnableUSBVoltageDetector
 .text.__NVIC_SetPriorityGrouping
                0x08009fdc       0x48 build/stm32h7xx_hal_cortex.o
 .text.__NVIC_GetPriorityGrouping
                0x0800a024       0x1c build/stm32h7xx_hal_cortex.o
 .text.__NVIC_EnableIRQ
                0x0800a040       0x3c build/stm32h7xx_hal_cortex.o
 .text.__NVIC_DisableIRQ
                0x0800a07c       0x48 build/stm32h7xx_hal_cortex.o
 .text.__NVIC_SetPriority
                0x0800a0c4       0x54 build/stm32h7xx_hal_cortex.o
 .text.NVIC_EncodePriority
                0x0800a118       0x66 build/stm32h7xx_hal_cortex.o
 .text.HAL_NVIC_SetPriorityGrouping
                0x0800a17e       0x16 build/stm32h7xx_hal_cortex.o
                0x0800a17e                HAL_NVIC_SetPriorityGrouping
 .text.HAL_NVIC_SetPriority
                0x0800a194       0x34 build/stm32h7xx_hal_cortex.o
                0x0800a194                HAL_NVIC_SetPriority
 .text.HAL_NVIC_EnableIRQ
                0x0800a1c8       0x1c build/stm32h7xx_hal_cortex.o
                0x0800a1c8                HAL_NVIC_EnableIRQ
 .text.HAL_NVIC_DisableIRQ
                0x0800a1e4       0x1c build/stm32h7xx_hal_cortex.o
                0x0800a1e4                HAL_NVIC_DisableIRQ
 .text.HAL_MPU_Disable
                0x0800a200       0x30 build/stm32h7xx_hal_cortex.o
                0x0800a200                HAL_MPU_Disable
 .text.HAL_MPU_Enable
                0x0800a230       0x40 build/stm32h7xx_hal_cortex.o
                0x0800a230                HAL_MPU_Enable
 .text.HAL_MPU_ConfigRegion
                0x0800a270       0x80 build/stm32h7xx_hal_cortex.o
                0x0800a270                HAL_MPU_ConfigRegion
 .text.HAL_Init
                0x0800a2f0       0x78 build/stm32h7xx_hal.o
                0x0800a2f0                HAL_Init
 .text.HAL_IncTick
                0x0800a368       0x28 build/stm32h7xx_hal.o
                0x0800a368                HAL_IncTick
 .text.HAL_GetTick
                0x0800a390       0x18 build/stm32h7xx_hal.o
                0x0800a390                HAL_GetTick
 .text.HAL_Delay
                0x0800a3a8       0x48 build/stm32h7xx_hal.o
                0x0800a3a8                HAL_Delay
 .text.HAL_SYSCFG_AnalogSwitchConfig
                0x0800a3f0       0x2c build/stm32h7xx_hal.o
                0x0800a3f0                HAL_SYSCFG_AnalogSwitchConfig
 .text.HAL_I2C_Init
                0x0800a41c      0x138 build/stm32h7xx_hal_i2c.o
                0x0800a41c                HAL_I2C_Init
 .text.HAL_I2C_Mem_Write
                0x0800a554      0x228 build/stm32h7xx_hal_i2c.o
                0x0800a554                HAL_I2C_Mem_Write
 .text.HAL_I2C_Mem_Read
                0x0800a77c      0x234 build/stm32h7xx_hal_i2c.o
                0x0800a77c                HAL_I2C_Mem_Read
 .text.I2C_RequestMemoryWrite
                0x0800a9b0       0xa8 build/stm32h7xx_hal_i2c.o
 .text.I2C_RequestMemoryRead
                0x0800aa58       0xa8 build/stm32h7xx_hal_i2c.o
 .text.I2C_Flush_TXDR
                0x0800ab00       0x48 build/stm32h7xx_hal_i2c.o
 .text.I2C_WaitOnFlagUntilTimeout
                0x0800ab48       0xb2 build/stm32h7xx_hal_i2c.o
 .text.I2C_WaitOnTXISFlagUntilTimeout
                0x0800abfa       0x8e build/stm32h7xx_hal_i2c.o
 .text.I2C_WaitOnSTOPFlagUntilTimeout
                0x0800ac88       0x86 build/stm32h7xx_hal_i2c.o
 *fill*         0x0800ad0e        0x2 
 .text.I2C_IsErrorOccurred
                0x0800ad10      0x1c0 build/stm32h7xx_hal_i2c.o
 .text.I2C_TransferConfig
                0x0800aed0       0x64 build/stm32h7xx_hal_i2c.o
 .text.HAL_I2CEx_ConfigAnalogFilter
                0x0800af34       0x96 build/stm32h7xx_hal_i2c_ex.o
                0x0800af34                HAL_I2CEx_ConfigAnalogFilter
 .text.HAL_I2CEx_ConfigDigitalFilter
                0x0800afca       0x98 build/stm32h7xx_hal_i2c_ex.o
                0x0800afca                HAL_I2CEx_ConfigDigitalFilter
 *fill*         0x0800b062        0x2 
 .text.HAL_FDCAN_Init
                0x0800b064      0x3bc build/stm32h7xx_hal_fdcan.o
                0x0800b064                HAL_FDCAN_Init
 .text.HAL_FDCAN_DeInit
                0x0800b420       0x48 build/stm32h7xx_hal_fdcan.o
                0x0800b420                HAL_FDCAN_DeInit
 .text.HAL_FDCAN_ConfigFilter
                0x0800b468       0xec build/stm32h7xx_hal_fdcan.o
                0x0800b468                HAL_FDCAN_ConfigFilter
 .text.HAL_FDCAN_ConfigGlobalFilter
                0x0800b554       0x5a build/stm32h7xx_hal_fdcan.o
                0x0800b554                HAL_FDCAN_ConfigGlobalFilter
 .text.HAL_FDCAN_Start
                0x0800b5ae       0x56 build/stm32h7xx_hal_fdcan.o
                0x0800b5ae                HAL_FDCAN_Start
 .text.HAL_FDCAN_Stop
                0x0800b604       0xee build/stm32h7xx_hal_fdcan.o
                0x0800b604                HAL_FDCAN_Stop
 .text.HAL_FDCAN_AddMessageToTxFifoQ
                0x0800b6f2       0xb6 build/stm32h7xx_hal_fdcan.o
                0x0800b6f2                HAL_FDCAN_AddMessageToTxFifoQ
 .text.HAL_FDCAN_GetRxMessage
                0x0800b7a8      0x2d8 build/stm32h7xx_hal_fdcan.o
                0x0800b7a8                HAL_FDCAN_GetRxMessage
 .text.HAL_FDCAN_ActivateNotification
                0x0800ba80       0xf4 build/stm32h7xx_hal_fdcan.o
                0x0800ba80                HAL_FDCAN_ActivateNotification
 .text.HAL_FDCAN_IRQHandler
                0x0800bb74      0x4bc build/stm32h7xx_hal_fdcan.o
                0x0800bb74                HAL_FDCAN_IRQHandler
 .text.HAL_FDCAN_ClockCalibrationCallback
                0x0800c030       0x16 build/stm32h7xx_hal_fdcan.o
                0x0800c030                HAL_FDCAN_ClockCalibrationCallback
 .text.HAL_FDCAN_TxEventFifoCallback
                0x0800c046       0x16 build/stm32h7xx_hal_fdcan.o
                0x0800c046                HAL_FDCAN_TxEventFifoCallback
 .text.HAL_FDCAN_RxFifo1Callback
                0x0800c05c       0x16 build/stm32h7xx_hal_fdcan.o
                0x0800c05c                HAL_FDCAN_RxFifo1Callback
 .text.HAL_FDCAN_TxFifoEmptyCallback
                0x0800c072       0x14 build/stm32h7xx_hal_fdcan.o
                0x0800c072                HAL_FDCAN_TxFifoEmptyCallback
 .text.HAL_FDCAN_TxBufferCompleteCallback
                0x0800c086       0x16 build/stm32h7xx_hal_fdcan.o
                0x0800c086                HAL_FDCAN_TxBufferCompleteCallback
 .text.HAL_FDCAN_TxBufferAbortCallback
                0x0800c09c       0x16 build/stm32h7xx_hal_fdcan.o
                0x0800c09c                HAL_FDCAN_TxBufferAbortCallback
 .text.HAL_FDCAN_RxBufferNewMessageCallback
                0x0800c0b2       0x14 build/stm32h7xx_hal_fdcan.o
                0x0800c0b2                HAL_FDCAN_RxBufferNewMessageCallback
 .text.HAL_FDCAN_TimestampWraparoundCallback
                0x0800c0c6       0x14 build/stm32h7xx_hal_fdcan.o
                0x0800c0c6                HAL_FDCAN_TimestampWraparoundCallback
 .text.HAL_FDCAN_TimeoutOccurredCallback
                0x0800c0da       0x14 build/stm32h7xx_hal_fdcan.o
                0x0800c0da                HAL_FDCAN_TimeoutOccurredCallback
 .text.HAL_FDCAN_HighPriorityMessageCallback
                0x0800c0ee       0x14 build/stm32h7xx_hal_fdcan.o
                0x0800c0ee                HAL_FDCAN_HighPriorityMessageCallback
 .text.HAL_FDCAN_ErrorStatusCallback
                0x0800c102       0x16 build/stm32h7xx_hal_fdcan.o
                0x0800c102                HAL_FDCAN_ErrorStatusCallback
 .text.HAL_FDCAN_TT_ScheduleSyncCallback
                0x0800c118       0x16 build/stm32h7xx_hal_fdcan.o
                0x0800c118                HAL_FDCAN_TT_ScheduleSyncCallback
 .text.HAL_FDCAN_TT_TimeMarkCallback
                0x0800c12e       0x16 build/stm32h7xx_hal_fdcan.o
                0x0800c12e                HAL_FDCAN_TT_TimeMarkCallback
 .text.HAL_FDCAN_TT_StopWatchCallback
                0x0800c144       0x18 build/stm32h7xx_hal_fdcan.o
                0x0800c144                HAL_FDCAN_TT_StopWatchCallback
 .text.HAL_FDCAN_TT_GlobalTimeCallback
                0x0800c15c       0x16 build/stm32h7xx_hal_fdcan.o
                0x0800c15c                HAL_FDCAN_TT_GlobalTimeCallback
 *fill*         0x0800c172        0x2 
 .text.FDCAN_CalcultateRamBlockAddresses
                0x0800c174      0x30c build/stm32h7xx_hal_fdcan.o
 .text.FDCAN_CopyMessageToRAM
                0x0800c480       0xfc build/stm32h7xx_hal_fdcan.o
 .text.HAL_SPI_Init
                0x0800c57c      0x248 build/stm32h7xx_hal_spi.o
                0x0800c57c                HAL_SPI_Init
 .text.HAL_SPI_Transmit
                0x0800c7c4      0x3dc build/stm32h7xx_hal_spi.o
                0x0800c7c4                HAL_SPI_Transmit
 .text.HAL_SPI_TransmitReceive
                0x0800cba0      0x674 build/stm32h7xx_hal_spi.o
                0x0800cba0                HAL_SPI_TransmitReceive
 .text.HAL_SPI_IRQHandler
                0x0800d214      0x39c build/stm32h7xx_hal_spi.o
                0x0800d214                HAL_SPI_IRQHandler
 .text.HAL_SPI_TxCpltCallback
                0x0800d5b0       0x14 build/stm32h7xx_hal_spi.o
                0x0800d5b0                HAL_SPI_TxCpltCallback
 .text.HAL_SPI_RxCpltCallback
                0x0800d5c4       0x14 build/stm32h7xx_hal_spi.o
                0x0800d5c4                HAL_SPI_RxCpltCallback
 .text.HAL_SPI_TxRxCpltCallback
                0x0800d5d8       0x14 build/stm32h7xx_hal_spi.o
                0x0800d5d8                HAL_SPI_TxRxCpltCallback
 .text.HAL_SPI_ErrorCallback
                0x0800d5ec       0x14 build/stm32h7xx_hal_spi.o
                0x0800d5ec                HAL_SPI_ErrorCallback
 .text.HAL_SPI_SuspendCallback
                0x0800d600       0x14 build/stm32h7xx_hal_spi.o
                0x0800d600                HAL_SPI_SuspendCallback
 .text.SPI_DMAAbortOnError
                0x0800d614       0x34 build/stm32h7xx_hal_spi.o
 .text.SPI_CloseTransfer
                0x0800d648      0x140 build/stm32h7xx_hal_spi.o
 .text.SPI_WaitOnFlagUntilTimeout
                0x0800d788       0x5c build/stm32h7xx_hal_spi.o
 .text.SPI_GetPacketSize
                0x0800d7e4       0x36 build/stm32h7xx_hal_spi.o
 .text.HAL_TIM_Base_Init
                0x0800d81a       0xae build/stm32h7xx_hal_tim.o
                0x0800d81a                HAL_TIM_Base_Init
 .text.HAL_TIM_Base_Start
                0x0800d8c8       0xfc build/stm32h7xx_hal_tim.o
                0x0800d8c8                HAL_TIM_Base_Start
 .text.HAL_TIM_Base_Start_IT
                0x0800d9c4      0x10c build/stm32h7xx_hal_tim.o
                0x0800d9c4                HAL_TIM_Base_Start_IT
 .text.HAL_TIM_PWM_Init
                0x0800dad0       0xae build/stm32h7xx_hal_tim.o
                0x0800dad0                HAL_TIM_PWM_Init
 *fill*         0x0800db7e        0x2 
 .text.HAL_TIM_PWM_Start
                0x0800db80      0x238 build/stm32h7xx_hal_tim.o
                0x0800db80                HAL_TIM_PWM_Start
 .text.HAL_TIM_IRQHandler
                0x0800ddb8      0x20e build/stm32h7xx_hal_tim.o
                0x0800ddb8                HAL_TIM_IRQHandler
 *fill*         0x0800dfc6        0x2 
 .text.HAL_TIM_PWM_ConfigChannel
                0x0800dfc8      0x228 build/stm32h7xx_hal_tim.o
                0x0800dfc8                HAL_TIM_PWM_ConfigChannel
 .text.HAL_TIM_ConfigClockSource
                0x0800e1f0      0x1f0 build/stm32h7xx_hal_tim.o
                0x0800e1f0                HAL_TIM_ConfigClockSource
 .text.HAL_TIM_OC_DelayElapsedCallback
                0x0800e3e0       0x14 build/stm32h7xx_hal_tim.o
                0x0800e3e0                HAL_TIM_OC_DelayElapsedCallback
 .text.HAL_TIM_IC_CaptureCallback
                0x0800e3f4       0x14 build/stm32h7xx_hal_tim.o
                0x0800e3f4                HAL_TIM_IC_CaptureCallback
 .text.HAL_TIM_PWM_PulseFinishedCallback
                0x0800e408       0x14 build/stm32h7xx_hal_tim.o
                0x0800e408                HAL_TIM_PWM_PulseFinishedCallback
 .text.HAL_TIM_TriggerCallback
                0x0800e41c       0x14 build/stm32h7xx_hal_tim.o
                0x0800e41c                HAL_TIM_TriggerCallback
 .text.TIM_Base_SetConfig
                0x0800e430      0x158 build/stm32h7xx_hal_tim.o
                0x0800e430                TIM_Base_SetConfig
 .text.TIM_OC1_SetConfig
                0x0800e588      0x120 build/stm32h7xx_hal_tim.o
 .text.TIM_OC2_SetConfig
                0x0800e6a8      0x114 build/stm32h7xx_hal_tim.o
                0x0800e6a8                TIM_OC2_SetConfig
 .text.TIM_OC3_SetConfig
                0x0800e7bc      0x110 build/stm32h7xx_hal_tim.o
 .text.TIM_OC4_SetConfig
                0x0800e8cc       0xd4 build/stm32h7xx_hal_tim.o
 .text.TIM_OC5_SetConfig
                0x0800e9a0       0xc8 build/stm32h7xx_hal_tim.o
 .text.TIM_OC6_SetConfig
                0x0800ea68       0xcc build/stm32h7xx_hal_tim.o
 .text.TIM_TI1_ConfigInputStage
                0x0800eb34       0x5e build/stm32h7xx_hal_tim.o
 .text.TIM_TI2_ConfigInputStage
                0x0800eb92       0x60 build/stm32h7xx_hal_tim.o
 *fill*         0x0800ebf2        0x2 
 .text.TIM_ITRx_SetConfig
                0x0800ebf4       0x3c build/stm32h7xx_hal_tim.o
 .text.TIM_ETR_SetConfig
                0x0800ec30       0x40 build/stm32h7xx_hal_tim.o
                0x0800ec30                TIM_ETR_SetConfig
 .text.TIM_CCxChannelCmd
                0x0800ec70       0x4a build/stm32h7xx_hal_tim.o
                0x0800ec70                TIM_CCxChannelCmd
 *fill*         0x0800ecba        0x2 
 .text.HAL_TIMEx_MasterConfigSynchronization
                0x0800ecbc      0x138 build/stm32h7xx_hal_tim_ex.o
                0x0800ecbc                HAL_TIMEx_MasterConfigSynchronization
 .text.HAL_TIMEx_CommutCallback
                0x0800edf4       0x14 build/stm32h7xx_hal_tim_ex.o
                0x0800edf4                HAL_TIMEx_CommutCallback
 .text.HAL_TIMEx_BreakCallback
                0x0800ee08       0x14 build/stm32h7xx_hal_tim_ex.o
                0x0800ee08                HAL_TIMEx_BreakCallback
 .text.HAL_TIMEx_Break2Callback
                0x0800ee1c       0x14 build/stm32h7xx_hal_tim_ex.o
                0x0800ee1c                HAL_TIMEx_Break2Callback
 .text.HAL_UART_Init
                0x0800ee30       0xa0 build/stm32h7xx_hal_uart.o
                0x0800ee30                HAL_UART_Init
 .text.HAL_UART_IRQHandler
                0x0800eed0      0x7ac build/stm32h7xx_hal_uart.o
                0x0800eed0                HAL_UART_IRQHandler
 .text.HAL_UART_TxCpltCallback
                0x0800f67c       0x14 build/stm32h7xx_hal_uart.o
                0x0800f67c                HAL_UART_TxCpltCallback
 .text.HAL_UART_RxHalfCpltCallback
                0x0800f690       0x14 build/stm32h7xx_hal_uart.o
                0x0800f690                HAL_UART_RxHalfCpltCallback
 .text.UART_SetConfig
                0x0800f6a4      0xcd8 build/stm32h7xx_hal_uart.o
                0x0800f6a4                UART_SetConfig
 .text.UART_AdvFeatureConfig
                0x0801037c      0x144 build/stm32h7xx_hal_uart.o
                0x0801037c                UART_AdvFeatureConfig
 .text.UART_CheckIdleState
                0x080104c0      0x154 build/stm32h7xx_hal_uart.o
                0x080104c0                UART_CheckIdleState
 .text.UART_WaitOnFlagUntilTimeout
                0x08010614       0xda build/stm32h7xx_hal_uart.o
                0x08010614                UART_WaitOnFlagUntilTimeout
 *fill*         0x080106ee        0x2 
 .text.UART_Start_Receive_DMA
                0x080106f0      0x14c build/stm32h7xx_hal_uart.o
                0x080106f0                UART_Start_Receive_DMA
 .text.UART_EndTxTransfer
                0x0801083c       0x82 build/stm32h7xx_hal_uart.o
 *fill*         0x080108be        0x2 
 .text.UART_EndRxTransfer
                0x080108c0       0xcc build/stm32h7xx_hal_uart.o
 .text.UART_DMAReceiveCplt
                0x0801098c      0x128 build/stm32h7xx_hal_uart.o
 .text.UART_DMARxHalfCplt
                0x08010ab4       0x3e build/stm32h7xx_hal_uart.o
 .text.UART_DMAError
                0x08010af2       0x80 build/stm32h7xx_hal_uart.o
 .text.UART_DMAAbortOnError
                0x08010b72       0x24 build/stm32h7xx_hal_uart.o
 .text.UART_EndTransmit_IT
                0x08010b96       0x56 build/stm32h7xx_hal_uart.o
 .text.HAL_RS485Ex_Init
                0x08010bec       0xd4 build/stm32h7xx_hal_uart_ex.o
                0x08010bec                HAL_RS485Ex_Init
 .text.HAL_UARTEx_WakeupCallback
                0x08010cc0       0x14 build/stm32h7xx_hal_uart_ex.o
                0x08010cc0                HAL_UARTEx_WakeupCallback
 .text.HAL_UARTEx_RxFifoFullCallback
                0x08010cd4       0x14 build/stm32h7xx_hal_uart_ex.o
                0x08010cd4                HAL_UARTEx_RxFifoFullCallback
 .text.HAL_UARTEx_TxFifoEmptyCallback
                0x08010ce8       0x14 build/stm32h7xx_hal_uart_ex.o
                0x08010ce8                HAL_UARTEx_TxFifoEmptyCallback
 .text.HAL_UARTEx_DisableFifoMode
                0x08010cfc       0x72 build/stm32h7xx_hal_uart_ex.o
                0x08010cfc                HAL_UARTEx_DisableFifoMode
 .text.HAL_UARTEx_SetTxFifoThreshold
                0x08010d6e       0x7c build/stm32h7xx_hal_uart_ex.o
                0x08010d6e                HAL_UARTEx_SetTxFifoThreshold
 .text.HAL_UARTEx_SetRxFifoThreshold
                0x08010dea       0x7c build/stm32h7xx_hal_uart_ex.o
                0x08010dea                HAL_UARTEx_SetRxFifoThreshold
 .text.HAL_UARTEx_ReceiveToIdle_DMA
                0x08010e66       0xa8 build/stm32h7xx_hal_uart_ex.o
                0x08010e66                HAL_UARTEx_ReceiveToIdle_DMA
 *fill*         0x08010f0e        0x2 
 .text.UARTEx_SetNbDataToProcess
                0x08010f10       0x9c build/stm32h7xx_hal_uart_ex.o
 .text.HAL_IWDG_Init
                0x08010fac       0xa2 build/stm32h7xx_hal_iwdg.o
                0x08010fac                HAL_IWDG_Init
 .text.HAL_IWDG_Refresh
                0x0801104e       0x20 build/stm32h7xx_hal_iwdg.o
                0x0801104e                HAL_IWDG_Refresh
 *fill*         0x0801106e        0x2 
 .text.SystemInit
                0x08011070       0xf0 build/system_stm32h7xx.o
                0x08011070                SystemInit
 .text.USBD_Init
                0x08011160       0x60 build/usbd_core.o
                0x08011160                USBD_Init
 .text.USBD_RegisterClass
                0x080111c0       0x6c build/usbd_core.o
                0x080111c0                USBD_RegisterClass
 .text.USBD_Start
                0x0801122c       0x18 build/usbd_core.o
                0x0801122c                USBD_Start
 .text.USBD_RunTestMode
                0x08011244       0x16 build/usbd_core.o
                0x08011244                USBD_RunTestMode
 .text.USBD_SetClassConfig
                0x0801125a       0x38 build/usbd_core.o
                0x0801125a                USBD_SetClassConfig
 .text.USBD_ClrClassConfig
                0x08011292       0x34 build/usbd_core.o
                0x08011292                USBD_ClrClassConfig
 .text.USBD_LL_SetupStage
                0x080112c6       0xaa build/usbd_core.o
                0x080112c6                USBD_LL_SetupStage
 .text.USBD_LL_DataOutStage
                0x08011370      0x166 build/usbd_core.o
                0x08011370                USBD_LL_DataOutStage
 .text.USBD_LL_DataInStage
                0x080114d6      0x164 build/usbd_core.o
                0x080114d6                USBD_LL_DataInStage
 .text.USBD_LL_Reset
                0x0801163a       0xa4 build/usbd_core.o
                0x0801163a                USBD_LL_Reset
 .text.USBD_LL_SetSpeed
                0x080116de       0x20 build/usbd_core.o
                0x080116de                USBD_LL_SetSpeed
 .text.USBD_LL_Suspend
                0x080116fe       0x38 build/usbd_core.o
                0x080116fe                USBD_LL_Suspend
 .text.USBD_LL_Resume
                0x08011736       0x30 build/usbd_core.o
                0x08011736                USBD_LL_Resume
 .text.USBD_LL_SOF
                0x08011766       0x40 build/usbd_core.o
                0x08011766                USBD_LL_SOF
 .text.USBD_LL_IsoINIncomplete
                0x080117a6       0x64 build/usbd_core.o
                0x080117a6                USBD_LL_IsoINIncomplete
 .text.USBD_LL_IsoOUTIncomplete
                0x0801180a       0x64 build/usbd_core.o
                0x0801180a                USBD_LL_IsoOUTIncomplete
 .text.USBD_LL_DevConnected
                0x0801186e       0x16 build/usbd_core.o
                0x0801186e                USBD_LL_DevConnected
 .text.USBD_LL_DevDisconnected
                0x08011884       0x46 build/usbd_core.o
                0x08011884                USBD_LL_DevDisconnected
 .text.USBD_CoreFindIF
                0x080118ca       0x1a build/usbd_core.o
                0x080118ca                USBD_CoreFindIF
 .text.USBD_CoreFindEP
                0x080118e4       0x1a build/usbd_core.o
                0x080118e4                USBD_CoreFindEP
 .text.USBD_GetEpDesc
                0x080118fe       0x70 build/usbd_core.o
                0x080118fe                USBD_GetEpDesc
 .text.USBD_GetNextDesc
                0x0801196e       0x38 build/usbd_core.o
                0x0801196e                USBD_GetNextDesc
 .text.SWAPBYTE
                0x080119a6       0x3e build/usbd_ctlreq.o
 .text.USBD_StdDevReq
                0x080119e4       0xe4 build/usbd_ctlreq.o
                0x080119e4                USBD_StdDevReq
 .text.USBD_StdItfReq
                0x08011ac8       0xd8 build/usbd_ctlreq.o
                0x08011ac8                USBD_StdItfReq
 .text.USBD_StdEPReq
                0x08011ba0      0x33a build/usbd_ctlreq.o
                0x08011ba0                USBD_StdEPReq
 *fill*         0x08011eda        0x2 
 .text.USBD_GetDescriptor
                0x08011edc      0x328 build/usbd_ctlreq.o
 .text.USBD_SetAddress
                0x08012204       0x88 build/usbd_ctlreq.o
 .text.USBD_SetConfig
                0x0801228c      0x154 build/usbd_ctlreq.o
 .text.USBD_GetConfig
                0x080123e0       0x6c build/usbd_ctlreq.o
 .text.USBD_GetStatus
                0x0801244c       0x68 build/usbd_ctlreq.o
 .text.USBD_SetFeature
                0x080124b4       0x52 build/usbd_ctlreq.o
 .text.USBD_ClrFeature
                0x08012506       0x44 build/usbd_ctlreq.o
 .text.USBD_ParseSetupRequest
                0x0801254a       0x74 build/usbd_ctlreq.o
                0x0801254a                USBD_ParseSetupRequest
 .text.USBD_CtlError
                0x080125be       0x22 build/usbd_ctlreq.o
                0x080125be                USBD_CtlError
 .text.USBD_GetString
                0x080125e0       0xa4 build/usbd_ctlreq.o
                0x080125e0                USBD_GetString
 .text.USBD_GetLen
                0x08012684       0x34 build/usbd_ctlreq.o
 .text.USBD_CtlSendData
                0x080126b8       0x36 build/usbd_ioreq.o
                0x080126b8                USBD_CtlSendData
 .text.USBD_CtlContinueSendData
                0x080126ee       0x22 build/usbd_ioreq.o
                0x080126ee                USBD_CtlContinueSendData
 .text.USBD_CtlPrepareRx
                0x08012710       0x3a build/usbd_ioreq.o
                0x08012710                USBD_CtlPrepareRx
 .text.USBD_CtlContinueRx
                0x0801274a       0x22 build/usbd_ioreq.o
                0x0801274a                USBD_CtlContinueRx
 .text.USBD_CtlSendStatus
                0x0801276c       0x26 build/usbd_ioreq.o
                0x0801276c                USBD_CtlSendStatus
 .text.USBD_CtlReceiveStatus
                0x08012792       0x26 build/usbd_ioreq.o
                0x08012792                USBD_CtlReceiveStatus
 .text.USBD_CDC_Init
                0x080127b8      0x1f0 build/usbd_cdc.o
 .text.USBD_CDC_DeInit
                0x080129a8      0x104 build/usbd_cdc.o
 .text.USBD_CDC_Setup
                0x08012aac      0x1b8 build/usbd_cdc.o
 .text.USBD_CDC_DataIn
                0x08012c64       0xfe build/usbd_cdc.o
 .text.USBD_CDC_DataOut
                0x08012d62       0x70 build/usbd_cdc.o
 .text.USBD_CDC_EP0_RxReady
                0x08012dd2       0x74 build/usbd_cdc.o
 *fill*         0x08012e46        0x2 
 .text.USBD_CDC_GetFSCfgDesc
                0x08012e48       0x70 build/usbd_cdc.o
 .text.USBD_CDC_GetHSCfgDesc
                0x08012eb8       0x70 build/usbd_cdc.o
 .text.USBD_CDC_GetOtherSpeedCfgDesc
                0x08012f28       0x70 build/usbd_cdc.o
 .text.USBD_CDC_GetDeviceQualifierDescriptor
                0x08012f98       0x20 build/usbd_cdc.o
                0x08012f98                USBD_CDC_GetDeviceQualifierDescriptor
 .text.USBD_CDC_RegisterInterface
                0x08012fb8       0x34 build/usbd_cdc.o
                0x08012fb8                USBD_CDC_RegisterInterface
 .text.USBD_CDC_SetTxBuffer
                0x08012fec       0x44 build/usbd_cdc.o
                0x08012fec                USBD_CDC_SetTxBuffer
 .text.USBD_CDC_SetRxBuffer
                0x08013030       0x3a build/usbd_cdc.o
                0x08013030                USBD_CDC_SetRxBuffer
 *fill*         0x0801306a        0x2 
 .text.USBD_CDC_TransmitPacket
                0x0801306c       0x80 build/usbd_cdc.o
                0x0801306c                USBD_CDC_TransmitPacket
 .text.USBD_CDC_ReceivePacket
                0x080130ec       0x6c build/usbd_cdc.o
                0x080130ec                USBD_CDC_ReceivePacket
 .text.vApplicationIdleHook
                0x08013158        0xe build/freertos.o
                0x08013158                vApplicationIdleHook
 *fill*         0x08013166        0x2 
 .text.MX_FREERTOS_Init
                0x08013168      0x104 build/freertos.o
                0x08013168                MX_FREERTOS_Init
 .text.Remote_control_Task
                0x0801326c       0x1a build/freertos.o
                0x0801326c                Remote_control_Task
 .text.Arm_MT_Task
                0x08013286       0x16 build/freertos.o
                0x08013286                Arm_MT_Task
 .text.Lift_control_Task
                0x0801329c       0x20 build/freertos.o
                0x0801329c                Lift_control_Task
 .text.Motor_control_Task
                0x080132bc       0x16 build/freertos.o
                0x080132bc                Motor_control_Task
 .text.Head_Task
                0x080132d2       0x1a build/freertos.o
                0x080132d2                Head_Task
 .text.Arm_update_Task
                0x080132ec       0x16 build/freertos.o
                0x080132ec                Arm_update_Task
 .text.Log_and_debug_Task
                0x08013302       0x62 build/freertos.o
                0x08013302                Log_and_debug_Task
 .text.Arm_SV_Task
                0x08013364       0x16 build/freertos.o
                0x08013364                Arm_SV_Task
 .text.PC_Comm_Task
                0x0801337a       0x10 build/freertos.o
                0x0801337a                PC_Comm_Task
 .text.vListInitialise
                0x0801338a       0x40 build/list.o
                0x0801338a                vListInitialise
 .text.vListInitialiseItem
                0x080133ca       0x1a build/list.o
                0x080133ca                vListInitialiseItem
 .text.vListInsertEnd
                0x080133e4       0x48 build/list.o
                0x080133e4                vListInsertEnd
 .text.vListInsert
                0x0801342c       0x72 build/list.o
                0x0801342c                vListInsert
 .text.uxListRemove
                0x0801349e       0x54 build/list.o
                0x0801349e                uxListRemove
 *fill*         0x080134f2        0x2 
 .text.xQueueGenericReset
                0x080134f4       0xd4 build/queue.o
                0x080134f4                xQueueGenericReset
 .text.xQueueGenericCreateStatic
                0x080135c8       0xfa build/queue.o
                0x080135c8                xQueueGenericCreateStatic
 .text.prvInitialiseNewQueue
                0x080136c2       0x46 build/queue.o
 .text.xQueueGenericSend
                0x08013708      0x204 build/queue.o
                0x08013708                xQueueGenericSend
 .text.xQueueGenericSendFromISR
                0x0801390c      0x13c build/queue.o
                0x0801390c                xQueueGenericSendFromISR
 .text.xQueueReceive
                0x08013a48      0x1c4 build/queue.o
                0x08013a48                xQueueReceive
 .text.prvCopyDataToQueue
                0x08013c0c       0xd4 build/queue.o
 .text.prvCopyDataFromQueue
                0x08013ce0       0x4c build/queue.o
 .text.prvUnlockQueue
                0x08013d2c       0xa4 build/queue.o
 .text.prvIsQueueEmpty
                0x08013dd0       0x2c build/queue.o
 .text.prvIsQueueFull
                0x08013dfc       0x30 build/queue.o
 .text.vQueueAddToRegistry
                0x08013e2c       0x54 build/queue.o
                0x08013e2c                vQueueAddToRegistry
 .text.vQueueWaitForMessageRestricted
                0x08013e80       0x68 build/queue.o
                0x08013e80                vQueueWaitForMessageRestricted
 .text.xTaskCreateStatic
                0x08013ee8       0xc0 build/tasks.o
                0x08013ee8                xTaskCreateStatic
 .text.xTaskCreate
                0x08013fa8       0x8a build/tasks.o
                0x08013fa8                xTaskCreate
 .text.prvInitialiseNewTask
                0x08014032      0x120 build/tasks.o
 *fill*         0x08014152        0x2 
 .text.prvAddNewTaskToReadyList
                0x08014154       0xe0 build/tasks.o
 .text.vTaskDelay
                0x08014234       0x6c build/tasks.o
                0x08014234                vTaskDelay
 .text.vTaskStartScheduler
                0x080142a0       0xd0 build/tasks.o
                0x080142a0                vTaskStartScheduler
 .text.vTaskSuspendAll
                0x08014370       0x1c build/tasks.o
                0x08014370                vTaskSuspendAll
 .text.xTaskResumeAll
                0x0801438c      0x13c build/tasks.o
                0x0801438c                xTaskResumeAll
 .text.xTaskGetTickCount
                0x080144c8       0x20 build/tasks.o
                0x080144c8                xTaskGetTickCount
 .text.xTaskIncrementTick
                0x080144e8      0x174 build/tasks.o
                0x080144e8                xTaskIncrementTick
 .text.vTaskSwitchContext
                0x0801465c       0xbc build/tasks.o
                0x0801465c                vTaskSwitchContext
 .text.vTaskPlaceOnEventList
                0x08014718       0x4c build/tasks.o
                0x08014718                vTaskPlaceOnEventList
 .text.vTaskPlaceOnEventListRestricted
                0x08014764       0x58 build/tasks.o
                0x08014764                vTaskPlaceOnEventListRestricted
 .text.xTaskRemoveFromEventList
                0x080147bc       0xc8 build/tasks.o
                0x080147bc                xTaskRemoveFromEventList
 .text.vTaskInternalSetTimeOutState
                0x08014884       0x2c build/tasks.o
                0x08014884                vTaskInternalSetTimeOutState
 .text.xTaskCheckForTimeOut
                0x080148b0       0xc8 build/tasks.o
                0x080148b0                xTaskCheckForTimeOut
 .text.vTaskMissedYield
                0x08014978       0x18 build/tasks.o
                0x08014978                vTaskMissedYield
 .text.prvIdleTask
                0x08014990       0x34 build/tasks.o
 .text.prvInitialiseTaskLists
                0x080149c4       0x80 build/tasks.o
 .text.prvCheckTasksWaitingTermination
                0x08014a44       0x5c build/tasks.o
 .text.prvDeleteTCB
                0x08014aa0       0x60 build/tasks.o
 .text.prvResetNextTaskUnblockTime
                0x08014b00       0x40 build/tasks.o
 .text.xTaskGetSchedulerState
                0x08014b40       0x3c build/tasks.o
                0x08014b40                xTaskGetSchedulerState
 .text.xTaskPriorityDisinherit
                0x08014b7c       0xe0 build/tasks.o
                0x08014b7c                xTaskPriorityDisinherit
 .text.prvAddCurrentTaskToDelayedList
                0x08014c5c       0xa8 build/tasks.o
 .text.xTimerCreateTimerTask
                0x08014d04       0x94 build/timers.o
                0x08014d04                xTimerCreateTimerTask
 .text.xTimerGenericCommand
                0x08014d98       0x9c build/timers.o
                0x08014d98                xTimerGenericCommand
 .text.prvProcessExpiredTimer
                0x08014e34       0x9c build/timers.o
 .text.prvTimerTask
                0x08014ed0       0x26 build/timers.o
 *fill*         0x08014ef6        0x2 
 .text.prvProcessTimerOrBlockTask
                0x08014ef8       0x9c build/timers.o
 .text.prvGetNextExpireTime
                0x08014f94       0x48 build/timers.o
 .text.prvSampleTimeNow
                0x08014fdc       0x40 build/timers.o
 .text.prvInsertTimerInActiveList
                0x0801501c       0x84 build/timers.o
 .text.prvProcessReceivedCommands
                0x080150a0      0x1cc build/timers.o
 .text.prvSwitchTimerLists
                0x0801526c       0xcc build/timers.o
 .text.prvCheckForValidListAndQueue
                0x08015338       0x80 build/timers.o
 .text.__NVIC_SetPriority
                0x080153b8       0x54 build/cmsis_os2.o
 .text.SysTick_Handler
                0x0801540c       0x20 build/cmsis_os2.o
                0x0801540c                SysTick_Handler
 .text.SVC_Setup
                0x0801542c       0x12 build/cmsis_os2.o
 *fill*         0x0801543e        0x2 
 .text.osKernelInitialize
                0x08015440       0x48 build/cmsis_os2.o
                0x08015440                osKernelInitialize
 .text.osKernelStart
                0x08015488       0x4c build/cmsis_os2.o
                0x08015488                osKernelStart
 .text.osThreadNew
                0x080154d4      0x124 build/cmsis_os2.o
                0x080154d4                osThreadNew
 .text.osDelay  0x080155f8       0x36 build/cmsis_os2.o
                0x080155f8                osDelay
 *fill*         0x0801562e        0x2 
 .text.vApplicationGetIdleTaskMemory
                0x08015630       0x34 build/cmsis_os2.o
                0x08015630                vApplicationGetIdleTaskMemory
 .text.vApplicationGetTimerTaskMemory
                0x08015664       0x34 build/cmsis_os2.o
                0x08015664                vApplicationGetTimerTaskMemory
 .text.pvPortMalloc
                0x08015698      0x19c build/heap_4.o
                0x08015698                pvPortMalloc
 .text.vPortFree
                0x08015834       0xc8 build/heap_4.o
                0x08015834                vPortFree
 .text.prvHeapInit
                0x080158fc       0xc4 build/heap_4.o
 .text.prvInsertBlockIntoFreeList
                0x080159c0       0xb4 build/heap_4.o
 .text.pxPortInitialiseStack
                0x08015a74       0x68 build/port.o
                0x08015a74                pxPortInitialiseStack
 .text.prvTaskExitError
                0x08015adc       0x5c build/port.o
 *fill*         0x08015b38        0x8 
 .text.SVC_Handler
                0x08015b40       0x28 build/port.o
                0x08015b40                SVC_Handler
 .text.prvPortStartFirstTask
                0x08015b68       0x28 build/port.o
 .text.xPortStartScheduler
                0x08015b90      0x148 build/port.o
                0x08015b90                xPortStartScheduler
 .text.vPortEnterCritical
                0x08015cd8       0x64 build/port.o
                0x08015cd8                vPortEnterCritical
 .text.vPortExitCritical
                0x08015d3c       0x54 build/port.o
                0x08015d3c                vPortExitCritical
 .text.PendSV_Handler
                0x08015d90       0x68 build/port.o
                0x08015d90                PendSV_Handler
 .text.xPortSysTickHandler
                0x08015df8       0x44 build/port.o
                0x08015df8                xPortSysTickHandler
 .text.vPortSetupTimerInterrupt
                0x08015e3c       0x48 build/port.o
                0x08015e3c                vPortSetupTimerInterrupt
 .text.vPortEnableVFP
                0x08015e84       0x14 build/port.o
 .text.vPortValidateInterruptPriority
                0x08015e98       0x84 build/port.o
                0x08015e98                vPortValidateInterruptPriority
 .text._sbrk    0x08015f1c       0x6c build/sysmem.o
                0x08015f1c                _sbrk
 .text._getpid  0x08015f88       0x10 build/syscalls.o
                0x08015f88                _getpid
 .text._kill    0x08015f98       0x20 build/syscalls.o
                0x08015f98                _kill
 .text._exit    0x08015fb8       0x16 build/syscalls.o
                0x08015fb8                _exit
 .text._read    0x08015fce       0x3a build/syscalls.o
                0x08015fce                _read
 .text._write   0x08016008       0x38 build/syscalls.o
                0x08016008                _write
 .text._close   0x08016040       0x18 build/syscalls.o
                0x08016040                _close
 .text._fstat   0x08016058       0x20 build/syscalls.o
                0x08016058                _fstat
 .text._isatty  0x08016078       0x16 build/syscalls.o
                0x08016078                _isatty
 .text._lseek   0x0801608e       0x1a build/syscalls.o
                0x0801608e                _lseek
 .text.MX_GPIO_Init
                0x080160a8      0x2b8 build/gpio.o
                0x080160a8                MX_GPIO_Init
 .text.MX_DMA_Init
                0x08016360      0x100 build/dma.o
                0x08016360                MX_DMA_Init
 .text.MX_FDCAN1_Init
                0x08016460      0x11c build/fdcan.o
                0x08016460                MX_FDCAN1_Init
 .text.MX_FDCAN2_Init
                0x0801657c      0x120 build/fdcan.o
                0x0801657c                MX_FDCAN2_Init
 .text.MX_FDCAN3_Init
                0x0801669c      0x120 build/fdcan.o
                0x0801669c                MX_FDCAN3_Init
 .text.HAL_FDCAN_MspInit
                0x080167bc      0x2b0 build/fdcan.o
                0x080167bc                HAL_FDCAN_MspInit
 .text.HAL_FDCAN_MspDeInit
                0x08016a6c       0xf4 build/fdcan.o
                0x08016a6c                HAL_FDCAN_MspDeInit
 .text.MX_SPI2_Init
                0x08016b60       0xb0 build/spi.o
                0x08016b60                MX_SPI2_Init
 .text.MX_SPI6_Init
                0x08016c10       0xb4 build/spi.o
                0x08016c10                MX_SPI6_Init
 .text.HAL_SPI_MspInit
                0x08016cc4      0x2c0 build/spi.o
                0x08016cc4                HAL_SPI_MspInit
 .text.MX_TIM3_Init
                0x08016f84       0xb4 build/tim.o
                0x08016f84                MX_TIM3_Init
 .text.MX_TIM12_Init
                0x08017038       0xec build/tim.o
                0x08017038                MX_TIM12_Init
 .text.MX_TIM13_Init
                0x08017124       0x48 build/tim.o
                0x08017124                MX_TIM13_Init
 .text.MX_TIM14_Init
                0x0801716c       0x48 build/tim.o
                0x0801716c                MX_TIM14_Init
 .text.HAL_TIM_PWM_MspInit
                0x080171b4       0x44 build/tim.o
                0x080171b4                HAL_TIM_PWM_MspInit
 .text.HAL_TIM_Base_MspInit
                0x080171f8       0xcc build/tim.o
                0x080171f8                HAL_TIM_Base_MspInit
 .text.HAL_TIM_MspPostInit
                0x080172c4       0xc4 build/tim.o
                0x080172c4                HAL_TIM_MspPostInit
 .text.MX_UART5_Init
                0x08017388       0xa0 build/usart.o
                0x08017388                MX_UART5_Init
 .text.MX_UART7_Init
                0x08017428       0x98 build/usart.o
                0x08017428                MX_UART7_Init
 .text.MX_USART1_UART_Init
                0x080174c0       0x98 build/usart.o
                0x080174c0                MX_USART1_UART_Init
 .text.MX_USART3_UART_Init
                0x08017558       0xa0 build/usart.o
                0x08017558                MX_USART3_UART_Init
 .text.MX_USART10_UART_Init
                0x080175f8       0x98 build/usart.o
                0x080175f8                MX_USART10_UART_Init
 .text.HAL_UART_MspInit
                0x08017690      0x8e4 build/usart.o
                0x08017690                HAL_UART_MspInit
 .text.BMI088_init
                0x08017f74       0x38 build/BMI088driver.o
                0x08017f74                BMI088_init
 .text.bmi088_accel_init
                0x08017fac      0x170 build/BMI088driver.o
                0x08017fac                bmi088_accel_init
 .text.bmi088_gyro_init
                0x0801811c      0x130 build/BMI088driver.o
                0x0801811c                bmi088_gyro_init
 .text.BMI088_read
                0x0801824c      0x1d4 build/BMI088driver.o
                0x0801824c                BMI088_read
 .text.BMI088_write_single_reg
                0x08018420       0x28 build/BMI088driver.o
 .text.BMI088_read_single_reg
                0x08018448       0x30 build/BMI088driver.o
 .text.BMI088_read_muli_reg
                0x08018478       0x4a build/BMI088driver.o
 .text.BMI088_GPIO_init
                0x080184c2        0xe build/BMI088Middleware.o
                0x080184c2                BMI088_GPIO_init
 .text.BMI088_com_init
                0x080184d0        0xe build/BMI088Middleware.o
                0x080184d0                BMI088_com_init
 .text.BMI088_delay_ms
                0x080184de       0x28 build/BMI088Middleware.o
                0x080184de                BMI088_delay_ms
 *fill*         0x08018506        0x2 
 .text.BMI088_delay_us
                0x08018508       0x28 build/BMI088Middleware.o
                0x08018508                BMI088_delay_us
 .text.BMI088_ACCEL_NS_L
                0x08018530       0x18 build/BMI088Middleware.o
                0x08018530                BMI088_ACCEL_NS_L
 .text.BMI088_ACCEL_NS_H
                0x08018548       0x18 build/BMI088Middleware.o
                0x08018548                BMI088_ACCEL_NS_H
 .text.BMI088_GYRO_NS_L
                0x08018560       0x18 build/BMI088Middleware.o
                0x08018560                BMI088_GYRO_NS_L
 .text.BMI088_GYRO_NS_H
                0x08018578       0x18 build/BMI088Middleware.o
                0x08018578                BMI088_GYRO_NS_H
 .text.BMI088_read_write_byte
                0x08018590       0x2c build/BMI088Middleware.o
                0x08018590                BMI088_read_write_byte
 .text.WS2812_Ctrl
                0x080185bc       0xf4 build/ws2812.o
                0x080185bc                WS2812_Ctrl
 .text.AHRS_get_height
                0x080186b0       0x22 build/AHRS_middleware.o
                0x080186b0                AHRS_get_height
 *fill*         0x080186d2        0x2 
 .text.AHRS_get_latitude
                0x080186d4       0x24 build/AHRS_middleware.o
                0x080186d4                AHRS_get_latitude
 .text.AHRS_invSqrt
                0x080186f8       0x2c build/AHRS_middleware.o
                0x080186f8                AHRS_invSqrt
 .text.AHRS_sinf
                0x08018724       0x2c build/AHRS_middleware.o
                0x08018724                AHRS_sinf
 .text.AHRS_cosf
                0x08018750       0x2c build/AHRS_middleware.o
                0x08018750                AHRS_cosf
 .text.AHRS_asinf
                0x0801877c       0x20 build/AHRS_middleware.o
                0x0801877c                AHRS_asinf
 .text.AHRS_atan2f
                0x0801879c       0x28 build/AHRS_middleware.o
                0x0801879c                AHRS_atan2f
 .text.fifo_s_init
                0x080187c4       0x44 build/fifo.o
                0x080187c4                fifo_s_init
 .text.fifo_s_puts
                0x08018808       0xfa build/fifo.o
                0x08018808                fifo_s_puts
 .text.fifo_s_gets
                0x08018902       0xfa build/fifo.o
                0x08018902                fifo_s_gets
 .text.pid_set  0x080189fc       0x46 build/pid.o
                0x080189fc                pid_set
 .text.pid_cal  0x08018a42      0x160 build/pid.o
                0x08018a42                pid_cal
 *fill*         0x08018ba2        0x2 
 .text.uart_init
                0x08018ba4       0x88 build/UART_data_txrx.o
                0x08018ba4                uart_init
 .text.UART_DMA_rxtx_start
                0x08018c2c      0x18c build/UART_data_txrx.o
                0x08018c2c                UART_DMA_rxtx_start
 .text.HAL_UARTEx_RxEventCallback
                0x08018db8      0x2e4 build/UART_data_txrx.o
                0x08018db8                HAL_UARTEx_RxEventCallback
 .text.HAL_UART_RxCpltCallback
                0x0801909c       0x14 build/UART_data_txrx.o
                0x0801909c                HAL_UART_RxCpltCallback
 .text.HAL_UART_ErrorCallback
                0x080190b0      0x558 build/UART_data_txrx.o
                0x080190b0                HAL_UART_ErrorCallback
 .text.can_init
                0x08019608        0xe build/CAN_receive_send.o
                0x08019608                can_init
 .text.canx_send_data
                0x08019616       0xaa build/CAN_receive_send.o
                0x08019616                canx_send_data
 .text.canx_send_ext_data
                0x080196c0       0xaa build/CAN_receive_send.o
                0x080196c0                canx_send_ext_data
 *fill*         0x0801976a        0x2 
 .text.HAL_FDCAN_RxFifo0Callback
                0x0801976c      0x190 build/CAN_receive_send.o
                0x0801976c                HAL_FDCAN_RxFifo0Callback
 .text.HAL_FDCAN_ErrorCallback
                0x080198fc       0x84 build/CAN_receive_send.o
                0x080198fc                HAL_FDCAN_ErrorCallback
 .text.Get_sys_time_ms
                0x08019980        0xe build/Stm32_time.o
                0x08019980                Get_sys_time_ms
 .text.uint_to_float
                0x0801998e       0x64 build/dm4310_drv.o
                0x0801998e                uint_to_float
 .text.arm_motor_init
                0x080199f2       0x28 build/dm4310_drv.o
                0x080199f2                arm_motor_init
 .text.enable_motor_mode
                0x08019a1a       0x58 build/dm4310_drv.o
                0x08019a1a                enable_motor_mode
 .text.damiao_fbdata
                0x08019a72       0xf4 build/dm4310_drv.o
                0x08019a72                damiao_fbdata
 *fill*         0x08019b66        0x2 
 .text.ktech_motor_init
                0x08019b68       0x64 build/ktech_motor.o
                0x08019b68                ktech_motor_init
 .text.send_cmd
                0x08019bcc       0x2a build/ktech_motor.o
 .text.ktech_motor_on
                0x08019bf6       0x2a build/ktech_motor.o
                0x08019bf6                ktech_motor_on
 .text.ktech_pos_single2
                0x08019c20       0x5e build/ktech_motor.o
                0x08019c20                ktech_pos_single2
 *fill*         0x08019c7e        0x2 
 .text.ktech_parse_motor_fb
                0x08019c80      0x3bc build/ktech_motor.o
                0x08019c80                ktech_parse_motor_fb
 .text.uint16_to_float_lz
                0x0801a03c       0x74 build/Robstride04.o
                0x0801a03c                uint16_to_float_lz
 .text.Byte_to_float
                0x0801a0b0       0x4a build/Robstride04.o
                0x0801a0b0                Byte_to_float
 .text.mapFaults
                0x0801a0fa       0xac build/Robstride04.o
                0x0801a0fa                mapFaults
 .text.RobStride_Motor_Init
                0x0801a1a6       0x44 build/Robstride04.o
                0x0801a1a6                RobStride_Motor_Init
 *fill*         0x0801a1ea        0x2 
 .text.RobStride_Motor_Analysis
                0x0801a1ec      0x428 build/Robstride04.o
                0x0801a1ec                RobStride_Motor_Analysis
 .text.RobStride_Motor_MIT_Enable
                0x0801a614       0x6e build/Robstride04.o
                0x0801a614                RobStride_Motor_MIT_Enable
 .text.RobStride_Motor_MIT_PositionControl
                0x0801a682       0x52 build/Robstride04.o
                0x0801a682                RobStride_Motor_MIT_PositionControl
 .text.RobStride_Motor_CSP_control
                0x0801a6d4       0xc2 build/Robstride04.o
                0x0801a6d4                RobStride_Motor_CSP_control
 .text.Enable_Motor
                0x0801a796       0x5c build/Robstride04.o
                0x0801a796                Enable_Motor
 .text.Set_RobStride_Motor_parameter
                0x0801a7f2       0xc4 build/Robstride04.o
                0x0801a7f2                Set_RobStride_Motor_parameter
 .text.Get_RobStride_Motor_parameter
                0x0801a8b6       0x60 build/Robstride04.o
                0x0801a8b6                Get_RobStride_Motor_parameter
 .text.RobStride_Motor_ProactiveEscalationSet
                0x0801a916       0x7c build/Robstride04.o
                0x0801a916                RobStride_Motor_ProactiveEscalationSet
 .text.data_read_write_init
                0x0801a992       0x9a build/Robstride04.o
                0x0801a992                data_read_write_init
 .text.send_command
                0x0801aa2c       0x38 build/DrEmpower_can.o
                0x0801aa2c                send_command
 .text.DrRobot_ParseFbData
                0x0801aa64       0xb4 build/DrEmpower_can.o
                0x0801aa64                DrRobot_ParseFbData
 .text.SERVO_DELAY_US
                0x0801ab18       0x2c build/DrEmpower_can.o
                0x0801ab18                SERVO_DELAY_US
 .text.receive_data
                0x0801ab44       0x4c build/DrEmpower_can.o
                0x0801ab44                receive_data
 .text.uint16_to_data
                0x0801ab90       0x2e build/DrEmpower_can.o
 .text.data_to_uint16
                0x0801abbe       0x28 build/DrEmpower_can.o
 .text.uint_to_data
                0x0801abe6       0x42 build/DrEmpower_can.o
 .text.data_to_uint
                0x0801ac28       0x3a build/DrEmpower_can.o
 .text.int16_to_data
                0x0801ac62       0x28 build/DrEmpower_can.o
 .text.data_to_int16
                0x0801ac8a       0x2e build/DrEmpower_can.o
 .text.int_to_data
                0x0801acb8       0x36 build/DrEmpower_can.o
 .text.data_to_int
                0x0801acee       0x44 build/DrEmpower_can.o
 .text.float_to_data
                0x0801ad32       0x38 build/DrEmpower_can.o
 .text.data_to_float
                0x0801ad6a       0x4a build/DrEmpower_can.o
 .text.byte2value
                0x0801adb4      0x15c build/DrEmpower_can.o
                0x0801adb4                byte2value
 .text.value2byte
                0x0801af10      0x19c build/DrEmpower_can.o
                0x0801af10                value2byte
 .text.format_data
                0x0801b0ac       0xb4 build/DrEmpower_can.o
                0x0801b0ac                format_data
 .text.reply_state
                0x0801b160      0x164 build/DrEmpower_can.o
                0x0801b160                reply_state
 .text.set_angle
                0x0801b2c4      0x254 build/DrEmpower_can.o
                0x0801b2c4                set_angle
 .text.set_mode
                0x0801b518       0x48 build/DrEmpower_can.o
                0x0801b518                set_mode
 .text.write_property
                0x0801b560       0x80 build/DrEmpower_can.o
                0x0801b560                write_property
 .text.clear_error
                0x0801b5e0       0x70 build/DrEmpower_can.o
                0x0801b5e0                clear_error
 .text.Arm_Init
                0x0801b650      0x24c build/arm.o
                0x0801b650                Arm_Init
 .text.Arm_Linzu_motor1
                0x0801b89c       0x30 build/arm.o
                0x0801b89c                Arm_Linzu_motor1
 .text.Arm_Linzu_motor2
                0x0801b8cc       0x30 build/arm.o
                0x0801b8cc                Arm_Linzu_motor2
 .text.Arm_Linzu_motor3
                0x0801b8fc       0x30 build/arm.o
                0x0801b8fc                Arm_Linzu_motor3
 .text.Arm_Daran_motor1
                0x0801b92c       0x38 build/arm.o
                0x0801b92c                Arm_Daran_motor1
 .text.Arm_Daran_motor2
                0x0801b964       0x38 build/arm.o
                0x0801b964                Arm_Daran_motor2
 .text.Arm_Daran_motor3
                0x0801b99c       0x38 build/arm.o
                0x0801b99c                Arm_Daran_motor3
 .text.Arm_Linzu_Data_update
                0x0801b9d4       0x50 build/arm.o
                0x0801b9d4                Arm_Linzu_Data_update
 .text.Arm_Daran_Data_update
                0x0801ba24       0x48 build/arm.o
                0x0801ba24                Arm_Daran_Data_update
 .text.Arm_All_Data_update
                0x0801ba6c       0x16 build/arm.o
                0x0801ba6c                Arm_All_Data_update
 *fill*         0x0801ba82        0x2 
 .text.Arm_all_tx
                0x0801ba84       0x5c build/arm.o
                0x0801ba84                Arm_all_tx
 .text.STP23L_ClearOkFlag
                0x0801bae0       0x18 build/lift_control.o
 .text.Lift_Init
                0x0801baf8       0x20 build/lift_control.o
                0x0801baf8                Lift_Init
 .text.Lift_RefreshHeight
                0x0801bb18       0x28 build/lift_control.o
                0x0801bb18                Lift_RefreshHeight
 .text.Motor_Stop
                0x0801bb40       0x20 build/lift_control.o
 .text.Pump_Init
                0x0801bb60       0x90 build/pump_control.o
                0x0801bb60                Pump_Init
 .text.Pump_Off
                0x0801bbf0       0x24 build/pump_control.o
                0x0801bbf0                Pump_Off
 .text.Head_Init
                0x0801bc14       0x58 build/head.o
                0x0801bc14                Head_Init
 .text.Head_Lk_motor1
                0x0801bc6c       0x5c build/head.o
                0x0801bc6c                Head_Lk_motor1
 .text.Head_Lk_motor2
                0x0801bcc8       0x5c build/head.o
                0x0801bcc8                Head_Lk_motor2
 .text.Head_all_tx
                0x0801bd24       0x16 build/head.o
                0x0801bd24                Head_all_tx
 *fill*         0x0801bd3a        0x2 
 .text.Head_Lk_Data_update
                0x0801bd3c       0x8c build/head.o
                0x0801bd3c                Head_Lk_Data_update
 .text.IMU_init
                0x0801bdc8       0xb8 build/IMU_updata.o
                0x0801bdc8                IMU_init
 .text.IMU_updata
                0x0801be80      0x25c build/IMU_updata.o
                0x0801be80                IMU_updata
 .text.IMU_heat_set
                0x0801c0dc       0x24 build/IMU_updata.o
                0x0801c0dc                IMU_heat_set
 .text.imu_temp_control
                0x0801c100       0x64 build/IMU_updata.o
 .text.set_sv_duty
                0x0801c164       0x3c build/arm_sv.o
 .text.ARM_SV_Init
                0x0801c1a0       0x74 build/arm_sv.o
                0x0801c1a0                ARM_SV_Init
 .text.ARM_SV_SetDuty0
                0x0801c214       0x1c build/arm_sv.o
                0x0801c214                ARM_SV_SetDuty0
 .text.ARM_SV_SetDuty1
                0x0801c230       0x1c build/arm_sv.o
                0x0801c230                ARM_SV_SetDuty1
 .text.ARM_SV_SetDuty2
                0x0801c24c       0x1c build/arm_sv.o
                0x0801c24c                ARM_SV_SetDuty2
 .text.ARM_SV_SetDuty3
                0x0801c268       0x1c build/arm_sv.o
                0x0801c268                ARM_SV_SetDuty3
 .text.ARM_SV_SetDuty4
                0x0801c284       0x1c build/arm_sv.o
                0x0801c284                ARM_SV_SetDuty4
 .text.ARM_SV_SetDuty5
                0x0801c2a0       0x1c build/arm_sv.o
                0x0801c2a0                ARM_SV_SetDuty5
 .text.ARM_SV_GetAllDuties
                0x0801c2bc       0x50 build/arm_sv.o
                0x0801c2bc                ARM_SV_GetAllDuties
 .text.ARM_SV_Tx_Rx
                0x0801c30c       0x84 build/arm_sv.o
                0x0801c30c                ARM_SV_Tx_Rx
 .text.hexToRGB
                0x0801c390       0x36 build/LED.o
                0x0801c390                hexToRGB
 .text.LEDshowcolor
                0x0801c3c6       0x2e build/LED.o
                0x0801c3c6                LEDshowcolor
 .text.update_sbus
                0x0801c3f4      0x31e build/Sbus.o
                0x0801c3f4                update_sbus
 *fill*         0x0801c712        0x2 
 .text.STP23L_GetFinalDistPerFrame
                0x0801c714       0xd4 build/stp23l.o
                0x0801c714                STP23L_GetFinalDistPerFrame
 .text.Buzzer_init
                0x0801c7e8       0x24 build/buzzer.o
                0x0801c7e8                Buzzer_init
 .text.PCA9685_Write
                0x0801c80c       0x38 build/bsp_pca9685.o
 .text.PCA9685_Read
                0x0801c844       0x38 build/bsp_pca9685.o
 .text.PCA9685_setPWM
                0x0801c87c       0x64 build/bsp_pca9685.o
 .text.PCA9685_setFreq
                0x0801c8e0       0xc8 build/bsp_pca9685.o
 .text.PCA9685_Init
                0x0801c9a8       0x42 build/bsp_pca9685.o
                0x0801c9a8                PCA9685_Init
 *fill*         0x0801c9ea        0x2 
 .text.PCA9685_SetDuty
                0x0801c9ec       0x80 build/bsp_pca9685.o
                0x0801c9ec                PCA9685_SetDuty
 .text.remote_control_init
                0x0801ca6c        0xe build/remote_control.o
                0x0801ca6c                remote_control_init
 *fill*         0x0801ca7a        0x2 
 .text.Pump_Control_Updata
                0x0801ca7c       0x44 build/remote_control.o
                0x0801ca7c                Pump_Control_Updata
 .text.Head_Motor_Control_Updata
                0x0801cac0       0xf0 build/remote_control.o
                0x0801cac0                Head_Motor_Control_Updata
 .text.VirCom_send
                0x0801cbb0       0x34 build/USB_VirCom.o
                0x0801cbb0                VirCom_send
 .text.VirCom_rev
                0x0801cbe4       0x18 build/USB_VirCom.o
                0x0801cbe4                VirCom_rev
 .text.__io_putchar
                0x0801cbfc       0x1c build/USB_VirCom.o
                0x0801cbfc                __io_putchar
 .text.Music_init
                0x0801cc18        0xc build/music.o
                0x0801cc18                Music_init
 .text.MX_I2C2_Init
                0x0801cc24       0x80 build/i2c.o
                0x0801cc24                MX_I2C2_Init
 .text.HAL_I2C_MspInit
                0x0801cca4       0xd4 build/i2c.o
                0x0801cca4                HAL_I2C_MspInit
 .text.Reset_Handler
                0x0801cd78       0x50 build/startup_stm32h723xx.o
                0x0801cd78                Reset_Handler
 .text.Default_Handler
                0x0801cdc8        0x2 build/startup_stm32h723xx.o
                0x0801cdc8                RTC_Alarm_IRQHandler
                0x0801cdc8                EXTI2_IRQHandler
                0x0801cdc8                TIM8_CC_IRQHandler
                0x0801cdc8                UART8_IRQHandler
                0x0801cdc8                SPI4_IRQHandler
                0x0801cdc8                TIM1_CC_IRQHandler
                0x0801cdc8                BDMA_Channel6_IRQHandler
                0x0801cdc8                DMA2_Stream5_IRQHandler
                0x0801cdc8                CORDIC_IRQHandler
                0x0801cdc8                BDMA_Channel1_IRQHandler
                0x0801cdc8                TAMP_STAMP_IRQHandler
                0x0801cdc8                EXTI3_IRQHandler
                0x0801cdc8                LPTIM4_IRQHandler
                0x0801cdc8                LPTIM2_IRQHandler
                0x0801cdc8                DFSDM1_FLT1_IRQHandler
                0x0801cdc8                DMAMUX2_OVR_IRQHandler
                0x0801cdc8                I2C3_ER_IRQHandler
                0x0801cdc8                DFSDM1_FLT2_IRQHandler
                0x0801cdc8                I2C5_EV_IRQHandler
                0x0801cdc8                MDMA_IRQHandler
                0x0801cdc8                LPTIM3_IRQHandler
                0x0801cdc8                HSEM1_IRQHandler
                0x0801cdc8                EXTI0_IRQHandler
                0x0801cdc8                I2C2_EV_IRQHandler
                0x0801cdc8                FPU_IRQHandler
                0x0801cdc8                OTG_HS_WKUP_IRQHandler
                0x0801cdc8                LTDC_ER_IRQHandler
                0x0801cdc8                DMA2_Stream2_IRQHandler
                0x0801cdc8                SPI1_IRQHandler
                0x0801cdc8                OCTOSPI1_IRQHandler
                0x0801cdc8                TIM6_DAC_IRQHandler
                0x0801cdc8                OCTOSPI2_IRQHandler
                0x0801cdc8                DFSDM1_FLT3_IRQHandler
                0x0801cdc8                USART6_IRQHandler
                0x0801cdc8                TIM17_IRQHandler
                0x0801cdc8                BDMA_Channel7_IRQHandler
                0x0801cdc8                LPTIM5_IRQHandler
                0x0801cdc8                ADC3_IRQHandler
                0x0801cdc8                TIM4_IRQHandler
                0x0801cdc8                BDMA_Channel2_IRQHandler
                0x0801cdc8                I2C1_EV_IRQHandler
                0x0801cdc8                DMAMUX1_OVR_IRQHandler
                0x0801cdc8                TIM16_IRQHandler
                0x0801cdc8                UART4_IRQHandler
                0x0801cdc8                BDMA_Channel5_IRQHandler
                0x0801cdc8                TIM3_IRQHandler
                0x0801cdc8                RCC_IRQHandler
                0x0801cdc8                UART9_IRQHandler
                0x0801cdc8                TIM1_TRG_COM_IRQHandler
                0x0801cdc8                Default_Handler
                0x0801cdc8                ECC_IRQHandler
                0x0801cdc8                FMAC_IRQHandler
                0x0801cdc8                CEC_IRQHandler
                0x0801cdc8                EXTI15_10_IRQHandler
                0x0801cdc8                BDMA_Channel0_IRQHandler
                0x0801cdc8                ADC_IRQHandler
                0x0801cdc8                I2C5_ER_IRQHandler
                0x0801cdc8                SPI5_IRQHandler
                0x0801cdc8                TIM7_IRQHandler
                0x0801cdc8                SDMMC1_IRQHandler
                0x0801cdc8                TIM5_IRQHandler
                0x0801cdc8                DMA2_Stream7_IRQHandler
                0x0801cdc8                TIM15_IRQHandler
                0x0801cdc8                PVD_AVD_IRQHandler
                0x0801cdc8                I2C3_EV_IRQHandler
                0x0801cdc8                EXTI9_5_IRQHandler
                0x0801cdc8                RTC_WKUP_IRQHandler
                0x0801cdc8                LTDC_IRQHandler
                0x0801cdc8                ETH_WKUP_IRQHandler
                0x0801cdc8                SPDIF_RX_IRQHandler
                0x0801cdc8                OTG_HS_EP1_IN_IRQHandler
                0x0801cdc8                TIM24_IRQHandler
                0x0801cdc8                CRS_IRQHandler
                0x0801cdc8                EXTI4_IRQHandler
                0x0801cdc8                RNG_IRQHandler
                0x0801cdc8                ETH_IRQHandler
                0x0801cdc8                TIM1_UP_IRQHandler
                0x0801cdc8                BDMA_Channel4_IRQHandler